../Core/Src/main.c:169:6:SystemClock_Config	88	static,ignoring_inline_asm
../Core/Src/main.c:112:5:main	56	static,ignoring_inline_asm
../Core/Src/main.c:367:6:keyboard_read_config	8	static
../Core/Src/main.c:371:9:keyboard_write_config	16	static
../Core/Src/main.c:388:6:keyboard_select_amux	24	static
../Core/Src/main.c:395:6:keyboard_select_adc	8	static
../Core/Src/main.c:402:10:keyboard_read_adc	8	static
../Core/Src/main.c:406:6:keyboard_close_adc	0	static
../Core/Src/main.c:410:10:keyboard_get_time	0	static
../Core/Src/main.c:422:6:Error_Handler	0	static,ignoring_inline_asm
