../Core/Src/cdc.c:40:6:cdc_performance_measure	104	static
../Core/Src/cdc.c:54:6:cdc_task	104	static
../Core/Src/cdc.c:118:13:cdc_write_string_chunked	40	static
../Core/Src/cdc.c:145:13:cdc_write_flush_wait	16	static
../Core/Src/cdc.c:156:13:start_streaming	8	static
../Core/Src/cdc.c:162:13:stop_streaming	4	static
../Core/Src/cdc.c:166:13:handle_streaming	544	static
../Core/Src/cdc.c:215:13:process_command	96	static
../Core/Src/cdc.c:319:13:print_help	8	static
../Core/Src/cdc.c:336:13:print_config	136	static
../Core/Src/cdc.c:359:13:set_config_value	88	static
../Core/Src/cdc.c:386:13:print_keymap	688	static
../Core/Src/cdc.c:433:13:set_keymap_value	112	static
../Core/Src/cdc.c:448:13:set_macro_keymap_value	176	static
../Core/Src/cdc.c:469:13:save_config	8	static
../Core/Src/cdc.c:477:13:load_config	8	static
../Core/Src/cdc.c:484:13:reset_config	8	static
../Core/Src/cdc.c:494:21:get_user_config	4	static
../Core/Src/cdc.c:498:6:tud_cdc_line_state_cb	24	static
../Core/Src/cdc.c:515:6:tud_cdc_rx_cb	16	static
