../Core/Src/cdc.c:42:6:cdc_performance_measure	104	static
../Core/Src/cdc.c:56:6:cdc_task	104	static
../Core/Src/cdc.c:121:13:cdc_write_string_chunked	40	static
../Core/Src/cdc.c:148:13:cdc_write_flush_wait	16	static
../Core/Src/cdc.c:159:13:start_streaming	8	static
../Core/Src/cdc.c:165:13:stop_streaming	4	static
../Core/Src/cdc.c:169:13:handle_streaming	544	static
../Core/Src/cdc.c:218:13:process_command	128	static
../Core/Src/cdc.c:364:13:print_key_config	640	static
../Core/Src/cdc.c:405:13:print_help	8	static
../Core/Src/cdc.c:426:13:set_key_param	160	static
../Core/Src/cdc.c:447:13:print_config	136	static
../Core/Src/cdc.c:470:13:set_config_value	88	static
../Core/Src/cdc.c:498:13:print_keymap	688	static
../Core/Src/cdc.c:545:13:set_keymap_value	112	static
../Core/Src/cdc.c:560:13:set_macro_keymap_value	176	static
../Core/Src/cdc.c:581:13:save_config	8	static
../Core/Src/cdc.c:589:13:load_config	8	static
../Core/Src/cdc.c:596:13:reset_config	8	static
../Core/Src/cdc.c:606:21:get_user_config	4	static
../Core/Src/cdc.c:610:6:tud_cdc_line_state_cb	24	static
../Core/Src/cdc.c:627:6:tud_cdc_rx_cb	16	static
