../Core/Src/cdc.c:32:6:cdc_performance_measure	104	static
../Core/Src/cdc.c:45:6:cdc_task	104	static
../Core/Src/cdc.c:89:13:cdc_write_string_chunked	40	static
../Core/Src/cdc.c:116:13:cdc_write_flush_wait	16	static
../Core/Src/cdc.c:127:13:process_command	96	static
../Core/Src/cdc.c:229:13:print_help	8	static
../Core/Src/cdc.c:245:13:print_config	136	static
../Core/Src/cdc.c:271:13:set_config_value	88	static
../Core/Src/cdc.c:300:13:print_keymap	688	static
../Core/Src/cdc.c:347:13:set_keymap_value	112	static
../Core/Src/cdc.c:362:13:set_macro_keymap_value	176	static
../Core/Src/cdc.c:383:13:save_config	8	static
../Core/Src/cdc.c:391:13:load_config	8	static
../Core/Src/cdc.c:398:13:reset_config	8	static
../Core/Src/cdc.c:408:21:get_user_config	4	static
../Core/Src/cdc.c:412:6:tud_cdc_line_state_cb	24	static
../Core/Src/cdc.c:429:6:tud_cdc_rx_cb	16	static
