../Core/Src/cdc.c:32:6:cdc_performance_measure	104	static
../Core/Src/cdc.c:46:6:cdc_task	104	static
../Core/Src/cdc.c:90:13:cdc_write_string_chunked	40	static
../Core/Src/cdc.c:117:13:cdc_write_flush_wait	16	static
../Core/Src/cdc.c:128:13:process_command	96	static
../Core/Src/cdc.c:230:13:print_help	8	static
../Core/Src/cdc.c:246:13:print_config	136	static
../Core/Src/cdc.c:272:13:set_config_value	88	static
../Core/Src/cdc.c:301:13:print_keymap	688	static
../Core/Src/cdc.c:348:13:set_keymap_value	112	static
../Core/Src/cdc.c:363:13:set_macro_keymap_value	176	static
../Core/Src/cdc.c:384:13:save_config	8	static
../Core/Src/cdc.c:392:13:load_config	8	static
../Core/Src/cdc.c:399:13:reset_config	8	static
../Core/Src/cdc.c:409:21:get_user_config	4	static
../Core/Src/cdc.c:413:6:tud_cdc_line_state_cb	24	static
../Core/Src/cdc.c:430:6:tud_cdc_rx_cb	16	static
