../Core/Src/cdc.c:41:6:cdc_performance_measure	104	static
../Core/Src/cdc.c:55:6:cdc_task	104	static
../Core/Src/cdc.c:120:13:cdc_write_string_chunked	40	static
../Core/Src/cdc.c:147:13:cdc_write_flush_wait	16	static
../Core/Src/cdc.c:158:13:start_streaming	8	static
../Core/Src/cdc.c:164:13:stop_streaming	4	static
../Core/Src/cdc.c:168:13:handle_streaming	544	static
../Core/Src/cdc.c:217:13:process_command	96	static
../Core/Src/cdc.c:323:13:print_help	8	static
../Core/Src/cdc.c:340:13:print_config	136	static
../Core/Src/cdc.c:363:13:set_config_value	88	static
../Core/Src/cdc.c:391:13:print_keymap	688	static
../Core/Src/cdc.c:438:13:set_keymap_value	112	static
../Core/Src/cdc.c:453:13:set_macro_keymap_value	176	static
../Core/Src/cdc.c:474:13:save_config	8	static
../Core/Src/cdc.c:482:13:load_config	8	static
../Core/Src/cdc.c:489:13:reset_config	8	static
../Core/Src/cdc.c:499:21:get_user_config	4	static
../Core/Src/cdc.c:503:6:tud_cdc_line_state_cb	24	static
../Core/Src/cdc.c:520:6:tud_cdc_rx_cb	16	static
