../Core/Src/cdc.c:28:6:cdc_task	104	static
../Core/Src/cdc.c:72:13:cdc_write_string_chunked	40	static
../Core/Src/cdc.c:98:13:cdc_write_flush_wait	16	static
../Core/Src/cdc.c:109:13:process_command	64	static
../Core/Src/cdc.c:183:13:print_help	8	static
../Core/Src/cdc.c:198:13:print_config	136	static
../Core/Src/cdc.c:224:13:set_config_value	88	static
../Core/Src/cdc.c:259:13:print_keymap	424	static
../Core/Src/cdc.c:285:13:set_keymap_value	104	static
../Core/Src/cdc.c:296:13:save_config	8	static
../Core/Src/cdc.c:304:13:load_config	8	static
../Core/Src/cdc.c:311:13:reset_config	8	static
../Core/Src/cdc.c:321:21:get_user_config	4	static
../Core/Src/cdc.c:325:6:tud_cdc_line_state_cb	24	static
../Core/Src/cdc.c:341:6:tud_cdc_rx_cb	16	static
