../Core/Src/main.c:98:5:main	224	static
../Core/Src/main.c:314:6:SystemClock_Config	88	static
../Core/Src/main.c:356:13:MX_ADC1_Init	24	static
../Core/Src/main.c:406:13:MX_I2C1_Init	8	static
../Core/Src/main.c:437:13:MX_USB_OTG_FS_PCD_Init	8	static
../Core/Src/main.c:469:13:MX_GPIO_Init	40	static
../Core/Src/main.c:497:6:keyboard_read_config	8	static
../Core/Src/main.c:501:9:keyboard_write_config	32	static
../Core/Src/main.c:518:6:keyboard_select_amux	24	static
../Core/Src/main.c:525:6:keyboard_select_adc	16	static
../Core/Src/main.c:532:10:keyboard_read_adc	8	static
../Core/Src/main.c:536:6:keyboard_close_adc	8	static
../Core/Src/main.c:540:10:keyboard_get_time	8	static
../Core/Src/main.c:550:6:Error_Handler	4	static,ignoring_inline_asm
