../Core/Src/ssd1306.c:8:6:ssd1306_Reset	4	static
../Core/Src/ssd1306.c:13:6:ssd1306_WriteCommand	32	static
../Core/Src/ssd1306.c:18:6:ssd1306_WriteData	32	static
../Core/Src/ssd1306.c:62:17:ssd1306_FillBuffer	24	static
../Core/Src/ssd1306.c:72:6:ssd1306_Init	8	static
../Core/Src/ssd1306.c:174:6:ssd1306_Fill	16	static
../Core/Src/ssd1306.c:182:6:ssd1306_UpdateScreen	40	static
../Core/Src/ssd1306.c:238:6:ssd1306_DrawPixel	16	static
../Core/Src/ssd1306.c:258:6:ssd1306_WriteChar	48	static
../Core/Src/ssd1306.c:295:6:ssd1306_WriteString	32	static
../Core/Src/ssd1306.c:309:6:ssd1306_SetCursor	16	static
../Core/Src/ssd1306.c:315:6:ssd1306_Line	48	static
../Core/Src/ssd1306.c:342:6:ssd1306_Polyline	40	static
../Core/Src/ssd1306.c:356:14:ssd1306_DegToRad	16	static
../Core/Src/ssd1306.c:361:17:ssd1306_NormalizeTo0_360	24	static
../Core/Src/ssd1306.c:377:6:ssd1306_DrawArc	64	static
../Core/Src/ssd1306.c:417:6:ssd1306_DrawArcWithRadiusLine	72	static
../Core/Src/ssd1306.c:460:6:ssd1306_DrawCircle	40	static
../Core/Src/ssd1306.c:495:6:ssd1306_FillCircle	48	static
../Core/Src/ssd1306.c:531:6:ssd1306_DrawRectangle	32	static
../Core/Src/ssd1306.c:541:6:ssd1306_FillRectangle	32	static
../Core/Src/ssd1306.c:555:17:ssd1306_InvertRectangle	32	static
../Core/Src/ssd1306.c:586:6:ssd1306_DrawBitmap	24	static
../Core/Src/ssd1306.c:610:6:ssd1306_SetContrast	24	static
../Core/Src/ssd1306.c:616:6:ssd1306_SetDisplayOn	24	static
../Core/Src/ssd1306.c:628:9:ssd1306_GetDisplayOn	4	static
../Core/Src/ssd1306.c:632:6:ssd1306_FlipScreen	16	static
