../Core/Src/ssd1306.c:8:6:ssd1306_Reset	4	static
../Core/Src/ssd1306.c:13:6:ssd1306_WriteCommand	32	static
../Core/Src/ssd1306.c:18:6:ssd1306_WriteData	32	static
../Core/Src/ssd1306.c:62:17:ssd1306_FillBuffer	24	static
../Core/Src/ssd1306.c:72:6:ssd1306_Init	8	static
../Core/Src/ssd1306.c:174:6:ssd1306_Fill	16	static
../Core/Src/ssd1306.c:182:6:ssd1306_UpdateScreen	40	static
../Core/Src/ssd1306.c:240:6:ssd1306_DrawPixel	16	static
../Core/Src/ssd1306.c:260:6:ssd1306_WriteChar	48	static
../Core/Src/ssd1306.c:297:6:ssd1306_WriteString	32	static
../Core/Src/ssd1306.c:311:6:ssd1306_SetCursor	16	static
../Core/Src/ssd1306.c:317:6:ssd1306_Line	48	static
../Core/Src/ssd1306.c:344:6:ssd1306_Polyline	40	static
../Core/Src/ssd1306.c:358:14:ssd1306_DegToRad	16	static
../Core/Src/ssd1306.c:363:17:ssd1306_NormalizeTo0_360	24	static
../Core/Src/ssd1306.c:379:6:ssd1306_DrawArc	64	static
../Core/Src/ssd1306.c:419:6:ssd1306_DrawArcWithRadiusLine	72	static
../Core/Src/ssd1306.c:462:6:ssd1306_DrawCircle	40	static
../Core/Src/ssd1306.c:497:6:ssd1306_FillCircle	48	static
../Core/Src/ssd1306.c:533:6:ssd1306_DrawRectangle	32	static
../Core/Src/ssd1306.c:543:6:ssd1306_FillRectangle	32	static
../Core/Src/ssd1306.c:557:17:ssd1306_InvertRectangle	32	static
../Core/Src/ssd1306.c:588:6:ssd1306_DrawBitmap	24	static
../Core/Src/ssd1306.c:612:6:ssd1306_SetContrast	24	static
../Core/Src/ssd1306.c:618:6:ssd1306_SetDisplayOn	24	static
../Core/Src/ssd1306.c:630:9:ssd1306_GetDisplayOn	4	static
../Core/Src/ssd1306.c:634:6:ssd1306_FlipScreen	16	static
