../Drivers/CMSIS/Include/core_cm4.h:1684:22:__NVIC_EnableIRQ	16	static,ignoring_inline_asm
../Drivers/CMSIS/Include/core_cm4.h:1722:22:__NVIC_DisableIRQ	16	static,ignoring_inline_asm
../tinyusb/src/portable/synopsys/dwc2/dcd_dwc2.c:115:13:dma_setup_prepare	24	static
../tinyusb/src/portable/synopsys/dwc2/dcd_dwc2.c:181:13:dfifo_alloc	72	static,ignoring_inline_asm
../tinyusb/src/portable/synopsys/dwc2/dcd_dwc2.c:229:13:dfifo_device_init	40	static
../tinyusb/src/portable/synopsys/dwc2/dcd_dwc2.c:250:13:edpt_activate	48	static
../tinyusb/src/portable/synopsys/dwc2/dcd_dwc2.c:276:13:edpt_disable	40	static
../tinyusb/src/portable/synopsys/dwc2/dcd_dwc2.c:329:13:edpt_schedule_packets	72	static
../tinyusb/src/portable/synopsys/dwc2/dcd_dwc2.c:390:6:dcd_init	56	static,ignoring_inline_asm
../tinyusb/src/portable/synopsys/dwc2/dcd_dwc2.c:446:6:dcd_int_enable	24	static
../tinyusb/src/portable/synopsys/dwc2/dcd_dwc2.c:450:6:dcd_int_disable	24	static
../tinyusb/src/portable/synopsys/dwc2/dcd_dwc2.c:454:6:dcd_set_address	24	static
../tinyusb/src/portable/synopsys/dwc2/dcd_dwc2.c:462:6:dcd_remote_wakeup	32	static,ignoring_inline_asm
../tinyusb/src/portable/synopsys/dwc2/dcd_dwc2.c:480:6:dcd_connect	24	static
../tinyusb/src/portable/synopsys/dwc2/dcd_dwc2.c:497:6:dcd_disconnect	24	static
../tinyusb/src/portable/synopsys/dwc2/dcd_dwc2.c:515:6:dcd_sof_enable	24	static
../tinyusb/src/portable/synopsys/dwc2/dcd_dwc2.c:533:6:dcd_edpt_open	24	static,ignoring_inline_asm
../tinyusb/src/portable/synopsys/dwc2/dcd_dwc2.c:540:6:dcd_edpt_close_all	48	static
../tinyusb/src/portable/synopsys/dwc2/dcd_dwc2.c:568:6:dcd_edpt_iso_alloc	24	static,ignoring_inline_asm
../tinyusb/src/portable/synopsys/dwc2/dcd_dwc2.c:573:6:dcd_edpt_iso_activate	16	static
../tinyusb/src/portable/synopsys/dwc2/dcd_dwc2.c:580:6:dcd_edpt_xfer	32	static
../tinyusb/src/portable/synopsys/dwc2/dcd_dwc2.c:614:6:dcd_edpt_xfer_fifo	32	static,ignoring_inline_asm
../tinyusb/src/portable/synopsys/dwc2/dcd_dwc2.c:643:6:dcd_edpt_stall	32	static
../tinyusb/src/portable/synopsys/dwc2/dcd_dwc2.c:651:6:dcd_edpt_clear_stall	32	static
../tinyusb/src/portable/synopsys/dwc2/dcd_dwc2.c:668:13:handle_bus_reset	64	static
../tinyusb/src/portable/synopsys/dwc2/dcd_dwc2.c:720:13:handle_enum_done	48	static
../tinyusb/src/portable/synopsys/dwc2/dcd_dwc2.c:764:13:handle_rxflvl_irq	56	static
../tinyusb/src/portable/synopsys/dwc2/dcd_dwc2.c:831:13:handle_epout_slave	64	static
../tinyusb/src/portable/synopsys/dwc2/dcd_dwc2.c:855:13:handle_epin_slave	80	static
../tinyusb/src/portable/synopsys/dwc2/dcd_dwc2.c:964:13:handle_ep_irq	64	static
../tinyusb/src/portable/synopsys/dwc2/dcd_dwc2.c:1018:6:dcd_int_handler	104	static
