Archive member included to satisfy reference by file (symbol)

C:/ST/STM32CubeIDE_1.17.0/STM32CubeIDE/plugins/com.st.stm32cube.ide.mcu.externaltools.gnu-tools-for-stm32.13.3.rel1.win32_1.0.0.202411081344/tools/bin/../lib/gcc/arm-none-eabi/13.3.1/../../../../arm-none-eabi/lib/thumb/v7e-m+fp/hard\libc_nano.a(libc_a-atoi.o)
                              ./Core/Src/cdc.o (atoi)
C:/ST/STM32CubeIDE_1.17.0/STM32CubeIDE/plugins/com.st.stm32cube.ide.mcu.externaltools.gnu-tools-for-stm32.13.3.rel1.win32_1.0.0.202411081344/tools/bin/../lib/gcc/arm-none-eabi/13.3.1/../../../../arm-none-eabi/lib/thumb/v7e-m+fp/hard\libc_nano.a(libc_a-exit.o)
                              C:/ST/STM32CubeIDE_1.17.0/STM32CubeIDE/plugins/com.st.stm32cube.ide.mcu.externaltools.gnu-tools-for-stm32.13.3.rel1.win32_1.0.0.202411081344/tools/bin/../lib/gcc/arm-none-eabi/13.3.1/../../../../arm-none-eabi/lib/thumb/v7e-m+fp/hard/crt0.o (exit)
C:/ST/STM32CubeIDE_1.17.0/STM32CubeIDE/plugins/com.st.stm32cube.ide.mcu.externaltools.gnu-tools-for-stm32.13.3.rel1.win32_1.0.0.202411081344/tools/bin/../lib/gcc/arm-none-eabi/13.3.1/../../../../arm-none-eabi/lib/thumb/v7e-m+fp/hard\libc_nano.a(libc_a-strtol.o)
                              C:/ST/STM32CubeIDE_1.17.0/STM32CubeIDE/plugins/com.st.stm32cube.ide.mcu.externaltools.gnu-tools-for-stm32.13.3.rel1.win32_1.0.0.202411081344/tools/bin/../lib/gcc/arm-none-eabi/13.3.1/../../../../arm-none-eabi/lib/thumb/v7e-m+fp/hard\libc_nano.a(libc_a-atoi.o) (_strtol_r)
C:/ST/STM32CubeIDE_1.17.0/STM32CubeIDE/plugins/com.st.stm32cube.ide.mcu.externaltools.gnu-tools-for-stm32.13.3.rel1.win32_1.0.0.202411081344/tools/bin/../lib/gcc/arm-none-eabi/13.3.1/../../../../arm-none-eabi/lib/thumb/v7e-m+fp/hard\libc_nano.a(libc_a-ctype_.o)
                              C:/ST/STM32CubeIDE_1.17.0/STM32CubeIDE/plugins/com.st.stm32cube.ide.mcu.externaltools.gnu-tools-for-stm32.13.3.rel1.win32_1.0.0.202411081344/tools/bin/../lib/gcc/arm-none-eabi/13.3.1/../../../../arm-none-eabi/lib/thumb/v7e-m+fp/hard\libc_nano.a(libc_a-strtol.o) (_ctype_)
C:/ST/STM32CubeIDE_1.17.0/STM32CubeIDE/plugins/com.st.stm32cube.ide.mcu.externaltools.gnu-tools-for-stm32.13.3.rel1.win32_1.0.0.202411081344/tools/bin/../lib/gcc/arm-none-eabi/13.3.1/../../../../arm-none-eabi/lib/thumb/v7e-m+fp/hard\libc_nano.a(libc_a-findfp.o)
                              C:/ST/STM32CubeIDE_1.17.0/STM32CubeIDE/plugins/com.st.stm32cube.ide.mcu.externaltools.gnu-tools-for-stm32.13.3.rel1.win32_1.0.0.202411081344/tools/bin/../lib/gcc/arm-none-eabi/13.3.1/../../../../arm-none-eabi/lib/thumb/v7e-m+fp/hard\libc_nano.a(libc_a-exit.o) (__stdio_exit_handler)
C:/ST/STM32CubeIDE_1.17.0/STM32CubeIDE/plugins/com.st.stm32cube.ide.mcu.externaltools.gnu-tools-for-stm32.13.3.rel1.win32_1.0.0.202411081344/tools/bin/../lib/gcc/arm-none-eabi/13.3.1/../../../../arm-none-eabi/lib/thumb/v7e-m+fp/hard\libc_nano.a(libc_a-fwalk.o)
                              C:/ST/STM32CubeIDE_1.17.0/STM32CubeIDE/plugins/com.st.stm32cube.ide.mcu.externaltools.gnu-tools-for-stm32.13.3.rel1.win32_1.0.0.202411081344/tools/bin/../lib/gcc/arm-none-eabi/13.3.1/../../../../arm-none-eabi/lib/thumb/v7e-m+fp/hard\libc_nano.a(libc_a-findfp.o) (_fwalk_sglue)
C:/ST/STM32CubeIDE_1.17.0/STM32CubeIDE/plugins/com.st.stm32cube.ide.mcu.externaltools.gnu-tools-for-stm32.13.3.rel1.win32_1.0.0.202411081344/tools/bin/../lib/gcc/arm-none-eabi/13.3.1/../../../../arm-none-eabi/lib/thumb/v7e-m+fp/hard\libc_nano.a(libc_a-printf.o)
                              ./Core/Src/keyboard.o (printf)
C:/ST/STM32CubeIDE_1.17.0/STM32CubeIDE/plugins/com.st.stm32cube.ide.mcu.externaltools.gnu-tools-for-stm32.13.3.rel1.win32_1.0.0.202411081344/tools/bin/../lib/gcc/arm-none-eabi/13.3.1/../../../../arm-none-eabi/lib/thumb/v7e-m+fp/hard\libc_nano.a(libc_a-snprintf.o)
                              ./Core/Src/cdc.o (snprintf)
C:/ST/STM32CubeIDE_1.17.0/STM32CubeIDE/plugins/com.st.stm32cube.ide.mcu.externaltools.gnu-tools-for-stm32.13.3.rel1.win32_1.0.0.202411081344/tools/bin/../lib/gcc/arm-none-eabi/13.3.1/../../../../arm-none-eabi/lib/thumb/v7e-m+fp/hard\libc_nano.a(libc_a-sprintf.o)
                              ./Core/Src/main.o (sprintf)
C:/ST/STM32CubeIDE_1.17.0/STM32CubeIDE/plugins/com.st.stm32cube.ide.mcu.externaltools.gnu-tools-for-stm32.13.3.rel1.win32_1.0.0.202411081344/tools/bin/../lib/gcc/arm-none-eabi/13.3.1/../../../../arm-none-eabi/lib/thumb/v7e-m+fp/hard\libc_nano.a(libc_a-stdio.o)
                              C:/ST/STM32CubeIDE_1.17.0/STM32CubeIDE/plugins/com.st.stm32cube.ide.mcu.externaltools.gnu-tools-for-stm32.13.3.rel1.win32_1.0.0.202411081344/tools/bin/../lib/gcc/arm-none-eabi/13.3.1/../../../../arm-none-eabi/lib/thumb/v7e-m+fp/hard\libc_nano.a(libc_a-findfp.o) (__sread)
C:/ST/STM32CubeIDE_1.17.0/STM32CubeIDE/plugins/com.st.stm32cube.ide.mcu.externaltools.gnu-tools-for-stm32.13.3.rel1.win32_1.0.0.202411081344/tools/bin/../lib/gcc/arm-none-eabi/13.3.1/../../../../arm-none-eabi/lib/thumb/v7e-m+fp/hard\libc_nano.a(libc_a-memset.o)
[...]
Memory Configuration

Name             Origin             Length             Attributes
RAM              0x20000000         0x00020000         xrw
FLASH            0x08000000         0x00080000         xr
DATA             0x08040000         0x00020000         xrw
*default*        0x00000000         0xffffffff

Linker script and memory map

LOAD C:/ST/STM32CubeIDE_1.17.0/STM32CubeIDE/plugins/com.st.stm32cube.ide.mcu.externaltools.gnu-tools-for-stm32.13.3.rel1.win32_1.0.0.202411081344/tools/bin/../lib/gcc/arm-none-eabi/13.3.1/thumb/v7e-m+fp/hard/crti.o
LOAD C:/ST/STM32CubeIDE_1.17.0/STM32CubeIDE/plugins/com.st.stm32cube.ide.mcu.externaltools.gnu-tools-for-stm32.13.3.rel1.win32_1.0.0.202411081344/tools/bin/../lib/gcc/arm-none-eabi/13.3.1/thumb/v7e-m+fp/hard/crtbegin.o
LOAD C:/ST/STM32CubeIDE_1.17.0/STM32CubeIDE/plugins/com.st.stm32cube.ide.mcu.externaltools.gnu-tools-for-stm32.13.3.rel1.win32_1.0.0.202411081344/tools/bin/../lib/gcc/arm-none-eabi/13.3.1/../../../../arm-none-eabi/lib/thumb/v7e-m+fp/hard/crt0.o
LOAD ./Core/Src/cdc.o
LOAD ./Core/Src/config.o
LOAD ./Core/Src/hid.o
LOAD ./Core/Src/keyboard.o
LOAD ./Core/Src/main.o
LOAD ./Core/Src/ssd1306.o
LOAD ./Core/Src/ssd1306_fonts.o
LOAD ./Core/Src/stm32f4xx_hal_msp.o
LOAD ./Core/Src/stm32f4xx_it.o
LOAD ./Core/Src/syscalls.o
LOAD ./Core/Src/sysmem.o
LOAD ./Core/Src/system_stm32f4xx.o
LOAD ./Core/Src/usb_descriptors.o
LOAD ./Core/Startup/startup_stm32f411ceux.o
LOAD ./Drivers/STM32F4xx_HAL_Driver/Src/stm32f4xx_hal.o
LOAD ./Drivers/STM32F4xx_HAL_Driver/Src/stm32f4xx_hal_adc.o
LOAD ./Drivers/STM32F4xx_HAL_Driver/Src/stm32f4xx_hal_adc_ex.o
LOAD ./Drivers/STM32F4xx_HAL_Driver/Src/stm32f4xx_hal_cortex.o
LOAD ./Drivers/STM32F4xx_HAL_Driver/Src/stm32f4xx_hal_dma.o
LOAD ./Drivers/STM32F4xx_HAL_Driver/Src/stm32f4xx_hal_dma_ex.o
LOAD ./Drivers/STM32F4xx_HAL_Driver/Src/stm32f4xx_hal_exti.o
LOAD ./Drivers/STM32F4xx_HAL_Driver/Src/stm32f4xx_hal_flash.o
LOAD ./Drivers/STM32F4xx_HAL_Driver/Src/stm32f4xx_hal_flash_ex.o
LOAD ./Drivers/STM32F4xx_HAL_Driver/Src/stm32f4xx_hal_flash_ramfunc.o
LOAD ./Drivers/STM32F4xx_HAL_Driver/Src/stm32f4xx_hal_gpio.o
LOAD ./Drivers/STM32F4xx_HAL_Driver/Src/stm32f4xx_hal_i2c.o
LOAD ./Drivers/STM32F4xx_HAL_Driver/Src/stm32f4xx_hal_i2c_ex.o
LOAD ./Drivers/STM32F4xx_HAL_Driver/Src/stm32f4xx_hal_pcd.o
LOAD ./Drivers/STM32F4xx_HAL_Driver/Src/stm32f4xx_hal_pcd_ex.o
LOAD ./Drivers/STM32F4xx_HAL_Driver/Src/stm32f4xx_hal_pwr.o
LOAD ./Drivers/STM32F4xx_HAL_Driver/Src/stm32f4xx_hal_pwr_ex.o
LOAD ./Drivers/STM32F4xx_HAL_Driver/Src/stm32f4xx_hal_rcc.o
LOAD ./Drivers/STM32F4xx_HAL_Driver/Src/stm32f4xx_hal_rcc_ex.o
LOAD ./Drivers/STM32F4xx_HAL_Driver/Src/stm32f4xx_hal_tim.o
LOAD ./Drivers/STM32F4xx_HAL_Driver/Src/stm32f4xx_hal_tim_ex.o
LOAD ./Drivers/STM32F4xx_HAL_Driver/Src/stm32f4xx_ll_adc.o
LOAD ./Drivers/STM32F4xx_HAL_Driver/Src/stm32f4xx_ll_usb.o
LOAD ./tinyusb/src/class/audio/audio_device.o
LOAD ./tinyusb/src/class/bth/bth_device.o
LOAD ./tinyusb/src/class/cdc/cdc_device.o
LOAD ./tinyusb/src/class/cdc/cdc_host.o
LOAD ./tinyusb/src/class/cdc/cdc_rndis_host.o
LOAD ./tinyusb/src/class/dfu/dfu_device.o
LOAD ./tinyusb/src/class/dfu/dfu_rt_device.o
LOAD ./tinyusb/src/class/hid/hid_device.o
LOAD ./tinyusb/src/class/hid/hid_host.o
LOAD ./tinyusb/src/class/midi/midi_device.o
LOAD ./tinyusb/src/class/midi/midi_host.o
LOAD ./tinyusb/src/class/msc/msc_device.o
LOAD ./tinyusb/src/class/msc/msc_host.o
LOAD ./tinyusb/src/class/net/ecm_rndis_device.o
LOAD ./tinyusb/src/class/net/ncm_device.o
LOAD ./tinyusb/src/class/usbtmc/usbtmc_device.o
LOAD ./tinyusb/src/class/vendor/vendor_device.o
LOAD ./tinyusb/src/class/vendor/vendor_host.o
LOAD ./tinyusb/src/class/video/video_device.o
LOAD ./tinyusb/src/common/tusb_fifo.o
LOAD ./tinyusb/src/device/usbd.o
LOAD ./tinyusb/src/device/usbd_control.o
LOAD ./tinyusb/src/host/hub.o
LOAD ./tinyusb/src/host/usbh.o
LOAD ./tinyusb/src/portable/analog/max3421/hcd_max3421.o
LOAD ./tinyusb/src/portable/bridgetek/ft9xx/dcd_ft9xx.o
LOAD ./tinyusb/src/portable/chipidea/ci_fs/dcd_ci_fs.o
LOAD ./tinyusb/src/portable/chipidea/ci_hs/dcd_ci_hs.o
LOAD ./tinyusb/src/portable/chipidea/ci_hs/hcd_ci_hs.o
LOAD ./tinyusb/src/portable/dialog/da146xx/dcd_da146xx.o
LOAD ./tinyusb/src/portable/ehci/ehci.o
LOAD ./tinyusb/src/portable/espressif/esp32sx/dcd_esp32sx.o
LOAD ./tinyusb/src/portable/mentor/musb/dcd_musb.o
LOAD ./tinyusb/src/portable/mentor/musb/hcd_musb.o
LOAD ./tinyusb/src/portable/microchip/pic/dcd_pic.o
LOAD ./tinyusb/src/portable/microchip/pic32mz/dcd_pic32mz.o
LOAD ./tinyusb/src/portable/microchip/samd/dcd_samd.o
LOAD ./tinyusb/src/portable/microchip/samg/dcd_samg.o
LOAD ./tinyusb/src/portable/microchip/samx7x/dcd_samx7x.o
LOAD ./tinyusb/src/portable/mindmotion/mm32/dcd_mm32f327x_otg.o
LOAD ./tinyusb/src/portable/nordic/nrf5x/dcd_nrf5x.o
LOAD ./tinyusb/src/portable/nuvoton/nuc120/dcd_nuc120.o
LOAD ./tinyusb/src/portable/nuvoton/nuc121/dcd_nuc121.o
LOAD ./tinyusb/src/portable/nuvoton/nuc505/dcd_nuc505.o
LOAD ./tinyusb/src/portable/nxp/khci/dcd_khci.o
LOAD ./tinyusb/src/portable/nxp/khci/hcd_khci.o
LOAD ./tinyusb/src/portable/nxp/lpc17_40/dcd_lpc17_40.o
LOAD ./tinyusb/src/portable/nxp/lpc17_40/hcd_lpc17_40.o
LOAD ./tinyusb/src/portable/nxp/lpc_ip3511/dcd_lpc_ip3511.o
LOAD ./tinyusb/src/portable/ohci/ohci.o
LOAD ./tinyusb/src/portable/raspberrypi/pio_usb/dcd_pio_usb.o
LOAD ./tinyusb/src/portable/raspberrypi/pio_usb/hcd_pio_usb.o
LOAD ./tinyusb/src/portable/raspberrypi/rp2040/dcd_rp2040.o
LOAD ./tinyusb/src/portable/raspberrypi/rp2040/hcd_rp2040.o
LOAD ./tinyusb/src/portable/raspberrypi/rp2040/rp2040_usb.o
LOAD ./tinyusb/src/portable/renesas/rusb2/dcd_rusb2.o
LOAD ./tinyusb/src/portable/renesas/rusb2/hcd_rusb2.o
LOAD ./tinyusb/src/portable/renesas/rusb2/rusb2_common.o
LOAD ./tinyusb/src/portable/sony/cxd56/dcd_cxd56.o
LOAD ./tinyusb/src/portable/st/stm32_fsdev/dcd_stm32_fsdev.o
LOAD ./tinyusb/src/portable/st/typec/typec_stm32.o
LOAD ./tinyusb/src/portable/sunxi/dcd_sunxi_musb.o
LOAD ./tinyusb/src/portable/synopsys/dwc2/dcd_dwc2.o
LOAD ./tinyusb/src/portable/synopsys/dwc2/dwc2_common.o
LOAD ./tinyusb/src/portable/synopsys/dwc2/hcd_dwc2.o
LOAD ./tinyusb/src/portable/template/dcd_template.o
LOAD ./tinyusb/src/portable/template/hcd_template.o
LOAD ./tinyusb/src/portable/ti/msp430x5xx/dcd_msp430x5xx.o
LOAD ./tinyusb/src/portable/valentyusb/eptri/dcd_eptri.o
LOAD ./tinyusb/src/portable/wch/dcd_ch32_usbfs.o
LOAD ./tinyusb/src/portable/wch/dcd_ch32_usbhs.o
LOAD ./tinyusb/src/tusb.o
LOAD ./tinyusb/src/typec/usbc.o
START GROUP
LOAD C:/ST/STM32CubeIDE_1.17.0/STM32CubeIDE/plugins/com.st.stm32cube.ide.mcu.externaltools.gnu-tools-for-stm32.13.3.rel1.win32_1.0.0.202411081344/tools/bin/../lib/gcc/arm-none-eabi/13.3.1/../../../../arm-none-eabi/lib/thumb/v7e-m+fp/hard\libc_nano.a
LOAD C:/ST/STM32CubeIDE_1.17.0/STM32CubeIDE/plugins/com.st.stm32cube.ide.mcu.externaltools.gnu-tools-for-stm32.13.3.rel1.win32_1.0.0.202411081344/tools/bin/../lib/gcc/arm-none-eabi/13.3.1/../../../../arm-none-eabi/lib/thumb/v7e-m+fp/hard\libm.a
END GROUP
START GROUP
LOAD C:/ST/STM32CubeIDE_1.17.0/STM32CubeIDE/plugins/com.st.stm32cube.ide.mcu.externaltools.gnu-tools-for-stm32.13.3.rel1.win32_1.0.0.202411081344/tools/bin/../lib/gcc/arm-none-eabi/13.3.1/thumb/v7e-m+fp/hard\libgcc.a
LOAD C:/ST/STM32CubeIDE_1.17.0/STM32CubeIDE/plugins/com.st.stm32cube.ide.mcu.externaltools.gnu-tools-for-stm32.13.3.rel1.win32_1.0.0.202411081344/tools/bin/../lib/gcc/arm-none-eabi/13.3.1/../../../../arm-none-eabi/lib/thumb/v7e-m+fp/hard\libc_nano.a
END GROUP
START GROUP
LOAD C:/ST/STM32CubeIDE_1.17.0/STM32CubeIDE/plugins/com.st.stm32cube.ide.mcu.externaltools.gnu-tools-for-stm32.13.3.rel1.win32_1.0.0.202411081344/tools/bin/../lib/gcc/arm-none-eabi/13.3.1/thumb/v7e-m+fp/hard\libgcc.a
LOAD C:/ST/STM32CubeIDE_1.17.0/STM32CubeIDE/plugins/com.st.stm32cube.ide.mcu.externaltools.gnu-tools-for-stm32.13.3.rel1.win32_1.0.0.202411081344/tools/bin/../lib/gcc/arm-none-eabi/13.3.1/../../../../arm-none-eabi/lib/thumb/v7e-m+fp/hard\libc_nano.a
LOAD C:/ST/STM32CubeIDE_1.17.0/STM32CubeIDE/plugins/com.st.stm32cube.ide.mcu.externaltools.gnu-tools-for-stm32.13.3.rel1.win32_1.0.0.202411081344/tools/bin/../lib/gcc/arm-none-eabi/13.3.1/../../../../arm-none-eabi/lib/thumb/v7e-m+fp/hard\libnosys.a
END GROUP
START GROUP
LOAD C:/ST/STM32CubeIDE_1.17.0/STM32CubeIDE/plugins/com.st.stm32cube.ide.mcu.externaltools.gnu-tools-for-stm32.13.3.rel1.win32_1.0.0.202411081344/tools/bin/../lib/gcc/arm-none-eabi/13.3.1/thumb/v7e-m+fp/hard\libgcc.a
LOAD C:/ST/STM32CubeIDE_1.17.0/STM32CubeIDE/plugins/com.st.stm32cube.ide.mcu.externaltools.gnu-tools-for-stm32.13.3.rel1.win32_1.0.0.202411081344/tools/bin/../lib/gcc/arm-none-eabi/13.3.1/../../../../arm-none-eabi/lib/thumb/v7e-m+fp/hard\libc_nano.a
LOAD C:/ST/STM32CubeIDE_1.17.0/STM32CubeIDE/plugins/com.st.stm32cube.ide.mcu.externaltools.gnu-tools-for-stm32.13.3.rel1.win32_1.0.0.202411081344/tools/bin/../lib/gcc/arm-none-eabi/13.3.1/../../../../arm-none-eabi/lib/thumb/v7e-m+fp/hard\libnosys.a
END GROUP
LOAD C:/ST/STM32CubeIDE_1.17.0/STM32CubeIDE/plugins/com.st.stm32cube.ide.mcu.externaltools.gnu-tools-for-stm32.13.3.rel1.win32_1.0.0.202411081344/tools/bin/../lib/gcc/arm-none-eabi/13.3.1/thumb/v7e-m+fp/hard/crtend.o
LOAD C:/ST/STM32CubeIDE_1.17.0/STM32CubeIDE/plugins/com.st.stm32cube.ide.mcu.externaltools.gnu-tools-for-stm32.13.3.rel1.win32_1.0.0.202411081344/tools/bin/../lib/gcc/arm-none-eabi/13.3.1/thumb/v7e-m+fp/hard/crtn.o
                0x20020000                        _estack = (ORIGIN (RAM) + LENGTH (RAM))
                0x00000200                        _Min_Heap_Size = 0x200
                0x00000400                        _Min_Stack_Size = 0x400

.user_data      0x08040000        0x0
                0x08040000                        . = ALIGN (0x4)
 *(.user_data)
                0x08040000                        . = ALIGN (0x4)

.isr_vector     0x08000000      0x198
                0x08000000                        . = ALIGN (0x4)
 *(.isr_vector)
 .isr_vector    0x08000000      0x198 ./Core/Startup/startup_stm32f411ceux.o
                0x08000000                g_pfnVectors
                0x08000198                        . = ALIGN (0x4)

.text           0x080001a0     0xce98
                0x080001a0                        . = ALIGN (0x4)
 *(.text)
 .text          0x080001a0       0x40 C:/ST/STM32CubeIDE_1.17.0/STM32CubeIDE/plugins/com.st.stm32cube.ide.mcu.externaltools.gnu-tools-for-stm32.13.3.rel1.win32_1.0.0.202411081344/tools/bin/../lib/gcc/arm-none-eabi/13.3.1/thumb/v7e-m+fp/hard/crtbegin.o
 .text          0x080001e0       0x14 C:/ST/STM32CubeIDE_1.17.0/STM32CubeIDE/plugins/com.st.stm32cube.ide.mcu.externaltools.gnu-tools-for-stm32.13.3.rel1.win32_1.0.0.202411081344/tools/bin/../lib/gcc/arm-none-eabi/13.3.1/../../../../arm-none-eabi/lib/thumb/v7e-m+fp/hard\libc_nano.a(libc_a-strcmp.o)
                0x080001e0                strcmp
 .text          0x080001f4       0x10 C:/ST/STM32CubeIDE_1.17.0/STM32CubeIDE/plugins/com.st.stm32cube.ide.mcu.externaltools.gnu-tools-for-stm32.13.3.rel1.win32_1.0.0.202411081344/tools/bin/../lib/gcc/arm-none-eabi/13.3.1/../../../../arm-none-eabi/lib/thumb/v7e-m+fp/hard\libc_nano.a(libc_a-strlen.o)
                0x080001f4                strlen
 *fill*         0x08000204        0xc 
 .text          0x08000210       0xa0 C:/ST/STM32CubeIDE_1.17.0/STM32CubeIDE/plugins/com.st.stm32cube.ide.mcu.externaltools.gnu-tools-for-stm32.13.3.rel1.win32_1.0.0.202411081344/tools/bin/../lib/gcc/arm-none-eabi/13.3.1/../../../../arm-none-eabi/lib/thumb/v7e-m+fp/hard\libc_nano.a(libc_a-memchr.o)
                0x08000210                memchr
 .text          0x080002b0       0x30 C:/ST/STM32CubeIDE_1.17.0/STM32CubeIDE/plugins/com.st.stm32cube.ide.mcu.externaltools.gnu-tools-for-stm32.13.3.rel1.win32_1.0.0.202411081344/tools/bin/../lib/gcc/arm-none-eabi/13.3.1/thumb/v7e-m+fp/hard\libgcc.a(_aeabi_uldivmod.o)
                0x080002b0                __aeabi_uldivmod
 .text          0x080002e0      0x2f8 C:/ST/STM32CubeIDE_1.17.0/STM32CubeIDE/plugins/com.st.stm32cube.ide.mcu.externaltools.gnu-tools-for-stm32.13.3.rel1.win32_1.0.0.202411081344/tools/bin/../lib/gcc/arm-none-eabi/13.3.1/thumb/v7e-m+fp/hard\libgcc.a(_udivmoddi4.o)
                0x080002e0                __udivmoddi4
 .text          0x080005d8        0x4 C:/ST/STM32CubeIDE_1.17.0/STM32CubeIDE/plugins/com.st.stm32cube.ide.mcu.externaltools.gnu-tools-for-stm32.13.3.rel1.win32_1.0.0.202411081344/tools/bin/../lib/gcc/arm-none-eabi/13.3.1/thumb/v7e-m+fp/hard\libgcc.a(_dvmd_tls.o)
                0x080005d8                __aeabi_idiv0
                0x080005d8                __aeabi_ldiv0
 *(.text*)
 .text.cdc_task
                0x080005dc      0x128 ./Core/Src/cdc.o
                0x080005dc                cdc_task
 .text.cdc_write_string_chunked
                0x08000704       0x96 ./Core/Src/cdc.o
 .text.cdc_write_flush_wait
                0x0800079a       0x42 ./Core/Src/cdc.o
 .text.process_command
                0x080007dc      0x23c ./Core/Src/cdc.o
 .text.print_help
                0x08000a18       0x80 ./Core/Src/cdc.o
 .text.print_config
                0x08000a98       0xc4 ./Core/Src/cdc.o
 .text.set_config_value
                0x08000b5c      0x15c ./Core/Src/cdc.o
 .text.print_keymap
                0x08000cb8      0x12c ./Core/Src/cdc.o
 .text.set_keymap_value
                0x08000de4       0x7c ./Core/Src/cdc.o
 .text.save_config
                0x08000e60       0x24 ./Core/Src/cdc.o
 .text.load_config
                0x08000e84       0x18 ./Core/Src/cdc.o
 .text.reset_config
                0x08000e9c       0x28 ./Core/Src/cdc.o
 .text.tud_cdc_line_state_cb
                0x08000ec4       0x58 ./Core/Src/cdc.o
                0x08000ec4                tud_cdc_line_state_cb
 .text.tud_cdc_rx_cb
                0x08000f1c       0x16 ./Core/Src/cdc.o
                0x08000f1c                tud_cdc_rx_cb
 *fill*         0x08000f32        0x2 
 .text.hid_task
                0x08000f34       0xa0 ./Core/Src/hid.o
                0x08000f34                hid_task
 .text.hid_press_key
                0x08000fd4       0xd4 ./Core/Src/hid.o
                0x08000fd4                hid_press_key
 .text.hid_release_key
                0x080010a8       0xcc ./Core/Src/hid.o
                0x080010a8                hid_release_key
 .text.tud_hid_set_protocol_cb
                0x08001174       0x1c ./Core/Src/hid.o
                0x08001174                tud_hid_set_protocol_cb
 .text.tud_hid_report_complete_cb
                0x08001190       0x1c ./Core/Src/hid.o
                0x08001190                tud_hid_report_complete_cb
 .text.tud_hid_get_report_cb
                0x080011ac       0x22 ./Core/Src/hid.o
                0x080011ac                tud_hid_get_report_cb
 .text.tud_hid_set_report_cb
                0x080011ce       0x20 ./Core/Src/hid.o
                0x080011ce                tud_hid_set_report_cb
 *fill*         0x080011ee        0x2 
 .text.get_bitmask_for_modifier
                0x080011f0       0x68 ./Core/Src/keyboard.o
                0x080011f0                get_bitmask_for_modifier
 .text.get_usage_consumer_control
                0x08001258       0x28 ./Core/Src/keyboard.o
                0x08001258                get_usage_consumer_control
 .text.init_key
                0x08001280      0x1c4 ./Core/Src/keyboard.o
                0x08001280                init_key
 .text.update_key_state
                0x08001444      0x2ac ./Core/Src/keyboard.o
                0x08001444                update_key_state
 .text.update_key_actuation
                0x080016f0      0x1b8 ./Core/Src/keyboard.o
                0x080016f0                update_key_actuation
 .text.update_key
                0x080018a8       0x24 ./Core/Src/keyboard.o
                0x080018a8                update_key
 .text.keyboard_init_keys
                0x080018cc       0x70 ./Core/Src/keyboard.o
                0x080018cc                keyboard_init_keys
 .text.keyboard_task
                0x0800193c      0x1b0 ./Core/Src/keyboard.o
                0x0800193c                keyboard_task
 .text.main     0x08001aec      0x3e4 ./Core/Src/main.o
                0x08001aec                main
 .text.SystemClock_Config
                0x08001ed0       0xd0 ./Core/Src/main.o
                0x08001ed0                SystemClock_Config
 .text.MX_ADC1_Init
                0x08001fa0       0xa4 ./Core/Src/main.o
 .text.MX_I2C1_Init
                0x08002044       0x5c ./Core/Src/main.o
 .text.MX_USB_OTG_FS_PCD_Init
                0x080020a0       0x5c ./Core/Src/main.o
 .text.MX_GPIO_Init
                0x080020fc       0xa4 ./Core/Src/main.o
 .text.keyboard_read_config
                0x080021a0       0x20 ./Core/Src/main.o
                0x080021a0                keyboard_read_config
 .text.keyboard_write_config
                0x080021c0       0x84 ./Core/Src/main.o
                0x080021c0                keyboard_write_config
 .text.keyboard_select_amux
                0x08002244       0x50 ./Core/Src/main.o
                0x08002244                keyboard_select_amux
 .text.keyboard_select_adc
                0x08002294       0x38 ./Core/Src/main.o
                0x08002294                keyboard_select_adc
 .text.keyboard_read_adc
                0x080022cc       0x18 ./Core/Src/main.o
                0x080022cc                keyboard_read_adc
 .text.keyboard_close_adc
                0x080022e4       0x14 ./Core/Src/main.o
                0x080022e4                keyboard_close_adc
 .text.keyboard_get_time
                0x080022f8        0xe ./Core/Src/main.o
                0x080022f8                keyboard_get_time
 .text.Error_Handler
                0x08002306        0xc ./Core/Src/main.o
                0x08002306                Error_Handler
 .text.ssd1306_Reset
                0x08002312        0xe ./Core/Src/ssd1306.o
                0x08002312                ssd1306_Reset
 .text.ssd1306_WriteCommand
                0x08002320       0x30 ./Core/Src/ssd1306.o
                0x08002320                ssd1306_WriteCommand
 .text.ssd1306_WriteData
                0x08002350       0x30 ./Core/Src/ssd1306.o
                0x08002350                ssd1306_WriteData
 .text.ssd1306_Init
                0x08002380       0xd4 ./Core/Src/ssd1306.o
                0x08002380                ssd1306_Init
 .text.ssd1306_Fill
                0x08002454       0x30 ./Core/Src/ssd1306.o
                0x08002454                ssd1306_Fill
 .text.ssd1306_UpdateScreen
                0x08002484       0x50 ./Core/Src/ssd1306.o
                0x08002484                ssd1306_UpdateScreen
 .text.ssd1306_DrawPixel
                0x080024d4       0xa8 ./Core/Src/ssd1306.o
                0x080024d4                ssd1306_DrawPixel
 .text.ssd1306_WriteChar
                0x0800257c      0x124 ./Core/Src/ssd1306.o
                0x0800257c                ssd1306_WriteChar
 .text.ssd1306_WriteString
                0x080026a0       0x4c ./Core/Src/ssd1306.o
                0x080026a0                ssd1306_WriteString
 .text.ssd1306_SetCursor
                0x080026ec       0x30 ./Core/Src/ssd1306.o
                0x080026ec                ssd1306_SetCursor
 .text.ssd1306_Line
                0x0800271c       0xd8 ./Core/Src/ssd1306.o
                0x0800271c                ssd1306_Line
 .text.ssd1306_DrawRectangle
                0x080027f4       0x6e ./Core/Src/ssd1306.o
                0x080027f4                ssd1306_DrawRectangle
 .text.ssd1306_SetContrast
                0x08002862       0x26 ./Core/Src/ssd1306.o
                0x08002862                ssd1306_SetContrast
 .text.ssd1306_SetDisplayOn
                0x08002888       0x3c ./Core/Src/ssd1306.o
                0x08002888                ssd1306_SetDisplayOn
 .text.ssd1306_FlipScreen
                0x080028c4       0x40 ./Core/Src/ssd1306.o
                0x080028c4                ssd1306_FlipScreen
 .text.HAL_MspInit
                0x08002904       0x50 ./Core/Src/stm32f4xx_hal_msp.o
                0x08002904                HAL_MspInit
 .text.HAL_ADC_MspInit
                0x08002954       0x88 ./Core/Src/stm32f4xx_hal_msp.o
                0x08002954                HAL_ADC_MspInit
 .text.HAL_I2C_MspInit
                0x080029dc       0x90 ./Core/Src/stm32f4xx_hal_msp.o
                0x080029dc                HAL_I2C_MspInit
 .text.HAL_PCD_MspInit
                0x08002a6c       0xa8 ./Core/Src/stm32f4xx_hal_msp.o
                0x08002a6c                HAL_PCD_MspInit
 .text.NMI_Handler
                0x08002b14        0x8 ./Core/Src/stm32f4xx_it.o
                0x08002b14                NMI_Handler
 .text.HardFault_Handler
                0x08002b1c        0xa ./Core/Src/stm32f4xx_it.o
                0x08002b1c                HardFault_Handler
 .text.MemManage_Handler
                0x08002b26        0x8 ./Core/Src/stm32f4xx_it.o
                0x08002b26                MemManage_Handler
 .text.BusFault_Handler
                0x08002b2e        0x8 ./Core/Src/stm32f4xx_it.o
                0x08002b2e                BusFault_Handler
 .text.UsageFault_Handler
                0x08002b36        0x8 ./Core/Src/stm32f4xx_it.o
                0x08002b36                UsageFault_Handler
 .text.SVC_Handler
                0x08002b3e        0xe ./Core/Src/stm32f4xx_it.o
                0x08002b3e                SVC_Handler
 .text.DebugMon_Handler
                0x08002b4c        0xe ./Core/Src/stm32f4xx_it.o
                0x08002b4c                DebugMon_Handler
 .text.PendSV_Handler
                0x08002b5a        0xe ./Core/Src/stm32f4xx_it.o
                0x08002b5a                PendSV_Handler
 .text.SysTick_Handler
                0x08002b68       0x1c ./Core/Src/stm32f4xx_it.o
                0x08002b68                SysTick_Handler
 .text.OTG_FS_IRQHandler
                0x08002b84        0xe ./Core/Src/stm32f4xx_it.o
                0x08002b84                OTG_FS_IRQHandler
 .text._getpid  0x08002b92       0x10 ./Core/Src/syscalls.o
                0x08002b92                _getpid
 .text._kill    0x08002ba2       0x20 ./Core/Src/syscalls.o
                0x08002ba2                _kill
 .text._exit    0x08002bc2       0x16 ./Core/Src/syscalls.o
                0x08002bc2                _exit
 .text._read    0x08002bd8       0x3a ./Core/Src/syscalls.o
                0x08002bd8                _read
 .text._write   0x08002c12       0x38 ./Core/Src/syscalls.o
                0x08002c12                _write
 .text._close   0x08002c4a       0x18 ./Core/Src/syscalls.o
                0x08002c4a                _close
 .text._fstat   0x08002c62       0x20 ./Core/Src/syscalls.o
                0x08002c62                _fstat
 .text._isatty  0x08002c82       0x16 ./Core/Src/syscalls.o
                0x08002c82                _isatty
 .text._lseek   0x08002c98       0x1a ./Core/Src/syscalls.o
                0x08002c98                _lseek
 *fill*         0x08002cb2        0x2 
 .text._sbrk    0x08002cb4       0x6c ./Core/Src/sysmem.o
                0x08002cb4                _sbrk
 .text.SystemInit
                0x08002d20       0x24 ./Core/Src/system_stm32f4xx.o
                0x08002d20                SystemInit
 .text.tud_descriptor_device_cb
                0x08002d44       0x14 ./Core/Src/usb_descriptors.o
                0x08002d44                tud_descriptor_device_cb
 .text.tud_hid_descriptor_report_cb
                0x08002d58       0x1c ./Core/Src/usb_descriptors.o
                0x08002d58                tud_hid_descriptor_report_cb
 .text.tud_descriptor_configuration_cb
                0x08002d74       0x1c ./Core/Src/usb_descriptors.o
                0x08002d74                tud_descriptor_configuration_cb
 .text.tud_descriptor_string_cb
                0x08002d90       0xa4 ./Core/Src/usb_descriptors.o
                0x08002d90                tud_descriptor_string_cb
 .text.Reset_Handler
                0x08002e34       0x50 ./Core/Startup/startup_stm32f411ceux.o
                0x08002e34                Reset_Handler
 .text.Default_Handler
                0x08002e84        0x2 ./Core/Startup/startup_stm32f411ceux.o
                0x08002e84                RTC_Alarm_IRQHandler
                0x08002e84                EXTI2_IRQHandler
                0x08002e84                SPI4_IRQHandler
                0x08002e84                TIM1_CC_IRQHandler
                0x08002e84                DMA2_Stream5_IRQHandler
                0x08002e84                DMA1_Stream5_IRQHandler
                0x08002e84                PVD_IRQHandler
                0x08002e84                SDIO_IRQHandler
                0x08002e84                TAMP_STAMP_IRQHandler
                0x08002e84                EXTI3_IRQHandler
                0x08002e84                TIM1_UP_TIM10_IRQHandler
                0x08002e84                I2C3_ER_IRQHandler
                0x08002e84                EXTI0_IRQHandler
                0x08002e84                I2C2_EV_IRQHandler
                0x08002e84                DMA1_Stream2_IRQHandler
                0x08002e84                FPU_IRQHandler
                0x08002e84                DMA2_Stream2_IRQHandler
                0x08002e84                SPI1_IRQHandler
                0x08002e84                TIM1_BRK_TIM9_IRQHandler
                0x08002e84                DMA2_Stream3_IRQHandler
                0x08002e84                USART6_IRQHandler
                0x08002e84                DMA2_Stream0_IRQHandler
                0x08002e84                TIM4_IRQHandler
                0x08002e84                I2C1_EV_IRQHandler
                0x08002e84                DMA1_Stream6_IRQHandler
                0x08002e84                DMA1_Stream1_IRQHandler
                0x08002e84                TIM3_IRQHandler
                0x08002e84                RCC_IRQHandler
                0x08002e84                Default_Handler
                0x08002e84                EXTI15_10_IRQHandler
                0x08002e84                ADC_IRQHandler
                0x08002e84                DMA1_Stream7_IRQHandler
                0x08002e84                SPI5_IRQHandler
                0x08002e84                TIM5_IRQHandler
                0x08002e84                DMA2_Stream7_IRQHandler
                0x08002e84                I2C3_EV_IRQHandler
                0x08002e84                EXTI9_5_IRQHandler
                0x08002e84                RTC_WKUP_IRQHandler
                0x08002e84                SPI2_IRQHandler
                0x08002e84                DMA1_Stream0_IRQHandler
                0x08002e84                EXTI4_IRQHandler
                0x08002e84                WWDG_IRQHandler
                0x08002e84                TIM2_IRQHandler
                0x08002e84                OTG_FS_WKUP_IRQHandler
                0x08002e84                TIM1_TRG_COM_TIM11_IRQHandler
                0x08002e84                EXTI1_IRQHandler
                0x08002e84                USART2_IRQHandler
                0x08002e84                I2C2_ER_IRQHandler
                0x08002e84                DMA2_Stream1_IRQHandler
                0x08002e84                FLASH_IRQHandler
                0x08002e84                DMA2_Stream4_IRQHandler
                0x08002e84                USART1_IRQHandler
                0x08002e84                SPI3_IRQHandler
                0x08002e84                DMA1_Stream4_IRQHandler
                0x08002e84                I2C1_ER_IRQHandler
                0x08002e84                DMA2_Stream6_IRQHandler
                0x08002e84                DMA1_Stream3_IRQHandler
 *fill*         0x08002e86        0x2 
 .text.HAL_Init
                0x08002e88       0x44 ./Drivers/STM32F4xx_HAL_Driver/Src/stm32f4xx_hal.o
                0x08002e88                HAL_Init
 .text.HAL_InitTick
                0x08002ecc       0x60 ./Drivers/STM32F4xx_HAL_Driver/Src/stm32f4xx_hal.o
                0x08002ecc                HAL_InitTick
 .text.HAL_IncTick
                0x08002f2c       0x28 ./Drivers/STM32F4xx_HAL_Driver/Src/stm32f4xx_hal.o
                0x08002f2c                HAL_IncTick
 .text.HAL_GetTick
                0x08002f54       0x18 ./Drivers/STM32F4xx_HAL_Driver/Src/stm32f4xx_hal.o
                0x08002f54                HAL_GetTick
 .text.HAL_Delay
                0x08002f6c       0x48 ./Drivers/STM32F4xx_HAL_Driver/Src/stm32f4xx_hal.o
                0x08002f6c                HAL_Delay
 .text.HAL_ADC_Init
                0x08002fb4       0x86 ./Drivers/STM32F4xx_HAL_Driver/Src/stm32f4xx_hal_adc.o
                0x08002fb4                HAL_ADC_Init
 *fill*         0x0800303a        0x2 
 .text.HAL_ADC_Start
                0x0800303c      0x168 ./Drivers/STM32F4xx_HAL_Driver/Src/stm32f4xx_hal_adc.o
                0x0800303c                HAL_ADC_Start
 .text.HAL_ADC_Stop
                0x080031a4       0x66 ./Drivers/STM32F4xx_HAL_Driver/Src/stm32f4xx_hal_adc.o
                0x080031a4                HAL_ADC_Stop
 .text.HAL_ADC_PollForConversion
                0x0800320a      0x116 ./Drivers/STM32F4xx_HAL_Driver/Src/stm32f4xx_hal_adc.o
                0x0800320a                HAL_ADC_PollForConversion
 .text.HAL_ADC_GetValue
                0x08003320       0x1a ./Drivers/STM32F4xx_HAL_Driver/Src/stm32f4xx_hal_adc.o
                0x08003320                HAL_ADC_GetValue
 *fill*         0x0800333a        0x2 
 .text.HAL_ADC_ConfigChannel
                0x0800333c      0x264 ./Drivers/STM32F4xx_HAL_Driver/Src/stm32f4xx_hal_adc.o
                0x0800333c                HAL_ADC_ConfigChannel
 .text.ADC_Init
                0x080035a0      0x1f8 ./Drivers/STM32F4xx_HAL_Driver/Src/stm32f4xx_hal_adc.o
 .text.__NVIC_SetPriorityGrouping
                0x08003798       0x48 ./Drivers/STM32F4xx_HAL_Driver/Src/stm32f4xx_hal_cortex.o
 .text.__NVIC_GetPriorityGrouping
                0x080037e0       0x1c ./Drivers/STM32F4xx_HAL_Driver/Src/stm32f4xx_hal_cortex.o
 .text.__NVIC_EnableIRQ
                0x080037fc       0x3c ./Drivers/STM32F4xx_HAL_Driver/Src/stm32f4xx_hal_cortex.o
 .text.__NVIC_SetPriority
                0x08003838       0x54 ./Drivers/STM32F4xx_HAL_Driver/Src/stm32f4xx_hal_cortex.o
 .text.NVIC_EncodePriority
                0x0800388c       0x66 ./Drivers/STM32F4xx_HAL_Driver/Src/stm32f4xx_hal_cortex.o
 *fill*         0x080038f2        0x2 
 .text.SysTick_Config
                0x080038f4       0x44 ./Drivers/STM32F4xx_HAL_Driver/Src/stm32f4xx_hal_cortex.o
 .text.HAL_NVIC_SetPriorityGrouping
                0x08003938       0x16 ./Drivers/STM32F4xx_HAL_Driver/Src/stm32f4xx_hal_cortex.o
                0x08003938                HAL_NVIC_SetPriorityGrouping
 .text.HAL_NVIC_SetPriority
                0x0800394e       0x38 ./Drivers/STM32F4xx_HAL_Driver/Src/stm32f4xx_hal_cortex.o
                0x0800394e                HAL_NVIC_SetPriority
 .text.HAL_NVIC_EnableIRQ
                0x08003986       0x1c ./Drivers/STM32F4xx_HAL_Driver/Src/stm32f4xx_hal_cortex.o
                0x08003986                HAL_NVIC_EnableIRQ
 .text.HAL_SYSTICK_Config
                0x080039a2       0x18 ./Drivers/STM32F4xx_HAL_Driver/Src/stm32f4xx_hal_cortex.o
                0x080039a2                HAL_SYSTICK_Config
 *fill*         0x080039ba        0x2 
 .text.HAL_FLASH_Program
                0x080039bc       0xa8 ./Drivers/STM32F4xx_HAL_Driver/Src/stm32f4xx_hal_flash.o
                0x080039bc                HAL_FLASH_Program
 .text.HAL_FLASH_Unlock
                0x08003a64       0x44 ./Drivers/STM32F4xx_HAL_Driver/Src/stm32f4xx_hal_flash.o
                0x08003a64                HAL_FLASH_Unlock
 .text.HAL_FLASH_Lock
                0x08003aa8       0x20 ./Drivers/STM32F4xx_HAL_Driver/Src/stm32f4xx_hal_flash.o
                0x08003aa8                HAL_FLASH_Lock
 .text.FLASH_WaitForLastOperation
                0x08003ac8       0x80 ./Drivers/STM32F4xx_HAL_Driver/Src/stm32f4xx_hal_flash.o
                0x08003ac8                FLASH_WaitForLastOperation
 .text.FLASH_Program_DoubleWord
                0x08003b48       0x64 ./Drivers/STM32F4xx_HAL_Driver/Src/stm32f4xx_hal_flash.o
 .text.FLASH_Program_Word
                0x08003bac       0x44 ./Drivers/STM32F4xx_HAL_Driver/Src/stm32f4xx_hal_flash.o
 .text.FLASH_Program_HalfWord
                0x08003bf0       0x48 ./Drivers/STM32F4xx_HAL_Driver/Src/stm32f4xx_hal_flash.o
 .text.FLASH_Program_Byte
                0x08003c38       0x44 ./Drivers/STM32F4xx_HAL_Driver/Src/stm32f4xx_hal_flash.o
 .text.FLASH_SetErrorCode
                0x08003c7c       0xcc ./Drivers/STM32F4xx_HAL_Driver/Src/stm32f4xx_hal_flash.o
 .text.FLASH_Erase_Sector
                0x08003d48       0x90 ./Drivers/STM32F4xx_HAL_Driver/Src/stm32f4xx_hal_flash_ex.o
                0x08003d48                FLASH_Erase_Sector
 .text.HAL_GPIO_Init
                0x08003dd8      0x308 ./Drivers/STM32F4xx_HAL_Driver/Src/stm32f4xx_hal_gpio.o
                0x08003dd8                HAL_GPIO_Init
 .text.HAL_GPIO_WritePin
                0x080040e0       0x32 ./Drivers/STM32F4xx_HAL_Driver/Src/stm32f4xx_hal_gpio.o
                0x080040e0                HAL_GPIO_WritePin
 *fill*         0x08004112        0x2 
 .text.HAL_I2C_Init
                0x08004114      0x288 ./Drivers/STM32F4xx_HAL_Driver/Src/stm32f4xx_hal_i2c.o
                0x08004114                HAL_I2C_Init
 .text.HAL_I2C_Mem_Write
                0x0800439c      0x1f4 ./Drivers/STM32F4xx_HAL_Driver/Src/stm32f4xx_hal_i2c.o
                0x0800439c                HAL_I2C_Mem_Write
 .text.I2C_RequestMemoryWrite
                0x08004590      0x12c ./Drivers/STM32F4xx_HAL_Driver/Src/stm32f4xx_hal_i2c.o
 .text.I2C_WaitOnFlagUntilTimeout
                0x080046bc       0xf4 ./Drivers/STM32F4xx_HAL_Driver/Src/stm32f4xx_hal_i2c.o
 .text.I2C_WaitOnMasterAddressFlagUntilTimeout
                0x080047b0      0x140 ./Drivers/STM32F4xx_HAL_Driver/Src/stm32f4xx_hal_i2c.o
 .text.I2C_WaitOnTXEFlagUntilTimeout
                0x080048f0       0x90 ./Drivers/STM32F4xx_HAL_Driver/Src/stm32f4xx_hal_i2c.o
 .text.I2C_WaitOnBTFFlagUntilTimeout
                0x08004980       0x90 ./Drivers/STM32F4xx_HAL_Driver/Src/stm32f4xx_hal_i2c.o
 .text.I2C_IsAcknowledgeFailed
                0x08004a10       0x5e ./Drivers/STM32F4xx_HAL_Driver/Src/stm32f4xx_hal_i2c.o
 .text.HAL_PCD_Init
                0x08004a6e      0x21e ./Drivers/STM32F4xx_HAL_Driver/Src/stm32f4xx_hal_pcd.o
                0x08004a6e                HAL_PCD_Init
 .text.HAL_RCC_OscConfig
                0x08004c8c      0x4f0 ./Drivers/STM32F4xx_HAL_Driver/Src/stm32f4xx_hal_rcc.o
                0x08004c8c                HAL_RCC_OscConfig
 .text.HAL_RCC_ClockConfig
                0x0800517c      0x1cc ./Drivers/STM32F4xx_HAL_Driver/Src/stm32f4xx_hal_rcc.o
                0x0800517c                HAL_RCC_ClockConfig
 .text.HAL_RCC_GetSysClockFreq
                0x08005348      0x18c ./Drivers/STM32F4xx_HAL_Driver/Src/stm32f4xx_hal_rcc.o
                0x08005348                HAL_RCC_GetSysClockFreq
 .text.HAL_RCC_GetHCLKFreq
                0x080054d4       0x18 ./Drivers/STM32F4xx_HAL_Driver/Src/stm32f4xx_hal_rcc.o
                0x080054d4                HAL_RCC_GetHCLKFreq
 .text.HAL_RCC_GetPCLK1Freq
                0x080054ec       0x28 ./Drivers/STM32F4xx_HAL_Driver/Src/stm32f4xx_hal_rcc.o
                0x080054ec                HAL_RCC_GetPCLK1Freq
 .text.USB_CoreInit
                0x08005514       0xc8 ./Drivers/STM32F4xx_HAL_Driver/Src/stm32f4xx_ll_usb.o
                0x08005514                USB_CoreInit
 .text.USB_DisableGlobalInt
                0x080055dc       0x22 ./Drivers/STM32F4xx_HAL_Driver/Src/stm32f4xx_ll_usb.o
                0x080055dc                USB_DisableGlobalInt
 .text.USB_SetCurrentMode
                0x080055fe       0x98 ./Drivers/STM32F4xx_HAL_Driver/Src/stm32f4xx_ll_usb.o
                0x080055fe                USB_SetCurrentMode
 *fill*         0x08005696        0x2 
 .text.USB_DevInit
                0x08005698      0x2c8 ./Drivers/STM32F4xx_HAL_Driver/Src/stm32f4xx_ll_usb.o
                0x08005698                USB_DevInit
 .text.USB_FlushTxFifo
                0x08005960       0x64 ./Drivers/STM32F4xx_HAL_Driver/Src/stm32f4xx_ll_usb.o
                0x08005960                USB_FlushTxFifo
 .text.USB_FlushRxFifo
                0x080059c4       0x5c ./Drivers/STM32F4xx_HAL_Driver/Src/stm32f4xx_ll_usb.o
                0x080059c4                USB_FlushRxFifo
 .text.USB_SetDevSpeed
                0x08005a20       0x32 ./Drivers/STM32F4xx_HAL_Driver/Src/stm32f4xx_ll_usb.o
                0x08005a20                USB_SetDevSpeed
 .text.USB_DevDisconnect
                0x08005a52       0x42 ./Drivers/STM32F4xx_HAL_Driver/Src/stm32f4xx_ll_usb.o
                0x08005a52                USB_DevDisconnect
 .text.USB_GetMode
                0x08005a94       0x1c ./Drivers/STM32F4xx_HAL_Driver/Src/stm32f4xx_ll_usb.o
                0x08005a94                USB_GetMode
 .text.USB_CoreReset
                0x08005ab0       0x62 ./Drivers/STM32F4xx_HAL_Driver/Src/stm32f4xx_ll_usb.o
 *fill*         0x08005b12        0x2 
 .text._prep_out_transaction
                0x08005b14       0xe0 ./tinyusb/src/class/cdc/cdc_device.o
 .text.tud_cdc_n_connected
                0x08005bf4       0x7c ./tinyusb/src/class/cdc/cdc_device.o
                0x08005bf4                tud_cdc_n_connected
 .text.tud_cdc_n_available
                0x08005c70       0x2c ./tinyusb/src/class/cdc/cdc_device.o
                0x08005c70                tud_cdc_n_available
 .text.tud_cdc_n_read
                0x08005c9c       0x58 ./tinyusb/src/class/cdc/cdc_device.o
                0x08005c9c                tud_cdc_n_read
 .text.tud_cdc_n_write
                0x08005cf4       0x68 ./tinyusb/src/class/cdc/cdc_device.o
                0x08005cf4                tud_cdc_n_write
 .text.tud_cdc_n_write_flush
                0x08005d5c      0x104 ./tinyusb/src/class/cdc/cdc_device.o
                0x08005d5c                tud_cdc_n_write_flush
 .text.tud_cdc_n_write_available
                0x08005e60       0x30 ./tinyusb/src/class/cdc/cdc_device.o
                0x08005e60                tud_cdc_n_write_available
 .text.cdcd_init
                0x08005e90       0xa4 ./tinyusb/src/class/cdc/cdc_device.o
                0x08005e90                cdcd_init
 .text.cdcd_deinit
                0x08005f34       0x10 ./tinyusb/src/class/cdc/cdc_device.o
                0x08005f34                cdcd_deinit
 .text.cdcd_reset
                0x08005f44       0x98 ./tinyusb/src/class/cdc/cdc_device.o
                0x08005f44                cdcd_reset
 .text.cdcd_open
                0x08005fdc      0x1ec ./tinyusb/src/class/cdc/cdc_device.o
                0x08005fdc                cdcd_open
 .text.cdcd_control_xfer_cb
                0x080061c8      0x20c ./tinyusb/src/class/cdc/cdc_device.o
                0x080061c8                cdcd_control_xfer_cb
 .text.cdcd_xfer_cb
                0x080063d4      0x1b8 ./tinyusb/src/class/cdc/cdc_device.o
                0x080063d4                cdcd_xfer_cb
 .text.tud_hid_set_idle_cb
                0x0800658c       0x1e ./tinyusb/src/class/hid/hid_device.o
                0x0800658c                tud_hid_set_idle_cb
 .text.tud_hid_report_failed_cb
                0x080065aa       0x22 ./tinyusb/src/class/hid/hid_device.o
                0x080065aa                tud_hid_report_failed_cb
 .text.tud_hid_n_ready
                0x080065cc       0x84 ./tinyusb/src/class/hid/hid_device.o
                0x080065cc                tud_hid_n_ready
 .text.tud_hid_n_report
                0x08006650      0x10c ./tinyusb/src/class/hid/hid_device.o
                0x08006650                tud_hid_n_report
 .text.tud_hid_n_keyboard_report
                0x0800675c       0x5a ./tinyusb/src/class/hid/hid_device.o
                0x0800675c                tud_hid_n_keyboard_report
 .text.hidd_init
                0x080067b6        0xe ./tinyusb/src/class/hid/hid_device.o
                0x080067b6                hidd_init
 .text.hidd_deinit
                0x080067c4       0x10 ./tinyusb/src/class/hid/hid_device.o
                0x080067c4                hidd_deinit
 .text.hidd_reset
                0x080067d4       0x20 ./tinyusb/src/class/hid/hid_device.o
                0x080067d4                hidd_reset
 .text.hidd_open
                0x080067f4      0x1d0 ./tinyusb/src/class/hid/hid_device.o
                0x080067f4                hidd_open
 .text.hidd_control_xfer_cb
                0x080069c4      0x3d8 ./tinyusb/src/class/hid/hid_device.o
                0x080069c4                hidd_control_xfer_cb
 .text.hidd_xfer_cb
                0x08006d9c      0x12c ./tinyusb/src/class/hid/hid_device.o
                0x08006d9c                hidd_xfer_cb
 .text.tu_fifo_config
                0x08006ec8       0x66 ./tinyusb/src/common/tusb_fifo.o
                0x08006ec8                tu_fifo_config
 .text._ff_push_const_addr
                0x08006f2e       0x68 ./tinyusb/src/common/tusb_fifo.o
 .text._ff_pull_const_addr
                0x08006f96       0x66 ./tinyusb/src/common/tusb_fifo.o
 .text._ff_push
                0x08006ffc       0x3e ./tinyusb/src/common/tusb_fifo.o
 .text._ff_push_n
                0x0800703a      0x1bc ./tinyusb/src/common/tusb_fifo.o
 .text._ff_pull
                0x080071f6       0x3e ./tinyusb/src/common/tusb_fifo.o
 .text._ff_pull_n
                0x08007234      0x1c0 ./tinyusb/src/common/tusb_fifo.o
 .text.advance_index
                0x080073f4       0x4c ./tinyusb/src/common/tusb_fifo.o
 .text._tu_fifo_peek
                0x08007440       0xcc ./tinyusb/src/common/tusb_fifo.o
 .text._tu_fifo_peek_n
                0x0800750c       0xe0 ./tinyusb/src/common/tusb_fifo.o
 .text._tu_fifo_write_n
                0x080075ec      0x1a2 ./tinyusb/src/common/tusb_fifo.o
 .text._tu_fifo_read_n
                0x0800778e       0x5e ./tinyusb/src/common/tusb_fifo.o
 .text.tu_fifo_count
                0x080077ec       0x64 ./tinyusb/src/common/tusb_fifo.o
                0x080077ec                tu_fifo_count
 .text.tu_fifo_empty
                0x08007850       0x2a ./tinyusb/src/common/tusb_fifo.o
                0x08007850                tu_fifo_empty
 .text.tu_fifo_full
                0x0800787a       0x5c ./tinyusb/src/common/tusb_fifo.o
                0x0800787a                tu_fifo_full
 .text.tu_fifo_remaining
                0x080078d6       0x70 ./tinyusb/src/common/tusb_fifo.o
                0x080078d6                tu_fifo_remaining
 .text.tu_fifo_read
                0x08007946       0x48 ./tinyusb/src/common/tusb_fifo.o
                0x08007946                tu_fifo_read
 .text.tu_fifo_read_n
                0x0800798e       0x24 ./tinyusb/src/common/tusb_fifo.o
                0x0800798e                tu_fifo_read_n
 .text.tu_fifo_read_n_const_addr_full_words
                0x080079b2       0x24 ./tinyusb/src/common/tusb_fifo.o
                0x080079b2                tu_fifo_read_n_const_addr_full_words
 .text.tu_fifo_write
                0x080079d6       0x86 ./tinyusb/src/common/tusb_fifo.o
                0x080079d6                tu_fifo_write
 .text.tu_fifo_write_n
                0x08007a5c       0x24 ./tinyusb/src/common/tusb_fifo.o
                0x08007a5c                tu_fifo_write_n
 .text.tu_fifo_write_n_const_addr_full_words
                0x08007a80       0x24 ./tinyusb/src/common/tusb_fifo.o
                0x08007a80                tu_fifo_write_n_const_addr_full_words
 .text.tu_fifo_clear
                0x08007aa4       0x22 ./tinyusb/src/common/tusb_fifo.o
                0x08007aa4                tu_fifo_clear
 .text.tu_fifo_set_overwritable
                0x08007ac6       0x3a ./tinyusb/src/common/tusb_fifo.o
                0x08007ac6                tu_fifo_set_overwritable
 .text.tud_event_hook_cb
                0x08007b00       0x1c ./tinyusb/src/device/usbd.o
                0x08007b00                tud_event_hook_cb
 .text.tud_sof_cb
                0x08007b1c       0x14 ./tinyusb/src/device/usbd.o
                0x08007b1c                tud_sof_cb
 .text.tud_descriptor_bos_cb
                0x08007b30       0x10 ./tinyusb/src/device/usbd.o
                0x08007b30                tud_descriptor_bos_cb
 .text.tud_descriptor_device_qualifier_cb
                0x08007b40       0x10 ./tinyusb/src/device/usbd.o
                0x08007b40                tud_descriptor_device_qualifier_cb
 .text.tud_descriptor_other_speed_configuration_cb
                0x08007b50       0x18 ./tinyusb/src/device/usbd.o
                0x08007b50                tud_descriptor_other_speed_configuration_cb
 .text.tud_mount_cb
                0x08007b68        0xe ./tinyusb/src/device/usbd.o
                0x08007b68                tud_mount_cb
 .text.tud_umount_cb
                0x08007b76        0xe ./tinyusb/src/device/usbd.o
                0x08007b76                tud_umount_cb
 .text.tud_suspend_cb
                0x08007b84       0x16 ./tinyusb/src/device/usbd.o
                0x08007b84                tud_suspend_cb
 .text.tud_resume_cb
                0x08007b9a        0xe ./tinyusb/src/device/usbd.o
                0x08007b9a                tud_resume_cb
 .text.tud_vendor_control_xfer_cb
                0x08007ba8       0x1e ./tinyusb/src/device/usbd.o
                0x08007ba8                tud_vendor_control_xfer_cb
 .text.dcd_dcache_clean
                0x08007bc6       0x18 ./tinyusb/src/device/usbd.o
                0x08007bc6                dcd_dcache_clean
 *fill*         0x08007bde        0x2 
 .text.tud_mounted
                0x08007be0       0x24 ./tinyusb/src/device/usbd.o
                0x08007be0                tud_mounted
 .text.tud_suspended
                0x08007c04       0x28 ./tinyusb/src/device/usbd.o
                0x08007c04                tud_suspended
 .text.tud_remote_wakeup
                0x08007c2c       0x4c ./tinyusb/src/device/usbd.o
                0x08007c2c                tud_remote_wakeup
 .text.tud_inited
                0x08007c78       0x20 ./tinyusb/src/device/usbd.o
                0x08007c78                tud_inited
 .text.tud_rhport_init
                0x08007c98      0x18c ./tinyusb/src/device/usbd.o
                0x08007c98                tud_rhport_init
 .text.configuration_reset
                0x08007e24       0xcc ./tinyusb/src/device/usbd.o
 .text.usbd_reset
                0x08007ef0       0x1e ./tinyusb/src/device/usbd.o
 *fill*         0x08007f0e        0x2 
 .text.tud_task_ext
                0x08007f10      0x348 ./tinyusb/src/device/usbd.o
                0x08007f10                tud_task_ext
 .text.invoke_class_control
                0x08008258       0x2e ./tinyusb/src/device/usbd.o
 *fill*         0x08008286        0x2 
 .text.process_control_request
                0x08008288      0x5c0 ./tinyusb/src/device/usbd.o
 .text.process_set_config
                0x08008848      0x268 ./tinyusb/src/device/usbd.o
 .text.process_get_descriptor
                0x08008ab0      0x1b4 ./tinyusb/src/device/usbd.o
 .text.dcd_event_handler
                0x08008c64      0x3c8 ./tinyusb/src/device/usbd.o
                0x08008c64                dcd_event_handler
 .text.usbd_int_set
                0x0800902c       0x34 ./tinyusb/src/device/usbd.o
                0x0800902c                usbd_int_set
 .text.usbd_spin_lock
                0x08009060       0x34 ./tinyusb/src/device/usbd.o
                0x08009060                usbd_spin_lock
 .text.usbd_spin_unlock
                0x08009094       0x34 ./tinyusb/src/device/usbd.o
                0x08009094                usbd_spin_unlock
 .text.usbd_open_edpt_pair
                0x080090c8       0xd0 ./tinyusb/src/device/usbd.o
                0x080090c8                usbd_open_edpt_pair
 .text.usbd_edpt_open
                0x08009198       0x8c ./tinyusb/src/device/usbd.o
                0x08009198                usbd_edpt_open
 .text.usbd_edpt_claim
                0x08009224       0x50 ./tinyusb/src/device/usbd.o
                0x08009224                usbd_edpt_claim
 .text.usbd_edpt_release
                0x08009274       0x50 ./tinyusb/src/device/usbd.o
                0x08009274                usbd_edpt_release
 .text.usbd_edpt_xfer
                0x080092c4       0xec ./tinyusb/src/device/usbd.o
                0x080092c4                usbd_edpt_xfer
 .text.usbd_edpt_busy
                0x080093b0       0x5c ./tinyusb/src/device/usbd.o
                0x080093b0                usbd_edpt_busy
 .text.usbd_edpt_stall
                0x0800940c       0x7c ./tinyusb/src/device/usbd.o
                0x0800940c                usbd_edpt_stall
 .text.usbd_edpt_clear_stall
                0x08009488       0x7c ./tinyusb/src/device/usbd.o
                0x08009488                usbd_edpt_clear_stall
 .text.usbd_edpt_stalled
                0x08009504       0x5c ./tinyusb/src/device/usbd.o
                0x08009504                usbd_edpt_stalled
 .text.dcd_edpt0_status_complete
                0x08009560       0x18 ./tinyusb/src/device/usbd_control.o
                0x08009560                dcd_edpt0_status_complete
 .text.status_stage_xact
                0x08009578       0x38 ./tinyusb/src/device/usbd_control.o
 .text.tud_control_status
                0x080095b0       0x40 ./tinyusb/src/device/usbd_control.o
                0x080095b0                tud_control_status
 .text.data_stage_xact
                0x080095f0       0xa4 ./tinyusb/src/device/usbd_control.o
 .text.tud_control_xfer
                0x08009694       0xe0 ./tinyusb/src/device/usbd_control.o
                0x08009694                tud_control_xfer
 .text.usbd_control_reset
                0x08009774       0x18 ./tinyusb/src/device/usbd_control.o
                0x08009774                usbd_control_reset
 .text.usbd_control_set_complete_callback
                0x0800978c       0x20 ./tinyusb/src/device/usbd_control.o
                0x0800978c                usbd_control_set_complete_callback
 .text.usbd_control_set_request
                0x080097ac       0x34 ./tinyusb/src/device/usbd_control.o
                0x080097ac                usbd_control_set_request
 .text.usbd_control_xfer_cb
                0x080097e0      0x168 ./tinyusb/src/device/usbd_control.o
                0x080097e0                usbd_control_xfer_cb
 .text.__NVIC_EnableIRQ
                0x08009948       0x3c ./tinyusb/src/portable/synopsys/dwc2/dcd_dwc2.o
 .text.__NVIC_DisableIRQ
                0x08009984       0x48 ./tinyusb/src/portable/synopsys/dwc2/dcd_dwc2.o
 .text.dma_setup_prepare
                0x080099cc       0x78 ./tinyusb/src/portable/synopsys/dwc2/dcd_dwc2.o
 .text.dfifo_alloc
                0x08009a44      0x1c4 ./tinyusb/src/portable/synopsys/dwc2/dcd_dwc2.o
 .text.dfifo_device_init
                0x08009c08       0xb4 ./tinyusb/src/portable/synopsys/dwc2/dcd_dwc2.o
 .text.edpt_activate
                0x08009cbc      0x13c ./tinyusb/src/portable/synopsys/dwc2/dcd_dwc2.o
 .text.edpt_disable
                0x08009df8      0x198 ./tinyusb/src/portable/synopsys/dwc2/dcd_dwc2.o
 .text.edpt_schedule_packets
                0x08009f90      0x1cc ./tinyusb/src/portable/synopsys/dwc2/dcd_dwc2.o
 .text.dcd_init
                0x0800a15c      0x13c ./tinyusb/src/portable/synopsys/dwc2/dcd_dwc2.o
                0x0800a15c                dcd_init
 .text.dcd_int_enable
                0x0800a298       0x50 ./tinyusb/src/portable/synopsys/dwc2/dcd_dwc2.o
                0x0800a298                dcd_int_enable
 .text.dcd_int_disable
                0x0800a2e8       0x50 ./tinyusb/src/portable/synopsys/dwc2/dcd_dwc2.o
                0x0800a2e8                dcd_int_disable
 .text.dcd_set_address
                0x0800a338       0x78 ./tinyusb/src/portable/synopsys/dwc2/dcd_dwc2.o
                0x0800a338                dcd_set_address
 .text.dcd_remote_wakeup
                0x0800a3b0       0x8c ./tinyusb/src/portable/synopsys/dwc2/dcd_dwc2.o
                0x0800a3b0                dcd_remote_wakeup
 .text.dcd_connect
                0x0800a43c       0x44 ./tinyusb/src/portable/synopsys/dwc2/dcd_dwc2.o
                0x0800a43c                dcd_connect
 .text.dcd_disconnect
                0x0800a480       0x44 ./tinyusb/src/portable/synopsys/dwc2/dcd_dwc2.o
                0x0800a480                dcd_disconnect
 .text.dcd_sof_enable
                0x0800a4c4       0x6c ./tinyusb/src/portable/synopsys/dwc2/dcd_dwc2.o
                0x0800a4c4                dcd_sof_enable
 .text.dcd_edpt_open
                0x0800a530       0x64 ./tinyusb/src/portable/synopsys/dwc2/dcd_dwc2.o
                0x0800a530                dcd_edpt_open
 .text.dcd_edpt_close_all
                0x0800a594      0x124 ./tinyusb/src/portable/synopsys/dwc2/dcd_dwc2.o
                0x0800a594                dcd_edpt_close_all
 .text.dcd_edpt_xfer
                0x0800a6b8       0xa0 ./tinyusb/src/portable/synopsys/dwc2/dcd_dwc2.o
                0x0800a6b8                dcd_edpt_xfer
 .text.dcd_edpt_stall
                0x0800a758       0x6c ./tinyusb/src/portable/synopsys/dwc2/dcd_dwc2.o
                0x0800a758                dcd_edpt_stall
 .text.dcd_edpt_clear_stall
                0x0800a7c4       0x8c ./tinyusb/src/portable/synopsys/dwc2/dcd_dwc2.o
                0x0800a7c4                dcd_edpt_clear_stall
 .text.handle_bus_reset
                0x0800a850      0x1d8 ./tinyusb/src/portable/synopsys/dwc2/dcd_dwc2.o
 .text.handle_enum_done
                0x0800aa28       0x8c ./tinyusb/src/portable/synopsys/dwc2/dcd_dwc2.o
 .text.handle_rxflvl_irq
                0x0800aab4      0x150 ./tinyusb/src/portable/synopsys/dwc2/dcd_dwc2.o
 .text.handle_epout_slave
                0x0800ac04      0x100 ./tinyusb/src/portable/synopsys/dwc2/dcd_dwc2.o
 .text.handle_epin_slave
                0x0800ad04      0x1cc ./tinyusb/src/portable/synopsys/dwc2/dcd_dwc2.o
 .text.handle_ep_irq
                0x0800aed0      0x108 ./tinyusb/src/portable/synopsys/dwc2/dcd_dwc2.o
 .text.dcd_int_handler
                0x0800afd8      0x22c ./tinyusb/src/portable/synopsys/dwc2/dcd_dwc2.o
                0x0800afd8                dcd_int_handler
 .text.dwc2_phy_init
                0x0800b204       0x38 ./tinyusb/src/portable/synopsys/dwc2/dwc2_common.o
 .text.dwc2_phy_update
                0x0800b23c       0xec ./tinyusb/src/portable/synopsys/dwc2/dwc2_common.o
 .text.reset_core
                0x0800b328       0x6c ./tinyusb/src/portable/synopsys/dwc2/dwc2_common.o
 .text.phy_fs_init
                0x0800b394       0x50 ./tinyusb/src/portable/synopsys/dwc2/dwc2_common.o
 .text.phy_hs_init
                0x0800b3e4       0xdc ./tinyusb/src/portable/synopsys/dwc2/dwc2_common.o
 .text.check_dwc2
                0x0800b4c0       0x60 ./tinyusb/src/portable/synopsys/dwc2/dwc2_common.o
 .text.dwc2_core_is_highspeed
                0x0800b520       0x3a ./tinyusb/src/portable/synopsys/dwc2/dwc2_common.o
                0x0800b520                dwc2_core_is_highspeed
 *fill*         0x0800b55a        0x2 
 .text.dwc2_core_init
                0x0800b55c      0x118 ./tinyusb/src/portable/synopsys/dwc2/dwc2_common.o
                0x0800b55c                dwc2_core_init
 .text.dfifo_read_packet
                0x0800b674       0xa2 ./tinyusb/src/portable/synopsys/dwc2/dwc2_common.o
                0x0800b674                dfifo_read_packet
 .text.dfifo_write_packet
                0x0800b716       0x94 ./tinyusb/src/portable/synopsys/dwc2/dwc2_common.o
                0x0800b716                dfifo_write_packet
 *fill*         0x0800b7aa        0x2 
 .text.tusb_rhport_init
                0x0800b7ac       0xc8 ./tinyusb/src/tusb.o
                0x0800b7ac                tusb_rhport_init
 .text.tu_edpt_claim
                0x0800b874       0x74 ./tinyusb/src/tusb.o
                0x0800b874                tu_edpt_claim
 .text.tu_edpt_release
                0x0800b8e8       0x54 ./tinyusb/src/tusb.o
                0x0800b8e8                tu_edpt_release
 .text.tu_edpt_validate
                0x0800b93c      0x134 ./tinyusb/src/tusb.o
                0x0800b93c                tu_edpt_validate
 .text.tu_edpt_bind_driver
                0x0800ba70       0x8a ./tinyusb/src/tusb.o
                0x0800ba70                tu_edpt_bind_driver
 .text.atoi     0x0800bafa        0x8 C:/ST/STM32CubeIDE_1.17.0/STM32CubeIDE/plugins/com.st.stm32cube.ide.mcu.externaltools.gnu-tools-for-stm32.13.3.rel1.win32_1.0.0.202411081344/tools/bin/../lib/gcc/arm-none-eabi/13.3.1/../../../../arm-none-eabi/lib/thumb/v7e-m+fp/hard\libc_nano.a(libc_a-atoi.o)
                0x0800bafa                atoi
 *fill*         0x0800bb02        0x2 
 .text._strtol_l.isra.0
                0x0800bb04       0xf4 C:/ST/STM32CubeIDE_1.17.0/STM32CubeIDE/plugins/com.st.stm32cube.ide.mcu.externaltools.gnu-tools-for-stm32.13.3.rel1.win32_1.0.0.202411081344/tools/bin/../lib/gcc/arm-none-eabi/13.3.1/../../../../arm-none-eabi/lib/thumb/v7e-m+fp/hard\libc_nano.a(libc_a-strtol.o)
 .text.strtol   0x0800bbf8       0x14 C:/ST/STM32CubeIDE_1.17.0/STM32CubeIDE/plugins/com.st.stm32cube.ide.mcu.externaltools.gnu-tools-for-stm32.13.3.rel1.win32_1.0.0.202411081344/tools/bin/../lib/gcc/arm-none-eabi/13.3.1/../../../../arm-none-eabi/lib/thumb/v7e-m+fp/hard\libc_nano.a(libc_a-strtol.o)
                0x0800bbf8                strtol
 .text.std      0x0800bc0c       0x6c C:/ST/STM32CubeIDE_1.17.0/STM32CubeIDE/plugins/com.st.stm32cube.ide.mcu.externaltools.gnu-tools-for-stm32.13.3.rel1.win32_1.0.0.202411081344/tools/bin/../lib/gcc/arm-none-eabi/13.3.1/../../../../arm-none-eabi/lib/thumb/v7e-m+fp/hard\libc_nano.a(libc_a-findfp.o)
 .text.stdio_exit_handler
                0x0800bc78       0x18 C:/ST/STM32CubeIDE_1.17.0/STM32CubeIDE/plugins/com.st.stm32cube.ide.mcu.externaltools.gnu-tools-for-stm32.13.3.rel1.win32_1.0.0.202411081344/tools/bin/../lib/gcc/arm-none-eabi/13.3.1/../../../../arm-none-eabi/lib/thumb/v7e-m+fp/hard\libc_nano.a(libc_a-findfp.o)
 .text.cleanup_stdio
                0x0800bc90       0x40 C:/ST/STM32CubeIDE_1.17.0/STM32CubeIDE/plugins/com.st.stm32cube.ide.mcu.externaltools.gnu-tools-for-stm32.13.3.rel1.win32_1.0.0.202411081344/tools/bin/../lib/gcc/arm-none-eabi/13.3.1/../../../../arm-none-eabi/lib/thumb/v7e-m+fp/hard\libc_nano.a(libc_a-findfp.o)
 .text.global_stdio_init.part.0
                0x0800bcd0       0x3c C:/ST/STM32CubeIDE_1.17.0/STM32CubeIDE/plugins/com.st.stm32cube.ide.mcu.externaltools.gnu-tools-for-stm32.13.3.rel1.win32_1.0.0.202411081344/tools/bin/../lib/gcc/arm-none-eabi/13.3.1/../../../../arm-none-eabi/lib/thumb/v7e-m+fp/hard\libc_nano.a(libc_a-findfp.o)
 .text.__sfp_lock_acquire
                0x0800bd0c        0xc C:/ST/STM32CubeIDE_1.17.0/STM32CubeIDE/plugins/com.st.stm32cube.ide.mcu.externaltools.gnu-tools-for-stm32.13.3.rel1.win32_1.0.0.202411081344/tools/bin/../lib/gcc/arm-none-eabi/13.3.1/../../../../arm-none-eabi/lib/thumb/v7e-m+fp/hard\libc_nano.a(libc_a-findfp.o)
                0x0800bd0c                __sfp_lock_acquire
 .text.__sfp_lock_release
                0x0800bd18        0xc C:/ST/STM32CubeIDE_1.17.0/STM32CubeIDE/plugins/com.st.stm32cube.ide.mcu.externaltools.gnu-tools-for-stm32.13.3.rel1.win32_1.0.0.202411081344/tools/bin/../lib/gcc/arm-none-eabi/13.3.1/../../../../arm-none-eabi/lib/thumb/v7e-m+fp/hard\libc_nano.a(libc_a-findfp.o)
                0x0800bd18                __sfp_lock_release
 .text.__sinit  0x0800bd24       0x30 C:/ST/STM32CubeIDE_1.17.0/STM32CubeIDE/plugins/com.st.stm32cube.ide.mcu.externaltools.gnu-tools-for-stm32.13.3.rel1.win32_1.0.0.202411081344/tools/bin/../lib/gcc/arm-none-eabi/13.3.1/../../../../arm-none-eabi/lib/thumb/v7e-m+fp/hard\libc_nano.a(libc_a-findfp.o)
                0x0800bd24                __sinit
 .text._fwalk_sglue
                0x0800bd54       0x3c C:/ST/STM32CubeIDE_1.17.0/STM32CubeIDE/plugins/com.st.stm32cube.ide.mcu.externaltools.gnu-tools-for-stm32.13.3.rel1.win32_1.0.0.202411081344/tools/bin/../lib/gcc/arm-none-eabi/13.3.1/../../../../arm-none-eabi/lib/thumb/v7e-m+fp/hard\libc_nano.a(libc_a-fwalk.o)
                0x0800bd54                _fwalk_sglue
 .text.snprintf
                0x0800bd90       0x6c C:/ST/STM32CubeIDE_1.17.0/STM32CubeIDE/plugins/com.st.stm32cube.ide.mcu.externaltools.gnu-tools-for-stm32.13.3.rel1.win32_1.0.0.202411081344/tools/bin/../lib/gcc/arm-none-eabi/13.3.1/../../../../arm-none-eabi/lib/thumb/v7e-m+fp/hard\libc_nano.a(libc_a-snprintf.o)
                0x0800bd90                sniprintf
                0x0800bd90                snprintf
 .text.sprintf  0x0800bdfc       0x44 C:/ST/STM32CubeIDE_1.17.0/STM32CubeIDE/plugins/com.st.stm32cube.ide.mcu.externaltools.gnu-tools-for-stm32.13.3.rel1.win32_1.0.0.202411081344/tools/bin/../lib/gcc/arm-none-eabi/13.3.1/../../../../arm-none-eabi/lib/thumb/v7e-m+fp/hard\libc_nano.a(libc_a-sprintf.o)
                0x0800bdfc                siprintf
                0x0800bdfc                sprintf
 .text.__sread  0x0800be40       0x22 C:/ST/STM32CubeIDE_1.17.0/STM32CubeIDE/plugins/com.st.stm32cube.ide.mcu.externaltools.gnu-tools-for-stm32.13.3.rel1.win32_1.0.0.202411081344/tools/bin/../lib/gcc/arm-none-eabi/13.3.1/../../../../arm-none-eabi/lib/thumb/v7e-m+fp/hard\libc_nano.a(libc_a-stdio.o)
                0x0800be40                __sread
 .text.__swrite
                0x0800be62       0x38 C:/ST/STM32CubeIDE_1.17.0/STM32CubeIDE/plugins/com.st.stm32cube.ide.mcu.externaltools.gnu-tools-for-stm32.13.3.rel1.win32_1.0.0.202411081344/tools/bin/../lib/gcc/arm-none-eabi/13.3.1/../../../../arm-none-eabi/lib/thumb/v7e-m+fp/hard\libc_nano.a(libc_a-stdio.o)
                0x0800be62                __swrite
 .text.__sseek  0x0800be9a       0x24 C:/ST/STM32CubeIDE_1.17.0/STM32CubeIDE/plugins/com.st.stm32cube.ide.mcu.externaltools.gnu-tools-for-stm32.13.3.rel1.win32_1.0.0.202411081344/tools/bin/../lib/gcc/arm-none-eabi/13.3.1/../../../../arm-none-eabi/lib/thumb/v7e-m+fp/hard\libc_nano.a(libc_a-stdio.o)
                0x0800be9a                __sseek
 .text.__sclose
                0x0800bebe        0x8 C:/ST/STM32CubeIDE_1.17.0/STM32CubeIDE/plugins/com.st.stm32cube.ide.mcu.externaltools.gnu-tools-for-stm32.13.3.rel1.win32_1.0.0.202411081344/tools/bin/../lib/gcc/arm-none-eabi/13.3.1/../../../../arm-none-eabi/lib/thumb/v7e-m+fp/hard\libc_nano.a(libc_a-stdio.o)
                0x0800bebe                __sclose
 .text.memset   0x0800bec6       0x10 C:/ST/STM32CubeIDE_1.17.0/STM32CubeIDE/plugins/com.st.stm32cube.ide.mcu.externaltools.gnu-tools-for-stm32.13.3.rel1.win32_1.0.0.202411081344/tools/bin/../lib/gcc/arm-none-eabi/13.3.1/../../../../arm-none-eabi/lib/thumb/v7e-m+fp/hard\libc_nano.a(libc_a-memset.o)
                0x0800bec6                memset
 *fill*         0x0800bed6        0x2 
 .text.strtok   0x0800bed8       0x68 C:/ST/STM32CubeIDE_1.17.0/STM32CubeIDE/plugins/com.st.stm32cube.ide.mcu.externaltools.gnu-tools-for-stm32.13.3.rel1.win32_1.0.0.202411081344/tools/bin/../lib/gcc/arm-none-eabi/13.3.1/../../../../arm-none-eabi/lib/thumb/v7e-m+fp/hard\libc_nano.a(libc_a-strtok.o)
                0x0800bed8                strtok
 .text.__strtok_r
                0x0800bf40       0x50 C:/ST/STM32CubeIDE_1.17.0/STM32CubeIDE/plugins/com.st.stm32cube.ide.mcu.externaltools.gnu-tools-for-stm32.13.3.rel1.win32_1.0.0.202411081344/tools/bin/../lib/gcc/arm-none-eabi/13.3.1/../../../../arm-none-eabi/lib/thumb/v7e-m+fp/hard\libc_nano.a(libc_a-strtok_r.o)
                0x0800bf40                __strtok_r
 .text._close_r
                0x0800bf90       0x20 C:/ST/STM32CubeIDE_1.17.0/STM32CubeIDE/plugins/com.st.stm32cube.ide.mcu.externaltools.gnu-tools-for-stm32.13.3.rel1.win32_1.0.0.202411081344/tools/bin/../lib/gcc/arm-none-eabi/13.3.1/../../../../arm-none-eabi/lib/thumb/v7e-m+fp/hard\libc_nano.a(libc_a-closer.o)
                0x0800bf90                _close_r
 .text._lseek_r
                0x0800bfb0       0x24 C:/ST/STM32CubeIDE_1.17.0/STM32CubeIDE/plugins/com.st.stm32cube.ide.mcu.externaltools.gnu-tools-for-stm32.13.3.rel1.win32_1.0.0.202411081344/tools/bin/../lib/gcc/arm-none-eabi/13.3.1/../../../../arm-none-eabi/lib/thumb/v7e-m+fp/hard\libc_nano.a(libc_a-lseekr.o)
                0x0800bfb0                _lseek_r
 .text._read_r  0x0800bfd4       0x24 C:/ST/STM32CubeIDE_1.17.0/STM32CubeIDE/plugins/com.st.stm32cube.ide.mcu.externaltools.gnu-tools-for-stm32.13.3.rel1.win32_1.0.0.202411081344/tools/bin/../lib/gcc/arm-none-eabi/13.3.1/../../../../arm-none-eabi/lib/thumb/v7e-m+fp/hard\libc_nano.a(libc_a-readr.o)
                0x0800bfd4                _read_r
 .text._write_r
                0x0800bff8       0x24 C:/ST/STM32CubeIDE_1.17.0/STM32CubeIDE/plugins/com.st.stm32cube.ide.mcu.externaltools.gnu-tools-for-stm32.13.3.rel1.win32_1.0.0.202411081344/tools/bin/../lib/gcc/arm-none-eabi/13.3.1/../../../../arm-none-eabi/lib/thumb/v7e-m+fp/hard\libc_nano.a(libc_a-writer.o)
                0x0800bff8                _write_r
 .text.__errno  0x0800c01c        0xc C:/ST/STM32CubeIDE_1.17.0/STM32CubeIDE/plugins/com.st.stm32cube.ide.mcu.externaltools.gnu-tools-for-stm32.13.3.rel1.win32_1.0.0.202411081344/tools/bin/../lib/gcc/arm-none-eabi/13.3.1/../../../../arm-none-eabi/lib/thumb/v7e-m+fp/hard\libc_nano.a(libc_a-errno.o)
                0x0800c01c                __errno
 .text.__libc_init_array
                0x0800c028       0x48 C:/ST/STM32CubeIDE_1.17.0/STM32CubeIDE/plugins/com.st.stm32cube.ide.mcu.externaltools.gnu-tools-for-stm32.13.3.rel1.win32_1.0.0.202411081344/tools/bin/../lib/gcc/arm-none-eabi/13.3.1/../../../../arm-none-eabi/lib/thumb/v7e-m+fp/hard\libc_nano.a(libc_a-init.o)
                0x0800c028                __libc_init_array
 .text.__retarget_lock_init_recursive
                0x0800c070        0x2 C:/ST/STM32CubeIDE_1.17.0/STM32CubeIDE/plugins/com.st.stm32cube.ide.mcu.externaltools.gnu-tools-for-stm32.13.3.rel1.win32_1.0.0.202411081344/tools/bin/../lib/gcc/arm-none-eabi/13.3.1/../../../../arm-none-eabi/lib/thumb/v7e-m+fp/hard\libc_nano.a(libc_a-lock.o)
                0x0800c070                __retarget_lock_init_recursive
 .text.__retarget_lock_acquire_recursive
                0x0800c072        0x2 C:/ST/STM32CubeIDE_1.17.0/STM32CubeIDE/plugins/com.st.stm32cube.ide.mcu.externaltools.gnu-tools-for-stm32.13.3.rel1.win32_1.0.0.202411081344/tools/bin/../lib/gcc/arm-none-eabi/13.3.1/../../../../arm-none-eabi/lib/thumb/v7e-m+fp/hard\libc_nano.a(libc_a-lock.o)
                0x0800c072                __retarget_lock_acquire_recursive
 .text.__retarget_lock_release_recursive
                0x0800c074        0x2 C:/ST/STM32CubeIDE_1.17.0/STM32CubeIDE/plugins/com.st.stm32cube.ide.mcu.externaltools.gnu-tools-for-stm32.13.3.rel1.win32_1.0.0.202411081344/tools/bin/../lib/gcc/arm-none-eabi/13.3.1/../../../../arm-none-eabi/lib/thumb/v7e-m+fp/hard\libc_nano.a(libc_a-lock.o)
                0x0800c074                __retarget_lock_release_recursive
 .text.memcpy   0x0800c076       0x1c C:/ST/STM32CubeIDE_1.17.0/STM32CubeIDE/plugins/com.st.stm32cube.ide.mcu.externaltools.gnu-tools-for-stm32.13.3.rel1.win32_1.0.0.202411081344/tools/bin/../lib/gcc/arm-none-eabi/13.3.1/../../../../arm-none-eabi/lib/thumb/v7e-m+fp/hard\libc_nano.a(libc_a-memcpy-stub.o)
                0x0800c076                memcpy
 *fill*         0x0800c092        0x2 
 .text.__assert_func
                0x0800c094       0x3c C:/ST/STM32CubeIDE_1.17.0/STM32CubeIDE/plugins/com.st.stm32cube.ide.mcu.externaltools.gnu-tools-for-stm32.13.3.rel1.win32_1.0.0.202411081344/tools/bin/../lib/gcc/arm-none-eabi/13.3.1/../../../../arm-none-eabi/lib/thumb/v7e-m+fp/hard\libc_nano.a(libc_a-assert.o)
                0x0800c094                __assert_func
 .text._free_r  0x0800c0d0       0x94 C:/ST/STM32CubeIDE_1.17.0/STM32CubeIDE/plugins/com.st.stm32cube.ide.mcu.externaltools.gnu-tools-for-stm32.13.3.rel1.win32_1.0.0.202411081344/tools/bin/../lib/gcc/arm-none-eabi/13.3.1/../../../../arm-none-eabi/lib/thumb/v7e-m+fp/hard\libc_nano.a(libc_a-freer.o)
                0x0800c0d0                _free_r
 .text.malloc   0x0800c164       0x10 C:/ST/STM32CubeIDE_1.17.0/STM32CubeIDE/plugins/com.st.stm32cube.ide.mcu.externaltools.gnu-tools-for-stm32.13.3.rel1.win32_1.0.0.202411081344/tools/bin/../lib/gcc/arm-none-eabi/13.3.1/../../../../arm-none-eabi/lib/thumb/v7e-m+fp/hard\libc_nano.a(libc_a-malloc.o)
                0x0800c164                malloc
 .text.sbrk_aligned
                0x0800c174       0x44 C:/ST/STM32CubeIDE_1.17.0/STM32CubeIDE/plugins/com.st.stm32cube.ide.mcu.externaltools.gnu-tools-for-stm32.13.3.rel1.win32_1.0.0.202411081344/tools/bin/../lib/gcc/arm-none-eabi/13.3.1/../../../../arm-none-eabi/lib/thumb/v7e-m+fp/hard\libc_nano.a(libc_a-mallocr.o)
 .text._malloc_r
                0x0800c1b8      0x100 C:/ST/STM32CubeIDE_1.17.0/STM32CubeIDE/plugins/com.st.stm32cube.ide.mcu.externaltools.gnu-tools-for-stm32.13.3.rel1.win32_1.0.0.202411081344/tools/bin/../lib/gcc/arm-none-eabi/13.3.1/../../../../arm-none-eabi/lib/thumb/v7e-m+fp/hard\libc_nano.a(libc_a-mallocr.o)
                0x0800c1b8                _malloc_r
 .text.__malloc_lock
                0x0800c2b8        0xc C:/ST/STM32CubeIDE_1.17.0/STM32CubeIDE/plugins/com.st.stm32cube.ide.mcu.externaltools.gnu-tools-for-stm32.13.3.rel1.win32_1.0.0.202411081344/tools/bin/../lib/gcc/arm-none-eabi/13.3.1/../../../../arm-none-eabi/lib/thumb/v7e-m+fp/hard\libc_nano.a(libc_a-mlock.o)
                0x0800c2b8                __malloc_lock
 .text.__malloc_unlock
                0x0800c2c4        0xc C:/ST/STM32CubeIDE_1.17.0/STM32CubeIDE/plugins/com.st.stm32cube.ide.mcu.externaltools.gnu-tools-for-stm32.13.3.rel1.win32_1.0.0.202411081344/tools/bin/../lib/gcc/arm-none-eabi/13.3.1/../../../../arm-none-eabi/lib/thumb/v7e-m+fp/hard\libc_nano.a(libc_a-mlock.o)
                0x0800c2c4                __malloc_unlock
 .text.__ssputs_r
                0x0800c2d0       0xb6 C:/ST/STM32CubeIDE_1.17.0/STM32CubeIDE/plugins/com.st.stm32cube.ide.mcu.externaltools.gnu-tools-for-stm32.13.3.rel1.win32_1.0.0.202411081344/tools/bin/../lib/gcc/arm-none-eabi/13.3.1/../../../../arm-none-eabi/lib/thumb/v7e-m+fp/hard\libc_nano.a(libc_a-nano-svfprintf.o)
                0x0800c2d0                __ssputs_r
 *fill*         0x0800c386        0x2 
 .text._svfprintf_r
                0x0800c388      0x1f8 C:/ST/STM32CubeIDE_1.17.0/STM32CubeIDE/plugins/com.st.stm32cube.ide.mcu.externaltools.gnu-tools-for-stm32.13.3.rel1.win32_1.0.0.202411081344/tools/bin/../lib/gcc/arm-none-eabi/13.3.1/../../../../arm-none-eabi/lib/thumb/v7e-m+fp/hard\libc_nano.a(libc_a-nano-svfprintf.o)
                0x0800c388                _svfiprintf_r
                0x0800c388                _svfprintf_r
 .text.__sfputc_r
                0x0800c580       0x2e C:/ST/STM32CubeIDE_1.17.0/STM32CubeIDE/plugins/com.st.stm32cube.ide.mcu.externaltools.gnu-tools-for-stm32.13.3.rel1.win32_1.0.0.202411081344/tools/bin/../lib/gcc/arm-none-eabi/13.3.1/../../../../arm-none-eabi/lib/thumb/v7e-m+fp/hard\libc_nano.a(libc_a-nano-vfprintf.o)
 .text.__sfputs_r
                0x0800c5ae       0x24 C:/ST/STM32CubeIDE_1.17.0/STM32CubeIDE/plugins/com.st.stm32cube.ide.mcu.externaltools.gnu-tools-for-stm32.13.3.rel1.win32_1.0.0.202411081344/tools/bin/../lib/gcc/arm-none-eabi/13.3.1/../../../../arm-none-eabi/lib/thumb/v7e-m+fp/hard\libc_nano.a(libc_a-nano-vfprintf.o)
                0x0800c5ae                __sfputs_r
 *fill*         0x0800c5d2        0x2 
 .text._vfprintf_r
                0x0800c5d4      0x230 C:/ST/STM32CubeIDE_1.17.0/STM32CubeIDE/plugins/com.st.stm32cube.ide.mcu.externaltools.gnu-tools-for-stm32.13.3.rel1.win32_1.0.0.202411081344/tools/bin/../lib/gcc/arm-none-eabi/13.3.1/../../../../arm-none-eabi/lib/thumb/v7e-m+fp/hard\libc_nano.a(libc_a-nano-vfprintf.o)
                0x0800c5d4                _vfprintf_r
                0x0800c5d4                _vfiprintf_r
 .text._printf_common
                0x0800c804       0xda C:/ST/STM32CubeIDE_1.17.0/STM32CubeIDE/plugins/com.st.stm32cube.ide.mcu.externaltools.gnu-tools-for-stm32.13.3.rel1.win32_1.0.0.202411081344/tools/bin/../lib/gcc/arm-none-eabi/13.3.1/../../../../arm-none-eabi/lib/thumb/v7e-m+fp/hard\libc_nano.a(libc_a-nano-vfprintf_i.o)
                0x0800c804                _printf_common
 *fill*         0x0800c8de        0x2 
 .text._printf_i
                0x0800c8e0      0x23c C:/ST/STM32CubeIDE_1.17.0/STM32CubeIDE/plugins/com.st.stm32cube.ide.mcu.externaltools.gnu-tools-for-stm32.13.3.rel1.win32_1.0.0.202411081344/tools/bin/../lib/gcc/arm-none-eabi/13.3.1/../../../../arm-none-eabi/lib/thumb/v7e-m+fp/hard\libc_nano.a(libc_a-nano-vfprintf_i.o)
                0x0800c8e0                _printf_i
 .text.__sflush_r
                0x0800cb1c      0x108 C:/ST/STM32CubeIDE_1.17.0/STM32CubeIDE/plugins/com.st.stm32cube.ide.mcu.externaltools.gnu-tools-for-stm32.13.3.rel1.win32_1.0.0.202411081344/tools/bin/../lib/gcc/arm-none-eabi/13.3.1/../../../../arm-none-eabi/lib/thumb/v7e-m+fp/hard\libc_nano.a(libc_a-fflush.o)
                0x0800cb1c                __sflush_r
 .text._fflush_r
                0x0800cc24       0x50 C:/ST/STM32CubeIDE_1.17.0/STM32CubeIDE/plugins/com.st.stm32cube.ide.mcu.externaltools.gnu-tools-for-stm32.13.3.rel1.win32_1.0.0.202411081344/tools/bin/../lib/gcc/arm-none-eabi/13.3.1/../../../../arm-none-eabi/lib/thumb/v7e-m+fp/hard\libc_nano.a(libc_a-fflush.o)
                0x0800cc24                _fflush_r
 .text.fprintf  0x0800cc74       0x24 C:/ST/STM32CubeIDE_1.17.0/STM32CubeIDE/plugins/com.st.stm32cube.ide.mcu.externaltools.gnu-tools-for-stm32.13.3.rel1.win32_1.0.0.202411081344/tools/bin/../lib/gcc/arm-none-eabi/13.3.1/../../../../arm-none-eabi/lib/thumb/v7e-m+fp/hard\libc_nano.a(libc_a-fprintf.o)
                0x0800cc74                fiprintf
                0x0800cc74                fprintf
 .text.__swbuf_r
                0x0800cc98       0x7c C:/ST/STM32CubeIDE_1.17.0/STM32CubeIDE/plugins/com.st.stm32cube.ide.mcu.externaltools.gnu-tools-for-stm32.13.3.rel1.win32_1.0.0.202411081344/tools/bin/../lib/gcc/arm-none-eabi/13.3.1/../../../../arm-none-eabi/lib/thumb/v7e-m+fp/hard\libc_nano.a(libc_a-wbuf.o)
                0x0800cc98                __swbuf_r
 .text.__swsetup_r
                0x0800cd14       0xac C:/ST/STM32CubeIDE_1.17.0/STM32CubeIDE/plugins/com.st.stm32cube.ide.mcu.externaltools.gnu-tools-for-stm32.13.3.rel1.win32_1.0.0.202411081344/tools/bin/../lib/gcc/arm-none-eabi/13.3.1/../../../../arm-none-eabi/lib/thumb/v7e-m+fp/hard\libc_nano.a(libc_a-wsetup.o)
                0x0800cd14                __swsetup_r
 .text.memmove  0x0800cdc0       0x34 C:/ST/STM32CubeIDE_1.17.0/STM32CubeIDE/plugins/com.st.stm32cube.ide.mcu.externaltools.gnu-tools-for-stm32.13.3.rel1.win32_1.0.0.202411081344/tools/bin/../lib/gcc/arm-none-eabi/13.3.1/../../../../arm-none-eabi/lib/thumb/v7e-m+fp/hard\libc_nano.a(libc_a-memmove.o)
                0x0800cdc0                memmove
 .text._sbrk_r  0x0800cdf4       0x20 C:/ST/STM32CubeIDE_1.17.0/STM32CubeIDE/plugins/com.st.stm32cube.ide.mcu.externaltools.gnu-tools-for-stm32.13.3.rel1.win32_1.0.0.202411081344/tools/bin/../lib/gcc/arm-none-eabi/13.3.1/../../../../arm-none-eabi/lib/thumb/v7e-m+fp/hard\libc_nano.a(libc_a-sbrkr.o)
                0x0800cdf4                _sbrk_r
 .text.abort    0x0800ce14        0xe C:/ST/STM32CubeIDE_1.17.0/STM32CubeIDE/plugins/com.st.stm32cube.ide.mcu.externaltools.gnu-tools-for-stm32.13.3.rel1.win32_1.0.0.202411081344/tools/bin/../lib/gcc/arm-none-eabi/13.3.1/../../../../arm-none-eabi/lib/thumb/v7e-m+fp/hard\libc_nano.a(libc_a-abort.o)
                0x0800ce14                abort
 .text._realloc_r
                0x0800ce22       0x5c C:/ST/STM32CubeIDE_1.17.0/STM32CubeIDE/plugins/com.st.stm32cube.ide.mcu.externaltools.gnu-tools-for-stm32.13.3.rel1.win32_1.0.0.202411081344/tools/bin/../lib/gcc/arm-none-eabi/13.3.1/../../../../arm-none-eabi/lib/thumb/v7e-m+fp/hard\libc_nano.a(libc_a-reallocr.o)
                0x0800ce22                _realloc_r
 .text.__swhatbuf_r
                0x0800ce7e       0x4c C:/ST/STM32CubeIDE_1.17.0/STM32CubeIDE/plugins/com.st.stm32cube.ide.mcu.externaltools.gnu-tools-for-stm32.13.3.rel1.win32_1.0.0.202411081344/tools/bin/../lib/gcc/arm-none-eabi/13.3.1/../../../../arm-none-eabi/lib/thumb/v7e-m+fp/hard\libc_nano.a(libc_a-makebuf.o)
                0x0800ce7e                __swhatbuf_r
 .text.__smakebuf_r
                0x0800ceca       0x78 C:/ST/STM32CubeIDE_1.17.0/STM32CubeIDE/plugins/com.st.stm32cube.ide.mcu.externaltools.gnu-tools-for-stm32.13.3.rel1.win32_1.0.0.202411081344/tools/bin/../lib/gcc/arm-none-eabi/13.3.1/../../../../arm-none-eabi/lib/thumb/v7e-m+fp/hard\libc_nano.a(libc_a-makebuf.o)
                0x0800ceca                __smakebuf_r
 .text._raise_r
                0x0800cf42       0x50 C:/ST/STM32CubeIDE_1.17.0/STM32CubeIDE/plugins/com.st.stm32cube.ide.mcu.externaltools.gnu-tools-for-stm32.13.3.rel1.win32_1.0.0.202411081344/tools/bin/../lib/gcc/arm-none-eabi/13.3.1/../../../../arm-none-eabi/lib/thumb/v7e-m+fp/hard\libc_nano.a(libc_a-signal.o)
                0x0800cf42                _raise_r
 *fill*         0x0800cf92        0x2 
 .text.raise    0x0800cf94       0x10 C:/ST/STM32CubeIDE_1.17.0/STM32CubeIDE/plugins/com.st.stm32cube.ide.mcu.externaltools.gnu-tools-for-stm32.13.3.rel1.win32_1.0.0.202411081344/tools/bin/../lib/gcc/arm-none-eabi/13.3.1/../../../../arm-none-eabi/lib/thumb/v7e-m+fp/hard\libc_nano.a(libc_a-signal.o)
                0x0800cf94                raise
 .text._fstat_r
                0x0800cfa4       0x24 C:/ST/STM32CubeIDE_1.17.0/STM32CubeIDE/plugins/com.st.stm32cube.ide.mcu.externaltools.gnu-tools-for-stm32.13.3.rel1.win32_1.0.0.202411081344/tools/bin/../lib/gcc/arm-none-eabi/13.3.1/../../../../arm-none-eabi/lib/thumb/v7e-m+fp/hard\libc_nano.a(libc_a-fstatr.o)
                0x0800cfa4                _fstat_r
 .text._isatty_r
                0x0800cfc8       0x20 C:/ST/STM32CubeIDE_1.17.0/STM32CubeIDE/plugins/com.st.stm32cube.ide.mcu.externaltools.gnu-tools-for-stm32.13.3.rel1.win32_1.0.0.202411081344/tools/bin/../lib/gcc/arm-none-eabi/13.3.1/../../../../arm-none-eabi/lib/thumb/v7e-m+fp/hard\libc_nano.a(libc_a-isattyr.o)
                0x0800cfc8                _isatty_r
 .text._kill_r  0x0800cfe8       0x24 C:/ST/STM32CubeIDE_1.17.0/STM32CubeIDE/plugins/com.st.stm32cube.ide.mcu.externaltools.gnu-tools-for-stm32.13.3.rel1.win32_1.0.0.202411081344/tools/bin/../lib/gcc/arm-none-eabi/13.3.1/../../../../arm-none-eabi/lib/thumb/v7e-m+fp/hard\libc_nano.a(libc_a-signalr.o)
                0x0800cfe8                _kill_r
 .text._getpid_r
                0x0800d00c        0x4 C:/ST/STM32CubeIDE_1.17.0/STM32CubeIDE/plugins/com.st.stm32cube.ide.mcu.externaltools.gnu-tools-for-stm32.13.3.rel1.win32_1.0.0.202411081344/tools/bin/../lib/gcc/arm-none-eabi/13.3.1/../../../../arm-none-eabi/lib/thumb/v7e-m+fp/hard\libc_nano.a(libc_a-signalr.o)
                0x0800d00c                _getpid_r
 .text._malloc_usable_size_r
                0x0800d010       0x10 C:/ST/STM32CubeIDE_1.17.0/STM32CubeIDE/plugins/com.st.stm32cube.ide.mcu.externaltools.gnu-tools-for-stm32.13.3.rel1.win32_1.0.0.202411081344/tools/bin/../lib/gcc/arm-none-eabi/13.3.1/../../../../arm-none-eabi/lib/thumb/v7e-m+fp/hard\libc_nano.a(libc_a-msizer.o)
                0x0800d010                _malloc_usable_size_r
 *(.glue_7)
 .glue_7        0x0800d020        0x0 linker stubs
 *(.glue_7t)
 .glue_7t       0x0800d020        0x0 linker stubs
 *(.eh_frame)
 .eh_frame      0x0800d020        0x0 C:/ST/STM32CubeIDE_1.17.0/STM32CubeIDE/plugins/com.st.stm32cube.ide.mcu.externaltools.gnu-tools-for-stm32.13.3.rel1.win32_1.0.0.202411081344/tools/bin/../lib/gcc/arm-none-eabi/13.3.1/thumb/v7e-m+fp/hard/crtbegin.o
 *(.init)
 .init          0x0800d020        0x4 C:/ST/STM32CubeIDE_1.17.0/STM32CubeIDE/plugins/com.st.stm32cube.ide.mcu.externaltools.gnu-tools-for-stm32.13.3.rel1.win32_1.0.0.202411081344/tools/bin/../lib/gcc/arm-none-eabi/13.3.1/thumb/v7e-m+fp/hard/crti.o
                0x0800d020                _init
 .init          0x0800d024        0x8 C:/ST/STM32CubeIDE_1.17.0/STM32CubeIDE/plugins/com.st.stm32cube.ide.mcu.externaltools.gnu-tools-for-stm32.13.3.rel1.win32_1.0.0.202411081344/tools/bin/../lib/gcc/arm-none-eabi/13.3.1/thumb/v7e-m+fp/hard/crtn.o
 *(.fini)
 .fini          0x0800d02c        0x4 C:/ST/STM32CubeIDE_1.17.0/STM32CubeIDE/plugins/com.st.stm32cube.ide.mcu.externaltools.gnu-tools-for-stm32.13.3.rel1.win32_1.0.0.202411081344/tools/bin/../lib/gcc/arm-none-eabi/13.3.1/thumb/v7e-m+fp/hard/crti.o
                0x0800d02c                _fini
 .fini          0x0800d030        0x8 C:/ST/STM32CubeIDE_1.17.0/STM32CubeIDE/plugins/com.st.stm32cube.ide.mcu.externaltools.gnu-tools-for-stm32.13.3.rel1.win32_1.0.0.202411081344/tools/bin/../lib/gcc/arm-none-eabi/13.3.1/thumb/v7e-m+fp/hard/crtn.o
                0x0800d038                        . = ALIGN (0x4)
                0x0800d038                        _etext = .

.vfp11_veneer   0x0800d038        0x0
 .vfp11_veneer  0x0800d038        0x0 linker stubs

.v4_bx          0x0800d038        0x0
 .v4_bx         0x0800d038        0x0 linker stubs

.iplt           0x0800d038        0x0
 .iplt          0x0800d038        0x0 C:/ST/STM32CubeIDE_1.17.0/STM32CubeIDE/plugins/com.st.stm32cube.ide.mcu.externaltools.gnu-tools-for-stm32.13.3.rel1.win32_1.0.0.202411081344/tools/bin/../lib/gcc/arm-none-eabi/13.3.1/thumb/v7e-m+fp/hard/crtbegin.o

.rodata         0x0800d038     0x1100
                0x0800d038                        . = ALIGN (0x4)
 *(.rodata)
 .rodata        0x0800d038      0x6d5 ./Core/Src/cdc.o
 *fill*         0x0800d70d        0x3 
 .rodata        0x0800d710       0x4a ./Core/Src/main.o
 *fill*         0x0800d75a        0x2 
 .rodata        0x0800d75c       0x34 ./Core/Src/usb_descriptors.o
 *(.rodata*)
 .rodata.keyboard_default_user_config
                0x0800d790       0x48 ./Core/Src/config.o
                0x0800d790                keyboard_default_user_config
 .rodata.channels_by_row_col
                0x0800d7d8       0x20 ./Core/Src/config.o
                0x0800d7d8                channels_by_row_col
 .rodata.amux_select_pins
                0x0800d7f8       0x10 ./Core/Src/main.o
                0x0800d7f8                amux_select_pins
 .rodata.Font6x8
                0x0800d808      0x5f0 ./Core/Src/ssd1306_fonts.o
 .rodata.Font_6x8
                0x0800ddf8        0xc ./Core/Src/ssd1306_fonts.o
                0x0800ddf8                Font_6x8
 .rodata.AHBPrescTable
                0x0800de04       0x10 ./Core/Src/system_stm32f4xx.o
                0x0800de04                AHBPrescTable
 .rodata.APBPrescTable
                0x0800de14        0x8 ./Core/Src/system_stm32f4xx.o
                0x0800de14                APBPrescTable
 .rodata.desc_device
                0x0800de1c       0x12 ./Core/Src/usb_descriptors.o
                0x0800de1c                desc_device
 *fill*         0x0800de2e        0x2 
 .rodata.desc_hid_report
                0x0800de30       0x5c ./Core/Src/usb_descriptors.o
                0x0800de30                desc_hid_report
 .rodata.desc_configuration
                0x0800de8c       0x64 ./Core/Src/usb_descriptors.o
                0x0800de8c                desc_configuration
 .rodata.__compound_literal.0
                0x0800def0        0x2 ./Core/Src/usb_descriptors.o
 *fill*         0x0800def2        0x2 
 .rodata._usbd_driver
                0x0800def4       0x40 ./tinyusb/src/device/usbd.o
 .rodata._dwc2_controller
                0x0800df34       0x10 ./tinyusb/src/portable/synopsys/dwc2/dcd_dwc2.o
 .rodata._dwc2_controller
                0x0800df44       0x10 ./tinyusb/src/portable/synopsys/dwc2/dwc2_common.o
 .rodata._ctype_
                0x0800df54      0x101 C:/ST/STM32CubeIDE_1.17.0/STM32CubeIDE/plugins/com.st.stm32cube.ide.mcu.externaltools.gnu-tools-for-stm32.13.3.rel1.win32_1.0.0.202411081344/tools/bin/../lib/gcc/arm-none-eabi/13.3.1/../../../../arm-none-eabi/lib/thumb/v7e-m+fp/hard\libc_nano.a(libc_a-ctype_.o)
                0x0800df54                _ctype_
 .rodata.strtok.str1.1
                0x0800e055       0xe0 C:/ST/STM32CubeIDE_1.17.0/STM32CubeIDE/plugins/com.st.stm32cube.ide.mcu.externaltools.gnu-tools-for-stm32.13.3.rel1.win32_1.0.0.202411081344/tools/bin/../lib/gcc/arm-none-eabi/13.3.1/../../../../arm-none-eabi/lib/thumb/v7e-m+fp/hard\libc_nano.a(libc_a-strtok.o)
                                 0x71 (size before relaxing)
 .rodata.__assert_func.str1.1
                0x0800e135       0x3d C:/ST/STM32CubeIDE_1.17.0/STM32CubeIDE/plugins/com.st.stm32cube.ide.mcu.externaltools.gnu-tools-for-stm32.13.3.rel1.win32_1.0.0.202411081344/tools/bin/../lib/gcc/arm-none-eabi/13.3.1/../../../../arm-none-eabi/lib/thumb/v7e-m+fp/hard\libc_nano.a(libc_a-assert.o)
 .rodata._svfprintf_r.str1.1
                0x0800e135       0x11 C:/ST/STM32CubeIDE_1.17.0/STM32CubeIDE/plugins/com.st.stm32cube.ide.mcu.externaltools.gnu-tools-for-stm32.13.3.rel1.win32_1.0.0.202411081344/tools/bin/../lib/gcc/arm-none-eabi/13.3.1/../../../../arm-none-eabi/lib/thumb/v7e-m+fp/hard\libc_nano.a(libc_a-nano-svfprintf.o)
 .rodata._vfprintf_r.str1.1
                0x0800e135       0x11 C:/ST/STM32CubeIDE_1.17.0/STM32CubeIDE/plugins/com.st.stm32cube.ide.mcu.externaltools.gnu-tools-for-stm32.13.3.rel1.win32_1.0.0.202411081344/tools/bin/../lib/gcc/arm-none-eabi/13.3.1/../../../../arm-none-eabi/lib/thumb/v7e-m+fp/hard\libc_nano.a(libc_a-nano-vfprintf.o)
 .rodata._printf_i.str1.1
                0x0800e135       0x22 C:/ST/STM32CubeIDE_1.17.0/STM32CubeIDE/plugins/com.st.stm32cube.ide.mcu.externaltools.gnu-tools-for-stm32.13.3.rel1.win32_1.0.0.202411081344/tools/bin/../lib/gcc/arm-none-eabi/13.3.1/../../../../arm-none-eabi/lib/thumb/v7e-m+fp/hard\libc_nano.a(libc_a-nano-vfprintf_i.o)
                0x0800e174                        . = ALIGN (0x4)
 *fill*         0x0800e135        0x3 

.ARM.extab      0x0800e138        0x0
                0x0800e138                        . = ALIGN (0x4)
 *(.ARM.extab* .gnu.linkonce.armextab.*)
                0x0800e138                        . = ALIGN (0x4)

.ARM            0x0800e138        0x8
                0x0800e138                        . = ALIGN (0x4)
                0x0800e138                        __exidx_start = .
 *(.ARM.exidx*)
 .ARM.exidx     0x0800e138        0x8 C:/ST/STM32CubeIDE_1.17.0/STM32CubeIDE/plugins/com.st.stm32cube.ide.mcu.externaltools.gnu-tools-for-stm32.13.3.rel1.win32_1.0.0.202411081344/tools/bin/../lib/gcc/arm-none-eabi/13.3.1/../../../../arm-none-eabi/lib/thumb/v7e-m+fp/hard\libc_nano.a(libc_a-strcmp.o)
 .ARM.exidx     0x0800e140        0x0 C:/ST/STM32CubeIDE_1.17.0/STM32CubeIDE/plugins/com.st.stm32cube.ide.mcu.externaltools.gnu-tools-for-stm32.13.3.rel1.win32_1.0.0.202411081344/tools/bin/../lib/gcc/arm-none-eabi/13.3.1/../../../../arm-none-eabi/lib/thumb/v7e-m+fp/hard\libc_nano.a(libc_a-strlen.o)
                                  0x8 (size before relaxing)
 .ARM.exidx     0x0800e140        0x0 C:/ST/STM32CubeIDE_1.17.0/STM32CubeIDE/plugins/com.st.stm32cube.ide.mcu.externaltools.gnu-tools-for-stm32.13.3.rel1.win32_1.0.0.202411081344/tools/bin/../lib/gcc/arm-none-eabi/13.3.1/../../../../arm-none-eabi/lib/thumb/v7e-m+fp/hard\libc_nano.a(libc_a-memchr.o)
                                  0x8 (size before relaxing)
 .ARM.exidx     0x0800e140        0x0 C:/ST/STM32CubeIDE_1.17.0/STM32CubeIDE/plugins/com.st.stm32cube.ide.mcu.externaltools.gnu-tools-for-stm32.13.3.rel1.win32_1.0.0.202411081344/tools/bin/../lib/gcc/arm-none-eabi/13.3.1/thumb/v7e-m+fp/hard\libgcc.a(_udivmoddi4.o)
                                  0x8 (size before relaxing)
                0x0800e140                        __exidx_end = .
                0x0800e140                        . = ALIGN (0x4)

.rel.dyn        0x0800e140        0x0
 .rel.iplt      0x0800e140        0x0 C:/ST/STM32CubeIDE_1.17.0/STM32CubeIDE/plugins/com.st.stm32cube.ide.mcu.externaltools.gnu-tools-for-stm32.13.3.rel1.win32_1.0.0.202411081344/tools/bin/../lib/gcc/arm-none-eabi/13.3.1/thumb/v7e-m+fp/hard/crtbegin.o

.preinit_array  0x0800e140        0x0
                0x0800e140                        . = ALIGN (0x4)
                0x0800e140                        PROVIDE (__preinit_array_start = .)
 *(.preinit_array*)
                0x0800e140                        PROVIDE (__preinit_array_end = .)
                0x0800e140                        . = ALIGN (0x4)

.init_array     0x0800e140        0x4
                0x0800e140                        . = ALIGN (0x4)
                0x0800e140                        PROVIDE (__init_array_start = .)
 *(SORT_BY_NAME(.init_array.*))
 *(.init_array*)
 .init_array    0x0800e140        0x4 C:/ST/STM32CubeIDE_1.17.0/STM32CubeIDE/plugins/com.st.stm32cube.ide.mcu.externaltools.gnu-tools-for-stm32.13.3.rel1.win32_1.0.0.202411081344/tools/bin/../lib/gcc/arm-none-eabi/13.3.1/thumb/v7e-m+fp/hard/crtbegin.o
                0x0800e144                        PROVIDE (__init_array_end = .)
                0x0800e144                        . = ALIGN (0x4)

.fini_array     0x0800e144        0x4
                0x0800e144                        . = ALIGN (0x4)
                [!provide]                        PROVIDE (__fini_array_start = .)
 *(SORT_BY_NAME(.fini_array.*))
 *(.fini_array*)
 .fini_array    0x0800e144        0x4 C:/ST/STM32CubeIDE_1.17.0/STM32CubeIDE/plugins/com.st.stm32cube.ide.mcu.externaltools.gnu-tools-for-stm32.13.3.rel1.win32_1.0.0.202411081344/tools/bin/../lib/gcc/arm-none-eabi/13.3.1/thumb/v7e-m+fp/hard/crtbegin.o
                [!provide]                        PROVIDE (__fini_array_end = .)
                0x0800e148                        . = ALIGN (0x4)
                0x0800e148                        _sidata = LOADADDR (.data)

.data           0x20000000       0xe0 load address 0x0800e148
                0x20000000                        . = ALIGN (0x4)
                0x20000000                        _sdata = .
 *(.data)
 *(.data*)
 .data.keyboard_user_config
                0x20000000       0x48 ./Core/Src/keyboard.o
                0x20000000                keyboard_user_config
 .data.SystemCoreClock
                0x20000048        0x4 ./Core/Src/system_stm32f4xx.o
                0x20000048                SystemCoreClock
 .data.string_desc_arr
                0x2000004c       0x18 ./Core/Src/usb_descriptors.o
                0x2000004c                string_desc_arr
 .data.uwTickPrio
                0x20000064        0x4 ./Drivers/STM32F4xx_HAL_Driver/Src/stm32f4xx_hal.o
                0x20000064                uwTickPrio
 .data.uwTickFreq
                0x20000068        0x1 ./Drivers/STM32F4xx_HAL_Driver/Src/stm32f4xx_hal.o
                0x20000068                uwTickFreq
 *fill*         0x20000069        0x3 
 .data._cdcd_cfg
                0x2000006c        0x1 ./tinyusb/src/class/cdc/cdc_device.o
 .data._usbd_rhport
                0x2000006d        0x1 ./tinyusb/src/device/usbd.o
 *fill*         0x2000006e        0x2 
 .data._usbd_spin
                0x20000070        0x4 ./tinyusb/src/device/usbd.o
 .data._usbd_qdef
                0x20000074       0x10 ./tinyusb/src/device/usbd.o
                0x20000074                _usbd_qdef
 .data.__sglue  0x20000084        0xc C:/ST/STM32CubeIDE_1.17.0/STM32CubeIDE/plugins/com.st.stm32cube.ide.mcu.externaltools.gnu-tools-for-stm32.13.3.rel1.win32_1.0.0.202411081344/tools/bin/../lib/gcc/arm-none-eabi/13.3.1/../../../../arm-none-eabi/lib/thumb/v7e-m+fp/hard\libc_nano.a(libc_a-findfp.o)
                0x20000084                __sglue
 .data._impure_ptr
                0x20000090        0x4 C:/ST/STM32CubeIDE_1.17.0/STM32CubeIDE/plugins/com.st.stm32cube.ide.mcu.externaltools.gnu-tools-for-stm32.13.3.rel1.win32_1.0.0.202411081344/tools/bin/../lib/gcc/arm-none-eabi/13.3.1/../../../../arm-none-eabi/lib/thumb/v7e-m+fp/hard\libc_nano.a(libc_a-impure.o)
                0x20000090                _impure_ptr
 .data._impure_data
                0x20000094       0x4c C:/ST/STM32CubeIDE_1.17.0/STM32CubeIDE/plugins/com.st.stm32cube.ide.mcu.externaltools.gnu-tools-for-stm32.13.3.rel1.win32_1.0.0.202411081344/tools/bin/../lib/gcc/arm-none-eabi/13.3.1/../../../../arm-none-eabi/lib/thumb/v7e-m+fp/hard\libc_nano.a(libc_a-impure.o)
                0x20000094                _impure_data
 *(.RamFunc)
 *(.RamFunc*)
                0x200000e0                        . = ALIGN (0x4)
                0x200000e0                        _edata = .

.igot.plt       0x200000e0        0x0 load address 0x0800e228
 .igot.plt      0x200000e0        0x0 C:/ST/STM32CubeIDE_1.17.0/STM32CubeIDE/plugins/com.st.stm32cube.ide.mcu.externaltools.gnu-tools-for-stm32.13.3.rel1.win32_1.0.0.202411081344/tools/bin/../lib/gcc/arm-none-eabi/13.3.1/thumb/v7e-m+fp/hard/crtbegin.o
                0x200000e0                        . = ALIGN (0x4)

.bss            0x200000e0     0x11b8 load address 0x0800e228
                0x200000e0                        _sbss = .
                0x200000e0                        __bss_start__ = _sbss
 *(.bss)