../tinyusb/src/tusb.c:48:19:tusb_time_delay_ms_api	16	static
../tinyusb/src/tusb.c:61:6:tusb_rhport_init	16	static,ignoring_inline_asm
../tinyusb/src/tusb.c:108:6:tusb_inited	0	static
../tinyusb/src/tusb.c:122:6:tusb_int_handler	0	static
../tinyusb/src/tusb.c:143:16:tu_desc_find	0	static
../tinyusb/src/tusb.c:153:16:tu_desc_find2	8	static
../tinyusb/src/tusb.c:163:16:tu_desc_find3	12	static
../tinyusb/src/tusb.c:177:6:tu_edpt_claim	0	static
../tinyusb/src/tusb.c:194:6:tu_edpt_release	0	static
../tinyusb/src/tusb.c:208:6:tu_edpt_validate	12	static,ignoring_inline_asm
../tinyusb/src/tusb.c:251:6:tu_edpt_bind_driver	12	static
../tinyusb/src/tusb.c:266:10:tu_desc_get_interface_total_len	16	static
../tinyusb/src/tusb.c:301:6:tu_edpt_stream_init	16	static
../tinyusb/src/tusb.c:321:6:tu_edpt_stream_deinit	0	static
../tinyusb/src/tusb.c:372:6:tu_edpt_stream_write_zlp_if_needed	24	static,ignoring_inline_asm
../tinyusb/src/tusb.c:381:10:tu_edpt_stream_write_xfer	16	static,ignoring_inline_asm
../tinyusb/src/tusb.c:401:10:tu_edpt_stream_write	24	static,ignoring_inline_asm
../tinyusb/src/tusb.c:424:10:tu_edpt_stream_write_available	8	static
../tinyusb/src/tusb.c:445:10:tu_edpt_stream_read_xfer	24	static,ignoring_inline_asm
../tinyusb/src/tusb.c:480:10:tu_edpt_stream_read	16	static
