Archive member included to satisfy reference by file (symbol)

C:/ST/STM32CubeIDE_1.18.0/STM32CubeIDE/plugins/com.st.stm32cube.ide.mcu.externaltools.gnu-tools-for-stm32.13.3.rel1.win32_1.0.0.202411081344/tools/bin/../lib/gcc/arm-none-eabi/13.3.1/../../../../arm-none-eabi/lib/thumb/v7e-m+fp/hard\libc_nano.a(libc_a-atoi.o)
                              ./Core/Src/cdc.o (atoi)
C:/ST/STM32CubeIDE_1.18.0/STM32CubeIDE/plugins/com.st.stm32cube.ide.mcu.externaltools.gnu-tools-for-stm32.13.3.rel1.win32_1.0.0.202411081344/tools/bin/../lib/gcc/arm-none-eabi/13.3.1/../../../../arm-none-eabi/lib/thumb/v7e-m+fp/hard\libc_nano.a(libc_a-exit.o)
                              C:/ST/STM32CubeIDE_1.18.0/STM32CubeIDE/plugins/com.st.stm32cube.ide.mcu.externaltools.gnu-tools-for-stm32.13.3.rel1.win32_1.0.0.202411081344/tools/bin/../lib/gcc/arm-none-eabi/13.3.1/../../../../arm-none-eabi/lib/thumb/v7e-m+fp/hard/crt0.o (exit)
C:/ST/STM32CubeIDE_1.18.0/STM32CubeIDE/plugins/com.st.stm32cube.ide.mcu.externaltools.gnu-tools-for-stm32.13.3.rel1.win32_1.0.0.202411081344/tools/bin/../lib/gcc/arm-none-eabi/13.3.1/../../../../arm-none-eabi/lib/thumb/v7e-m+fp/hard\libc_nano.a(libc_a-strtol.o)
                              C:/ST/STM32CubeIDE_1.18.0/STM32CubeIDE/plugins/com.st.stm32cube.ide.mcu.externaltools.gnu-tools-for-stm32.13.3.rel1.win32_1.0.0.202411081344/tools/bin/../lib/gcc/arm-none-eabi/13.3.1/../../../../arm-none-eabi/lib/thumb/v7e-m+fp/hard\libc_nano.a(libc_a-atoi.o) (_strtol_r)
C:/ST/STM32CubeIDE_1.18.0/STM32CubeIDE/plugins/com.st.stm32cube.ide.mcu.externaltools.gnu-tools-for-stm32.13.3.rel1.win32_1.0.0.202411081344/tools/bin/../lib/gcc/arm-none-eabi/13.3.1/../../../../arm-none-eabi/lib/thumb/v7e-m+fp/hard\libc_nano.a(libc_a-ctype_.o)
                              C:/ST/STM32CubeIDE_1.18.0/STM32CubeIDE/plugins/com.st.stm32cube.ide.mcu.externaltools.gnu-tools-for-stm32.13.3.rel1.win32_1.0.0.202411081344/tools/bin/../lib/gcc/arm-none-eabi/13.3.1/../../../../arm-none-eabi/lib/thumb/v7e-m+fp/hard\libc_nano.a(libc_a-strtol.o) (_ctype_)
C:/ST/STM32CubeIDE_1.18.0/STM32CubeIDE/plugins/com.st.stm32cube.ide.mcu.externaltools.gnu-tools-for-stm32.13.3.rel1.win32_1.0.0.202411081344/tools/bin/../lib/gcc/arm-none-eabi/13.3.1/../../../../arm-none-eabi/lib/thumb/v7e-m+fp/hard\libc_nano.a(libc_a-findfp.o)
                              C:/ST/STM32CubeIDE_1.18.0/STM32CubeIDE/plugins/com.st.stm32cube.ide.mcu.externaltools.gnu-tools-for-stm32.13.3.rel1.win32_1.0.0.202411081344/tools/bin/../lib/gcc/arm-none-eabi/13.3.1/../../../../arm-none-eabi/lib/thumb/v7e-m+fp/hard\libc_nano.a(libc_a-exit.o) (__stdio_exit_handler)
C:/ST/STM32CubeIDE_1.18.0/STM32CubeIDE/plugins/com.st.stm32cube.ide.mcu.externaltools.gnu-tools-for-stm32.13.3.rel1.win32_1.0.0.202411081344/tools/bin/../lib/gcc/arm-none-eabi/13.3.1/../../../../arm-none-eabi/lib/thumb/v7e-m+fp/hard\libc_nano.a(libc_a-fwalk.o)
                              C:/ST/STM32CubeIDE_1.18.0/STM32CubeIDE/plugins/com.st.stm32cube.ide.mcu.externaltools.gnu-tools-for-stm32.13.3.rel1.win32_1.0.0.202411081344/tools/bin/../lib/gcc/arm-none-eabi/13.3.1/../../../../arm-none-eabi/lib/thumb/v7e-m+fp/hard\libc_nano.a(libc_a-findfp.o) (_fwalk_sglue)
C:/ST/STM32CubeIDE_1.18.0/STM32CubeIDE/plugins/com.st.stm32cube.ide.mcu.externaltools.gnu-tools-for-stm32.13.3.rel1.win32_1.0.0.202411081344/tools/bin/../lib/gcc/arm-none-eabi/13.3.1/../../../../arm-none-eabi/lib/thumb/v7e-m+fp/hard\libc_nano.a(libc_a-snprintf.o)
                              ./Core/Src/cdc.o (snprintf)
C:/ST/STM32CubeIDE_1.18.0/STM32CubeIDE/plugins/com.st.stm32cube.ide.mcu.externaltools.gnu-tools-for-stm32.13.3.rel1.win32_1.0.0.202411081344/tools/bin/../lib/gcc/arm-none-eabi/13.3.1/../../../../arm-none-eabi/lib/thumb/v7e-m+fp/hard\libc_nano.a(libc_a-stdio.o)
                              C:/ST/STM32CubeIDE_1.18.0/STM32CubeIDE/plugins/com.st.stm32cube.ide.mcu.externaltools.gnu-tools-for-stm32.13.3.rel1.win32_1.0.0.202411081344/tools/bin/../lib/gcc/arm-none-eabi/13.3.1/../../../../arm-none-eabi/lib/thumb/v7e-m+fp/hard\libc_nano.a(libc_a-findfp.o) (__sread)
C:/ST/STM32CubeIDE_1.18.0/STM32CubeIDE/plugins/com.st.stm32cube.ide.mcu.externaltools.gnu-tools-for-stm32.13.3.rel1.win32_1.0.0.202411081344/tools/bin/../lib/gcc/arm-none-eabi/13.3.1/../../../../arm-none-eabi/lib/thumb/v7e-m+fp/hard\libc_nano.a(libc_a-memset.o)
                              C:/ST/STM32CubeIDE_1.18.0/STM32CubeIDE/plugins/com.st.stm32cube.ide.mcu.externaltools.gnu-tools-for-stm32.13.3.rel1.win32_1.0.0.202411081344/tools/bin/../lib/gcc/arm-none-eabi/13.3.1/../../../../arm-none-eabi/lib/thumb/v7e-m+fp/hard/crt0.o (memset)
C:/ST/STM32CubeIDE_1.18.0/STM32CubeIDE/plugins/com.st.stm32cube.ide.mcu.externaltools.gnu-tools-for-stm32.13.3.rel1.win32_1.0.0.202411081344/tools/bin/../lib/gcc/arm-none-eabi/13.3.1/../../../../arm-none-eabi/lib/thumb/v7e-m+fp/hard\libc_nano.a(libc_a-strtok.o)
                              ./Core/Src/cdc.o (strtok)
[...]
Memory Configuration

Name             Origin             Length             Attributes
RAM              0x20000000         0x00020000         xrw
FLASH            0x08000000         0x00080000         xr
DATA             0x08040000         0x00020000         xrw
*default*        0x00000000         0xffffffff

Linker script and memory map

LOAD C:/ST/STM32CubeIDE_1.18.0/STM32CubeIDE/plugins/com.st.stm32cube.ide.mcu.externaltools.gnu-tools-for-stm32.13.3.rel1.win32_1.0.0.202411081344/tools/bin/../lib/gcc/arm-none-eabi/13.3.1/thumb/v7e-m+fp/hard/crti.o
LOAD C:/ST/STM32CubeIDE_1.18.0/STM32CubeIDE/plugins/com.st.stm32cube.ide.mcu.externaltools.gnu-tools-for-stm32.13.3.rel1.win32_1.0.0.202411081344/tools/bin/../lib/gcc/arm-none-eabi/13.3.1/thumb/v7e-m+fp/hard/crtbegin.o
LOAD C:/ST/STM32CubeIDE_1.18.0/STM32CubeIDE/plugins/com.st.stm32cube.ide.mcu.externaltools.gnu-tools-for-stm32.13.3.rel1.win32_1.0.0.202411081344/tools/bin/../lib/gcc/arm-none-eabi/13.3.1/../../../../arm-none-eabi/lib/thumb/v7e-m+fp/hard/crt0.o
LOAD ./Core/Src/cdc.o
LOAD ./Core/Src/config.o
LOAD ./Core/Src/hid.o
LOAD ./Core/Src/keyboard.o
LOAD ./Core/Src/main.o
LOAD ./Core/Src/stm32f4xx_hal_msp.o
LOAD ./Core/Src/stm32f4xx_it.o
LOAD ./Core/Src/syscalls.o
LOAD ./Core/Src/sysmem.o
LOAD ./Core/Src/system_stm32f4xx.o
LOAD ./Core/Src/usb_descriptors.o
LOAD ./Core/Startup/startup_stm32f411ceux.o
LOAD ./Drivers/STM32F4xx_HAL_Driver/Src/stm32f4xx_hal.o
LOAD ./Drivers/STM32F4xx_HAL_Driver/Src/stm32f4xx_hal_adc.o
LOAD ./Drivers/STM32F4xx_HAL_Driver/Src/stm32f4xx_hal_adc_ex.o
LOAD ./Drivers/STM32F4xx_HAL_Driver/Src/stm32f4xx_hal_cortex.o
LOAD ./Drivers/STM32F4xx_HAL_Driver/Src/stm32f4xx_hal_dma.o
LOAD ./Drivers/STM32F4xx_HAL_Driver/Src/stm32f4xx_hal_dma_ex.o
LOAD ./Drivers/STM32F4xx_HAL_Driver/Src/stm32f4xx_hal_exti.o
LOAD ./Drivers/STM32F4xx_HAL_Driver/Src/stm32f4xx_hal_flash.o
LOAD ./Drivers/STM32F4xx_HAL_Driver/Src/stm32f4xx_hal_flash_ex.o
LOAD ./Drivers/STM32F4xx_HAL_Driver/Src/stm32f4xx_hal_flash_ramfunc.o
LOAD ./Drivers/STM32F4xx_HAL_Driver/Src/stm32f4xx_hal_gpio.o
LOAD ./Drivers/STM32F4xx_HAL_Driver/Src/stm32f4xx_hal_i2c.o
LOAD ./Drivers/STM32F4xx_HAL_Driver/Src/stm32f4xx_hal_i2c_ex.o
LOAD ./Drivers/STM32F4xx_HAL_Driver/Src/stm32f4xx_hal_pcd.o
LOAD ./Drivers/STM32F4xx_HAL_Driver/Src/stm32f4xx_hal_pcd_ex.o
LOAD ./Drivers/STM32F4xx_HAL_Driver/Src/stm32f4xx_hal_pwr.o
LOAD ./Drivers/STM32F4xx_HAL_Driver/Src/stm32f4xx_hal_pwr_ex.o
LOAD ./Drivers/STM32F4xx_HAL_Driver/Src/stm32f4xx_hal_rcc.o
LOAD ./Drivers/STM32F4xx_HAL_Driver/Src/stm32f4xx_hal_rcc_ex.o
LOAD ./Drivers/STM32F4xx_HAL_Driver/Src/stm32f4xx_hal_tim.o
LOAD ./Drivers/STM32F4xx_HAL_Driver/Src/stm32f4xx_hal_tim_ex.o
LOAD ./Drivers/STM32F4xx_HAL_Driver/Src/stm32f4xx_ll_adc.o
LOAD ./Drivers/STM32F4xx_HAL_Driver/Src/stm32f4xx_ll_usb.o
LOAD ./tinyusb/src/class/audio/audio_device.o
LOAD ./tinyusb/src/class/bth/bth_device.o
LOAD ./tinyusb/src/class/cdc/cdc_device.o
LOAD ./tinyusb/src/class/cdc/cdc_host.o
LOAD ./tinyusb/src/class/cdc/cdc_rndis_host.o
LOAD ./tinyusb/src/class/dfu/dfu_device.o
LOAD ./tinyusb/src/class/dfu/dfu_rt_device.o
LOAD ./tinyusb/src/class/hid/hid_device.o
LOAD ./tinyusb/src/class/hid/hid_host.o
LOAD ./tinyusb/src/class/midi/midi_device.o
LOAD ./tinyusb/src/class/midi/midi_host.o
LOAD ./tinyusb/src/class/msc/msc_device.o
LOAD ./tinyusb/src/class/msc/msc_host.o
LOAD ./tinyusb/src/class/net/ecm_rndis_device.o
LOAD ./tinyusb/src/class/net/ncm_device.o
LOAD ./tinyusb/src/class/usbtmc/usbtmc_device.o
LOAD ./tinyusb/src/class/vendor/vendor_device.o
LOAD ./tinyusb/src/class/vendor/vendor_host.o
LOAD ./tinyusb/src/class/video/video_device.o
LOAD ./tinyusb/src/common/tusb_fifo.o
LOAD ./tinyusb/src/device/usbd.o
LOAD ./tinyusb/src/device/usbd_control.o
LOAD ./tinyusb/src/host/hub.o
LOAD ./tinyusb/src/host/usbh.o
LOAD ./tinyusb/src/portable/analog/max3421/hcd_max3421.o
LOAD ./tinyusb/src/portable/bridgetek/ft9xx/dcd_ft9xx.o
LOAD ./tinyusb/src/portable/chipidea/ci_fs/dcd_ci_fs.o
LOAD ./tinyusb/src/portable/chipidea/ci_hs/dcd_ci_hs.o
LOAD ./tinyusb/src/portable/chipidea/ci_hs/hcd_ci_hs.o
LOAD ./tinyusb/src/portable/dialog/da146xx/dcd_da146xx.o
LOAD ./tinyusb/src/portable/ehci/ehci.o
LOAD ./tinyusb/src/portable/espressif/esp32sx/dcd_esp32sx.o
LOAD ./tinyusb/src/portable/mentor/musb/dcd_musb.o
LOAD ./tinyusb/src/portable/mentor/musb/hcd_musb.o
LOAD ./tinyusb/src/portable/microchip/pic/dcd_pic.o
LOAD ./tinyusb/src/portable/microchip/pic32mz/dcd_pic32mz.o
LOAD ./tinyusb/src/portable/microchip/samd/dcd_samd.o
LOAD ./tinyusb/src/portable/microchip/samg/dcd_samg.o
LOAD ./tinyusb/src/portable/microchip/samx7x/dcd_samx7x.o
LOAD ./tinyusb/src/portable/mindmotion/mm32/dcd_mm32f327x_otg.o
LOAD ./tinyusb/src/portable/nordic/nrf5x/dcd_nrf5x.o
LOAD ./tinyusb/src/portable/nuvoton/nuc120/dcd_nuc120.o
LOAD ./tinyusb/src/portable/nuvoton/nuc121/dcd_nuc121.o
LOAD ./tinyusb/src/portable/nuvoton/nuc505/dcd_nuc505.o
LOAD ./tinyusb/src/portable/nxp/khci/dcd_khci.o
LOAD ./tinyusb/src/portable/nxp/khci/hcd_khci.o
LOAD ./tinyusb/src/portable/nxp/lpc17_40/dcd_lpc17_40.o
LOAD ./tinyusb/src/portable/nxp/lpc17_40/hcd_lpc17_40.o
LOAD ./tinyusb/src/portable/nxp/lpc_ip3511/dcd_lpc_ip3511.o
LOAD ./tinyusb/src/portable/ohci/ohci.o
LOAD ./tinyusb/src/portable/raspberrypi/pio_usb/dcd_pio_usb.o
LOAD ./tinyusb/src/portable/raspberrypi/pio_usb/hcd_pio_usb.o
LOAD ./tinyusb/src/portable/raspberrypi/rp2040/dcd_rp2040.o
LOAD ./tinyusb/src/portable/raspberrypi/rp2040/hcd_rp2040.o
LOAD ./tinyusb/src/portable/raspberrypi/rp2040/rp2040_usb.o
LOAD ./tinyusb/src/portable/renesas/rusb2/dcd_rusb2.o
LOAD ./tinyusb/src/portable/renesas/rusb2/hcd_rusb2.o
LOAD ./tinyusb/src/portable/renesas/rusb2/rusb2_common.o
LOAD ./tinyusb/src/portable/sony/cxd56/dcd_cxd56.o
LOAD ./tinyusb/src/portable/st/stm32_fsdev/dcd_stm32_fsdev.o
LOAD ./tinyusb/src/portable/st/typec/typec_stm32.o
LOAD ./tinyusb/src/portable/sunxi/dcd_sunxi_musb.o
LOAD ./tinyusb/src/portable/synopsys/dwc2/dcd_dwc2.o
LOAD ./tinyusb/src/portable/synopsys/dwc2/dwc2_common.o
LOAD ./tinyusb/src/portable/synopsys/dwc2/hcd_dwc2.o
LOAD ./tinyusb/src/portable/template/dcd_template.o
LOAD ./tinyusb/src/portable/template/hcd_template.o
LOAD ./tinyusb/src/portable/ti/msp430x5xx/dcd_msp430x5xx.o
LOAD ./tinyusb/src/portable/valentyusb/eptri/dcd_eptri.o
LOAD ./tinyusb/src/portable/wch/dcd_ch32_usbfs.o
LOAD ./tinyusb/src/portable/wch/dcd_ch32_usbhs.o
LOAD ./tinyusb/src/tusb.o
LOAD ./tinyusb/src/typec/usbc.o
START GROUP
LOAD C:/ST/STM32CubeIDE_1.18.0/STM32CubeIDE/plugins/com.st.stm32cube.ide.mcu.externaltools.gnu-tools-for-stm32.13.3.rel1.win32_1.0.0.202411081344/tools/bin/../lib/gcc/arm-none-eabi/13.3.1/../../../../arm-none-eabi/lib/thumb/v7e-m+fp/hard\libc_nano.a
LOAD C:/ST/STM32CubeIDE_1.18.0/STM32CubeIDE/plugins/com.st.stm32cube.ide.mcu.externaltools.gnu-tools-for-stm32.13.3.rel1.win32_1.0.0.202411081344/tools/bin/../lib/gcc/arm-none-eabi/13.3.1/../../../../arm-none-eabi/lib/thumb/v7e-m+fp/hard\libm.a
END GROUP
START GROUP
LOAD C:/ST/STM32CubeIDE_1.18.0/STM32CubeIDE/plugins/com.st.stm32cube.ide.mcu.externaltools.gnu-tools-for-stm32.13.3.rel1.win32_1.0.0.202411081344/tools/bin/../lib/gcc/arm-none-eabi/13.3.1/thumb/v7e-m+fp/hard\libgcc.a
LOAD C:/ST/STM32CubeIDE_1.18.0/STM32CubeIDE/plugins/com.st.stm32cube.ide.mcu.externaltools.gnu-tools-for-stm32.13.3.rel1.win32_1.0.0.202411081344/tools/bin/../lib/gcc/arm-none-eabi/13.3.1/../../../../arm-none-eabi/lib/thumb/v7e-m+fp/hard\libc_nano.a
END GROUP
START GROUP
LOAD C:/ST/STM32CubeIDE_1.18.0/STM32CubeIDE/plugins/com.st.stm32cube.ide.mcu.externaltools.gnu-tools-for-stm32.13.3.rel1.win32_1.0.0.202411081344/tools/bin/../lib/gcc/arm-none-eabi/13.3.1/thumb/v7e-m+fp/hard\libgcc.a
LOAD C:/ST/STM32CubeIDE_1.18.0/STM32CubeIDE/plugins/com.st.stm32cube.ide.mcu.externaltools.gnu-tools-for-stm32.13.3.rel1.win32_1.0.0.202411081344/tools/bin/../lib/gcc/arm-none-eabi/13.3.1/../../../../arm-none-eabi/lib/thumb/v7e-m+fp/hard\libc_nano.a
LOAD C:/ST/STM32CubeIDE_1.18.0/STM32CubeIDE/plugins/com.st.stm32cube.ide.mcu.externaltools.gnu-tools-for-stm32.13.3.rel1.win32_1.0.0.202411081344/tools/bin/../lib/gcc/arm-none-eabi/13.3.1/../../../../arm-none-eabi/lib/thumb/v7e-m+fp/hard\libnosys.a
END GROUP
START GROUP
LOAD C:/ST/STM32CubeIDE_1.18.0/STM32CubeIDE/plugins/com.st.stm32cube.ide.mcu.externaltools.gnu-tools-for-stm32.13.3.rel1.win32_1.0.0.202411081344/tools/bin/../lib/gcc/arm-none-eabi/13.3.1/thumb/v7e-m+fp/hard\libgcc.a
LOAD C:/ST/STM32CubeIDE_1.18.0/STM32CubeIDE/plugins/com.st.stm32cube.ide.mcu.externaltools.gnu-tools-for-stm32.13.3.rel1.win32_1.0.0.202411081344/tools/bin/../lib/gcc/arm-none-eabi/13.3.1/../../../../arm-none-eabi/lib/thumb/v7e-m+fp/hard\libc_nano.a
LOAD C:/ST/STM32CubeIDE_1.18.0/STM32CubeIDE/plugins/com.st.stm32cube.ide.mcu.externaltools.gnu-tools-for-stm32.13.3.rel1.win32_1.0.0.202411081344/tools/bin/../lib/gcc/arm-none-eabi/13.3.1/../../../../arm-none-eabi/lib/thumb/v7e-m+fp/hard\libnosys.a
END GROUP
LOAD C:/ST/STM32CubeIDE_1.18.0/STM32CubeIDE/plugins/com.st.stm32cube.ide.mcu.externaltools.gnu-tools-for-stm32.13.3.rel1.win32_1.0.0.202411081344/tools/bin/../lib/gcc/arm-none-eabi/13.3.1/thumb/v7e-m+fp/hard/crtend.o
LOAD C:/ST/STM32CubeIDE_1.18.0/STM32CubeIDE/plugins/com.st.stm32cube.ide.mcu.externaltools.gnu-tools-for-stm32.13.3.rel1.win32_1.0.0.202411081344/tools/bin/../lib/gcc/arm-none-eabi/13.3.1/thumb/v7e-m+fp/hard/crtn.o
                0x20020000                        _estack = (ORIGIN (RAM) + LENGTH (RAM))
                0x00000200                        _Min_Heap_Size = 0x200
                0x00000400                        _Min_Stack_Size = 0x400

.user_data      0x08040000        0x0
                0x08040000                        . = ALIGN (0x4)
 *(.user_data)
                0x08040000                        . = ALIGN (0x4)

.isr_vector     0x08000000      0x198
                0x08000000                        . = ALIGN (0x4)
 *(.isr_vector)
 .isr_vector    0x08000000      0x198 ./Core/Startup/startup_stm32f411ceux.o
                0x08000000                g_pfnVectors
                0x08000198                        . = ALIGN (0x4)

.text           0x080001a0     0x6954
                0x080001a0                        . = ALIGN (0x4)
 *(.text)
 .text          0x080001a0       0x40 C:/ST/STM32CubeIDE_1.18.0/STM32CubeIDE/plugins/com.st.stm32cube.ide.mcu.externaltools.gnu-tools-for-stm32.13.3.rel1.win32_1.0.0.202411081344/tools/bin/../lib/gcc/arm-none-eabi/13.3.1/thumb/v7e-m+fp/hard/crtbegin.o
 .text          0x080001e0       0x14 C:/ST/STM32CubeIDE_1.18.0/STM32CubeIDE/plugins/com.st.stm32cube.ide.mcu.externaltools.gnu-tools-for-stm32.13.3.rel1.win32_1.0.0.202411081344/tools/bin/../lib/gcc/arm-none-eabi/13.3.1/../../../../arm-none-eabi/lib/thumb/v7e-m+fp/hard\libc_nano.a(libc_a-strcmp.o)
                0x080001e0                strcmp
 .text          0x080001f4       0x10 C:/ST/STM32CubeIDE_1.18.0/STM32CubeIDE/plugins/com.st.stm32cube.ide.mcu.externaltools.gnu-tools-for-stm32.13.3.rel1.win32_1.0.0.202411081344/tools/bin/../lib/gcc/arm-none-eabi/13.3.1/../../../../arm-none-eabi/lib/thumb/v7e-m+fp/hard\libc_nano.a(libc_a-strlen.o)
                0x080001f4                strlen
 *fill*         0x08000204        0xc 
 .text          0x08000210       0xa0 C:/ST/STM32CubeIDE_1.18.0/STM32CubeIDE/plugins/com.st.stm32cube.ide.mcu.externaltools.gnu-tools-for-stm32.13.3.rel1.win32_1.0.0.202411081344/tools/bin/../lib/gcc/arm-none-eabi/13.3.1/../../../../arm-none-eabi/lib/thumb/v7e-m+fp/hard\libc_nano.a(libc_a-memchr.o)
                0x08000210                memchr
 .text          0x080002b0       0x30 C:/ST/STM32CubeIDE_1.18.0/STM32CubeIDE/plugins/com.st.stm32cube.ide.mcu.externaltools.gnu-tools-for-stm32.13.3.rel1.win32_1.0.0.202411081344/tools/bin/../lib/gcc/arm-none-eabi/13.3.1/thumb/v7e-m+fp/hard\libgcc.a(_aeabi_uldivmod.o)
                0x080002b0                __aeabi_uldivmod
 .text          0x080002e0      0x2f8 C:/ST/STM32CubeIDE_1.18.0/STM32CubeIDE/plugins/com.st.stm32cube.ide.mcu.externaltools.gnu-tools-for-stm32.13.3.rel1.win32_1.0.0.202411081344/tools/bin/../lib/gcc/arm-none-eabi/13.3.1/thumb/v7e-m+fp/hard\libgcc.a(_udivmoddi4.o)
                0x080002e0                __udivmoddi4
 .text          0x080005d8        0x4 C:/ST/STM32CubeIDE_1.18.0/STM32CubeIDE/plugins/com.st.stm32cube.ide.mcu.externaltools.gnu-tools-for-stm32.13.3.rel1.win32_1.0.0.202411081344/tools/bin/../lib/gcc/arm-none-eabi/13.3.1/thumb/v7e-m+fp/hard\libgcc.a(_dvmd_tls.o)
                0x080005d8                __aeabi_idiv0
                0x080005d8                __aeabi_ldiv0
 *(.text*)
 .text.cdc_write_flush_wait
                0x080005dc       0x28 ./Core/Src/cdc.o
 .text.cdc_write_string_chunked
                0x08000604       0x50 ./Core/Src/cdc.o
 .text.cdc_task
                0x08000654      0x530 ./Core/Src/cdc.o
                0x08000654                cdc_task
 .text.tud_cdc_line_state_cb
                0x08000b84       0x48 ./Core/Src/cdc.o
                0x08000b84                tud_cdc_line_state_cb
 .text.tud_cdc_rx_cb
                0x08000bcc        0x2 ./Core/Src/cdc.o
                0x08000bcc                tud_cdc_rx_cb
 *fill*         0x08000bce        0x2 
 .text.hid_task
                0x08000bd0       0x64 ./Core/Src/hid.o
                0x08000bd0                hid_task
 .text.hid_press_key
                0x08000c34       0x64 ./Core/Src/hid.o
                0x08000c34                hid_press_key
 .text.hid_release_key
                0x08000c98       0x68 ./Core/Src/hid.o
                0x08000c98                hid_release_key
 .text.tud_hid_set_protocol_cb
                0x08000d00        0x2 ./Core/Src/hid.o
                0x08000d00                tud_hid_set_protocol_cb
 .text.tud_hid_report_complete_cb
                0x08000d02        0x2 ./Core/Src/hid.o
                0x08000d02                tud_hid_report_complete_cb
 .text.tud_hid_get_report_cb
                0x08000d04        0x4 ./Core/Src/hid.o
                0x08000d04                tud_hid_get_report_cb
 .text.tud_hid_set_report_cb
                0x08000d08        0x2 ./Core/Src/hid.o
                0x08000d08                tud_hid_set_report_cb
 *fill*         0x08000d0a        0x2 
 .text.get_bitmask_for_modifier
                0x08000d0c       0x14 ./Core/Src/keyboard.o
                0x08000d0c                get_bitmask_for_modifier
 .text.init_key
                0x08000d20      0x108 ./Core/Src/keyboard.o
                0x08000d20                init_key
 .text.update_key_state
                0x08000e28      0x184 ./Core/Src/keyboard.o
                0x08000e28                update_key_state
 .text.update_key_actuation
                0x08000fac       0xc4 ./Core/Src/keyboard.o
                0x08000fac                update_key_actuation
 .text.update_key
                0x08001070       0x16 ./Core/Src/keyboard.o
                0x08001070                update_key
 *fill*         0x08001086        0x2 
 .text.keyboard_init_keys
                0x08001088       0x38 ./Core/Src/keyboard.o
                0x08001088                keyboard_init_keys
 .text.keyboard_task
                0x080010c0       0xb8 ./Core/Src/keyboard.o
                0x080010c0                keyboard_task
 .text.SystemClock_Config
                0x08001178       0xa0 ./Core/Src/main.o
                0x08001178                SystemClock_Config
 .text.startup.main
                0x08001218      0x17c ./Core/Src/main.o
                0x08001218                main
 .text.keyboard_read_config
                0x08001394       0x18 ./Core/Src/main.o
                0x08001394                keyboard_read_config
 .text.keyboard_write_config
                0x080013ac       0x5c ./Core/Src/main.o
                0x080013ac                keyboard_write_config
 .text.keyboard_select_amux
                0x08001408       0x30 ./Core/Src/main.o
                0x08001408                keyboard_select_amux
 .text.keyboard_select_adc
                0x08001438       0x2c ./Core/Src/main.o
                0x08001438                keyboard_select_adc
 .text.keyboard_read_adc
                0x08001464       0x10 ./Core/Src/main.o
                0x08001464                keyboard_read_adc
 .text.keyboard_close_adc
                0x08001474        0xc ./Core/Src/main.o
                0x08001474                keyboard_close_adc
 .text.keyboard_get_time
                0x08001480        0x4 ./Core/Src/main.o
                0x08001480                keyboard_get_time
 .text.HAL_MspInit
                0x08001484       0x38 ./Core/Src/stm32f4xx_hal_msp.o
                0x08001484                HAL_MspInit
 .text.HAL_ADC_MspInit
                0x080014bc       0x64 ./Core/Src/stm32f4xx_hal_msp.o
                0x080014bc                HAL_ADC_MspInit
 .text.HAL_I2C_MspInit
                0x08001520       0x70 ./Core/Src/stm32f4xx_hal_msp.o
                0x08001520                HAL_I2C_MspInit
 .text.HAL_PCD_MspInit
                0x08001590       0x84 ./Core/Src/stm32f4xx_hal_msp.o
                0x08001590                HAL_PCD_MspInit
 .text.NMI_Handler
                0x08001614        0x2 ./Core/Src/stm32f4xx_it.o
                0x08001614                NMI_Handler
 .text.HardFault_Handler
                0x08001616        0x4 ./Core/Src/stm32f4xx_it.o
                0x08001616                HardFault_Handler
 .text.MemManage_Handler
                0x0800161a        0x2 ./Core/Src/stm32f4xx_it.o
                0x0800161a                MemManage_Handler
 .text.BusFault_Handler
                0x0800161c        0x2 ./Core/Src/stm32f4xx_it.o
                0x0800161c                BusFault_Handler
 .text.UsageFault_Handler
                0x0800161e        0x2 ./Core/Src/stm32f4xx_it.o
                0x0800161e                UsageFault_Handler
 .text.SVC_Handler
                0x08001620        0x2 ./Core/Src/stm32f4xx_it.o
                0x08001620                SVC_Handler
 .text.DebugMon_Handler
                0x08001622        0x2 ./Core/Src/stm32f4xx_it.o
                0x08001622                DebugMon_Handler
 .text.PendSV_Handler
                0x08001624        0x2 ./Core/Src/stm32f4xx_it.o
                0x08001624                PendSV_Handler
 *fill*         0x08001626        0x2 
 .text.SysTick_Handler
                0x08001628       0x14 ./Core/Src/stm32f4xx_it.o
                0x08001628                SysTick_Handler
 .text.OTG_FS_IRQHandler
                0x0800163c        0x6 ./Core/Src/stm32f4xx_it.o
                0x0800163c                OTG_FS_IRQHandler
 .text._getpid  0x08001642        0x4 ./Core/Src/syscalls.o
                0x08001642                _getpid
 .text._kill    0x08001646       0x10 ./Core/Src/syscalls.o
                0x08001646                _kill
 .text._exit    0x08001656        0xc ./Core/Src/syscalls.o
                0x08001656                _exit
 .text._read    0x08001662       0x1c ./Core/Src/syscalls.o
                0x08001662                _read
 .text._write   0x0800167e       0x1c ./Core/Src/syscalls.o
                0x0800167e                _write
 .text._close   0x0800169a        0x6 ./Core/Src/syscalls.o
                0x0800169a                _close
 .text._fstat   0x080016a0        0xa ./Core/Src/syscalls.o
                0x080016a0                _fstat
 .text._isatty  0x080016aa        0x4 ./Core/Src/syscalls.o
                0x080016aa                _isatty
 .text._lseek   0x080016ae        0x4 ./Core/Src/syscalls.o
                0x080016ae                _lseek
 *fill*         0x080016b2        0x2 
 .text._sbrk    0x080016b4       0x40 ./Core/Src/sysmem.o
                0x080016b4                _sbrk
 .text.SystemInit
                0x080016f4       0x14 ./Core/Src/system_stm32f4xx.o
                0x080016f4                SystemInit
 .text.tud_descriptor_device_cb
                0x08001708        0x8 ./Core/Src/usb_descriptors.o
                0x08001708                tud_descriptor_device_cb
 .text.tud_hid_descriptor_report_cb
                0x08001710        0x8 ./Core/Src/usb_descriptors.o
                0x08001710                tud_hid_descriptor_report_cb
 .text.tud_descriptor_configuration_cb
                0x08001718        0x8 ./Core/Src/usb_descriptors.o
                0x08001718                tud_descriptor_configuration_cb
 .text.tud_descriptor_string_cb
                0x08001720       0x58 ./Core/Src/usb_descriptors.o
                0x08001720                tud_descriptor_string_cb
 .text.Reset_Handler
                0x08001778       0x50 ./Core/Startup/startup_stm32f411ceux.o
                0x08001778                Reset_Handler
 .text.Default_Handler
                0x080017c8        0x2 ./Core/Startup/startup_stm32f411ceux.o
                0x080017c8                RTC_Alarm_IRQHandler
                0x080017c8                EXTI2_IRQHandler
                0x080017c8                SPI4_IRQHandler
                0x080017c8                TIM1_CC_IRQHandler
                0x080017c8                DMA2_Stream5_IRQHandler
                0x080017c8                DMA1_Stream5_IRQHandler
                0x080017c8                PVD_IRQHandler
                0x080017c8                SDIO_IRQHandler
                0x080017c8                TAMP_STAMP_IRQHandler
                0x080017c8                EXTI3_IRQHandler
                0x080017c8                TIM1_UP_TIM10_IRQHandler
                0x080017c8                I2C3_ER_IRQHandler
                0x080017c8                EXTI0_IRQHandler
                0x080017c8                I2C2_EV_IRQHandler
                0x080017c8                DMA1_Stream2_IRQHandler
                0x080017c8                FPU_IRQHandler
                0x080017c8                DMA2_Stream2_IRQHandler
                0x080017c8                SPI1_IRQHandler
                0x080017c8                TIM1_BRK_TIM9_IRQHandler
                0x080017c8                DMA2_Stream3_IRQHandler
                0x080017c8                USART6_IRQHandler
                0x080017c8                DMA2_Stream0_IRQHandler
                0x080017c8                TIM4_IRQHandler
                0x080017c8                I2C1_EV_IRQHandler
                0x080017c8                DMA1_Stream6_IRQHandler
                0x080017c8                DMA1_Stream1_IRQHandler
                0x080017c8                TIM3_IRQHandler
                0x080017c8                RCC_IRQHandler
                0x080017c8                Default_Handler
                0x080017c8                EXTI15_10_IRQHandler
                0x080017c8                ADC_IRQHandler
                0x080017c8                DMA1_Stream7_IRQHandler
                0x080017c8                SPI5_IRQHandler
                0x080017c8                TIM5_IRQHandler
                0x080017c8                DMA2_Stream7_IRQHandler
                0x080017c8                I2C3_EV_IRQHandler
                0x080017c8                EXTI9_5_IRQHandler
                0x080017c8                RTC_WKUP_IRQHandler
                0x080017c8                SPI2_IRQHandler
                0x080017c8                DMA1_Stream0_IRQHandler
                0x080017c8                EXTI4_IRQHandler
                0x080017c8                WWDG_IRQHandler
                0x080017c8                TIM2_IRQHandler
                0x080017c8                OTG_FS_WKUP_IRQHandler
                0x080017c8                TIM1_TRG_COM_TIM11_IRQHandler
                0x080017c8                EXTI1_IRQHandler
                0x080017c8                USART2_IRQHandler
                0x080017c8                I2C2_ER_IRQHandler
                0x080017c8                DMA2_Stream1_IRQHandler
                0x080017c8                FLASH_IRQHandler
                0x080017c8                DMA2_Stream4_IRQHandler
                0x080017c8                USART1_IRQHandler
                0x080017c8                SPI3_IRQHandler
                0x080017c8                DMA1_Stream4_IRQHandler
                0x080017c8                I2C1_ER_IRQHandler
                0x080017c8                DMA2_Stream6_IRQHandler
                0x080017c8                DMA1_Stream3_IRQHandler
 *fill*         0x080017ca        0x2 
 .text.HAL_InitTick
                0x080017cc       0x48 ./Drivers/STM32F4xx_HAL_Driver/Src/stm32f4xx_hal.o
                0x080017cc                HAL_InitTick
 .text.HAL_Init
                0x08001814       0x34 ./Drivers/STM32F4xx_HAL_Driver/Src/stm32f4xx_hal.o
                0x08001814                HAL_Init
 .text.HAL_IncTick
                0x08001848       0x18 ./Drivers/STM32F4xx_HAL_Driver/Src/stm32f4xx_hal.o
                0x08001848                HAL_IncTick
 .text.HAL_GetTick
                0x08001860        0xc ./Drivers/STM32F4xx_HAL_Driver/Src/stm32f4xx_hal.o
                0x08001860                HAL_GetTick
 .text.HAL_Delay
                0x0800186c       0x28 ./Drivers/STM32F4xx_HAL_Driver/Src/stm32f4xx_hal.o
                0x0800186c                HAL_Delay
 .text.HAL_ADC_Init
                0x08001894      0x14c ./Drivers/STM32F4xx_HAL_Driver/Src/stm32f4xx_hal_adc.o
                0x08001894                HAL_ADC_Init
 .text.HAL_ADC_Start
                0x080019e0       0xd0 ./Drivers/STM32F4xx_HAL_Driver/Src/stm32f4xx_hal_adc.o
                0x080019e0                HAL_ADC_Start
 .text.HAL_ADC_Stop
                0x08001ab0       0x36 ./Drivers/STM32F4xx_HAL_Driver/Src/stm32f4xx_hal_adc.o
                0x08001ab0                HAL_ADC_Stop
 .text.HAL_ADC_PollForConversion
                0x08001ae6       0xa6 ./Drivers/STM32F4xx_HAL_Driver/Src/stm32f4xx_hal_adc.o
                0x08001ae6                HAL_ADC_PollForConversion
 .text.HAL_ADC_GetValue
                0x08001b8c        0x6 ./Drivers/STM32F4xx_HAL_Driver/Src/stm32f4xx_hal_adc.o
                0x08001b8c                HAL_ADC_GetValue
 *fill*         0x08001b92        0x2 
 .text.HAL_ADC_ConfigChannel
                0x08001b94      0x138 ./Drivers/STM32F4xx_HAL_Driver/Src/stm32f4xx_hal_adc.o
                0x08001b94                HAL_ADC_ConfigChannel
 .text.HAL_NVIC_SetPriorityGrouping
                0x08001ccc       0x24 ./Drivers/STM32F4xx_HAL_Driver/Src/stm32f4xx_hal_cortex.o
                0x08001ccc                HAL_NVIC_SetPriorityGrouping
 .text.HAL_NVIC_SetPriority
                0x08001cf0       0x64 ./Drivers/STM32F4xx_HAL_Driver/Src/stm32f4xx_hal_cortex.o
                0x08001cf0                HAL_NVIC_SetPriority
 .text.HAL_NVIC_EnableIRQ
                0x08001d54       0x1c ./Drivers/STM32F4xx_HAL_Driver/Src/stm32f4xx_hal_cortex.o
                0x08001d54                HAL_NVIC_EnableIRQ
 .text.HAL_SYSTICK_Config
                0x08001d70       0x28 ./Drivers/STM32F4xx_HAL_Driver/Src/stm32f4xx_hal_cortex.o
                0x08001d70                HAL_SYSTICK_Config
 .text.FLASH_Program_DoubleWord
                0x08001d98       0x2c ./Drivers/STM32F4xx_HAL_Driver/Src/stm32f4xx_hal_flash.o
 .text.FLASH_Program_Word
                0x08001dc4       0x24 ./Drivers/STM32F4xx_HAL_Driver/Src/stm32f4xx_hal_flash.o
 .text.FLASH_Program_HalfWord
                0x08001de8       0x24 ./Drivers/STM32F4xx_HAL_Driver/Src/stm32f4xx_hal_flash.o
 .text.FLASH_SetErrorCode
                0x08001e0c       0x8c ./Drivers/STM32F4xx_HAL_Driver/Src/stm32f4xx_hal_flash.o
 .text.HAL_FLASH_Unlock
                0x08001e98       0x24 ./Drivers/STM32F4xx_HAL_Driver/Src/stm32f4xx_hal_flash.o
                0x08001e98                HAL_FLASH_Unlock
 .text.HAL_FLASH_Lock
                0x08001ebc       0x14 ./Drivers/STM32F4xx_HAL_Driver/Src/stm32f4xx_hal_flash.o
                0x08001ebc                HAL_FLASH_Lock
 .text.FLASH_WaitForLastOperation
                0x08001ed0       0x50 ./Drivers/STM32F4xx_HAL_Driver/Src/stm32f4xx_hal_flash.o
                0x08001ed0                FLASH_WaitForLastOperation
 .text.HAL_FLASH_Program
                0x08001f20       0x8c ./Drivers/STM32F4xx_HAL_Driver/Src/stm32f4xx_hal_flash.o
                0x08001f20                HAL_FLASH_Program
 .text.FLASH_Erase_Sector
                0x08001fac       0x3c ./Drivers/STM32F4xx_HAL_Driver/Src/stm32f4xx_hal_flash_ex.o
                0x08001fac                FLASH_Erase_Sector
 .text.HAL_GPIO_Init
                0x08001fe8      0x18c ./Drivers/STM32F4xx_HAL_Driver/Src/stm32f4xx_hal_gpio.o
                0x08001fe8                HAL_GPIO_Init
 .text.HAL_GPIO_WritePin
                0x08002174        0xa ./Drivers/STM32F4xx_HAL_Driver/Src/stm32f4xx_hal_gpio.o
                0x08002174                HAL_GPIO_WritePin
 *fill*         0x0800217e        0x2 
 .text.HAL_I2C_Init
                0x08002180      0x150 ./Drivers/STM32F4xx_HAL_Driver/Src/stm32f4xx_hal_i2c.o
                0x08002180                HAL_I2C_Init
 .text.HAL_PCD_Init
                0x080022d0       0xde ./Drivers/STM32F4xx_HAL_Driver/Src/stm32f4xx_hal_pcd.o
                0x080022d0                HAL_PCD_Init
 *fill*         0x080023ae        0x2 
 .text.HAL_RCC_OscConfig
                0x080023b0      0x35c ./Drivers/STM32F4xx_HAL_Driver/Src/stm32f4xx_hal_rcc.o
                0x080023b0                HAL_RCC_OscConfig
 .text.HAL_RCC_GetSysClockFreq
                0x0800270c       0x5c ./Drivers/STM32F4xx_HAL_Driver/Src/stm32f4xx_hal_rcc.o
                0x0800270c                HAL_RCC_GetSysClockFreq
 .text.HAL_RCC_ClockConfig
                0x08002768      0x134 ./Drivers/STM32F4xx_HAL_Driver/Src/stm32f4xx_hal_rcc.o
                0x08002768                HAL_RCC_ClockConfig
 .text.HAL_RCC_GetPCLK1Freq
                0x0800289c       0x20 ./Drivers/STM32F4xx_HAL_Driver/Src/stm32f4xx_hal_rcc.o
                0x0800289c                HAL_RCC_GetPCLK1Freq
 .text.USB_CoreReset
                0x080028bc       0x46 ./Drivers/STM32F4xx_HAL_Driver/Src/stm32f4xx_ll_usb.o
 .text.USB_CoreInit
                0x08002902       0x88 ./Drivers/STM32F4xx_HAL_Driver/Src/stm32f4xx_ll_usb.o
                0x08002902                USB_CoreInit
 .text.USB_DisableGlobalInt
                0x0800298a        0xc ./Drivers/STM32F4xx_HAL_Driver/Src/stm32f4xx_ll_usb.o
                0x0800298a                USB_DisableGlobalInt
 .text.USB_SetCurrentMode
                0x08002996       0x60 ./Drivers/STM32F4xx_HAL_Driver/Src/stm32f4xx_ll_usb.o
                0x08002996                USB_SetCurrentMode
 .text.USB_FlushTxFifo
                0x080029f6       0x46 ./Drivers/STM32F4xx_HAL_Driver/Src/stm32f4xx_ll_usb.o
                0x080029f6                USB_FlushTxFifo
 .text.USB_FlushRxFifo
                0x08002a3c       0x42 ./Drivers/STM32F4xx_HAL_Driver/Src/stm32f4xx_ll_usb.o
                0x08002a3c                USB_FlushRxFifo
 .text.USB_SetDevSpeed
                0x08002a7e        0xe ./Drivers/STM32F4xx_HAL_Driver/Src/stm32f4xx_ll_usb.o
                0x08002a7e                USB_SetDevSpeed
 .text.USB_DevInit
                0x08002a8c      0x174 ./Drivers/STM32F4xx_HAL_Driver/Src/stm32f4xx_ll_usb.o
                0x08002a8c                USB_DevInit
 .text.USB_DevDisconnect
                0x08002c00       0x1c ./Drivers/STM32F4xx_HAL_Driver/Src/stm32f4xx_ll_usb.o
                0x08002c00                USB_DevDisconnect
 .text._prep_out_transaction.isra.0
                0x08002c1c       0x6c ./tinyusb/src/class/cdc/cdc_device.o
 .text.tud_cdc_n_connected
                0x08002c88       0x2c ./tinyusb/src/class/cdc/cdc_device.o
                0x08002c88                tud_cdc_n_connected
 .text.tud_cdc_n_available
                0x08002cb4       0x18 ./tinyusb/src/class/cdc/cdc_device.o
                0x08002cb4                tud_cdc_n_available
 .text.tud_cdc_n_read
                0x08002ccc       0x30 ./tinyusb/src/class/cdc/cdc_device.o
                0x08002ccc                tud_cdc_n_read
 .text.tud_cdc_n_write_flush
                0x08002cfc       0x84 ./tinyusb/src/class/cdc/cdc_device.o
                0x08002cfc                tud_cdc_n_write_flush
 .text.tud_cdc_n_write
                0x08002d80       0x3c ./tinyusb/src/class/cdc/cdc_device.o
                0x08002d80                tud_cdc_n_write
 .text.tud_cdc_n_write_available
                0x08002dbc       0x18 ./tinyusb/src/class/cdc/cdc_device.o
                0x08002dbc                tud_cdc_n_write_available
 .text.cdcd_init
                0x08002dd4       0x58 ./tinyusb/src/class/cdc/cdc_device.o
                0x08002dd4                cdcd_init
 .text.cdcd_deinit
                0x08002e2c        0x4 ./tinyusb/src/class/cdc/cdc_device.o
                0x08002e2c                cdcd_deinit
 .text.cdcd_reset
                0x08002e30       0x40 ./tinyusb/src/class/cdc/cdc_device.o
                0x08002e30                cdcd_reset
 .text.cdcd_open
                0x08002e70       0xa4 ./tinyusb/src/class/cdc/cdc_device.o
                0x08002e70                cdcd_open
 .text.cdcd_control_xfer_cb
                0x08002f14       0xcc ./tinyusb/src/class/cdc/cdc_device.o
                0x08002f14                cdcd_control_xfer_cb
 .text.cdcd_xfer_cb
                0x08002fe0       0xf4 ./tinyusb/src/class/cdc/cdc_device.o
                0x08002fe0                cdcd_xfer_cb
 .text.tud_hid_set_idle_cb
                0x080030d4        0x4 ./tinyusb/src/class/hid/hid_device.o
                0x080030d4                tud_hid_set_idle_cb
 .text.tud_hid_report_failed_cb
                0x080030d8        0x2 ./tinyusb/src/class/hid/hid_device.o
                0x080030d8                tud_hid_report_failed_cb
 *fill*         0x080030da        0x2 
 .text.tud_hid_n_ready
                0x080030dc       0x38 ./tinyusb/src/class/hid/hid_device.o
                0x080030dc                tud_hid_n_ready
 .text.tud_hid_n_report
                0x08003114       0x60 ./tinyusb/src/class/hid/hid_device.o
                0x08003114                tud_hid_n_report
 .text.tud_hid_n_keyboard_report
                0x08003174       0x32 ./tinyusb/src/class/hid/hid_device.o
                0x08003174                tud_hid_n_keyboard_report
 .text.hidd_deinit
                0x080031a6        0x4 ./tinyusb/src/class/hid/hid_device.o
                0x080031a6                hidd_deinit
 *fill*         0x080031aa        0x2 
 .text.hidd_reset
                0x080031ac       0x10 ./tinyusb/src/class/hid/hid_device.o
                0x080031ac                hidd_reset
 .text.hidd_init
                0x080031bc        0x6 ./tinyusb/src/class/hid/hid_device.o
                0x080031bc                hidd_init
 *fill*         0x080031c2        0x2 
 .text.hidd_open
                0x080031c4       0xb0 ./tinyusb/src/class/hid/hid_device.o
                0x080031c4                hidd_open
 .text.hidd_control_xfer_cb
                0x08003274      0x16c ./tinyusb/src/class/hid/hid_device.o
                0x08003274                hidd_control_xfer_cb
 .text.hidd_xfer_cb
                0x080033e0       0x84 ./tinyusb/src/class/hid/hid_device.o
                0x080033e0                hidd_xfer_cb
 .text.advance_index
                0x08003464       0x18 ./tinyusb/src/common/tusb_fifo.o
 .text._tu_fifo_peek
                0x0800347c       0x4a ./tinyusb/src/common/tusb_fifo.o
 .text._ff_pull_const_addr
                0x080034c6       0x2e ./tinyusb/src/common/tusb_fifo.o
 .text._tu_fifo_peek_n
                0x080034f4      0x118 ./tinyusb/src/common/tusb_fifo.o
 .text._ff_push_const_addr
                0x0800360c       0x28 ./tinyusb/src/common/tusb_fifo.o
 .text._tu_fifo_write_n.part.0
                0x08003634      0x17c ./tinyusb/src/common/tusb_fifo.o
 .text.tu_fifo_config
                0x080037b0       0x26 ./tinyusb/src/common/tusb_fifo.o
                0x080037b0                tu_fifo_config
 .text.tu_fifo_count
                0x080037d6       0x22 ./tinyusb/src/common/tusb_fifo.o
                0x080037d6                tu_fifo_count
 .text.tu_fifo_empty
                0x080037f8       0x10 ./tinyusb/src/common/tusb_fifo.o
                0x080037f8                tu_fifo_empty
 .text.tu_fifo_full
                0x08003808       0x22 ./tinyusb/src/common/tusb_fifo.o
                0x08003808                tu_fifo_full
 .text.tu_fifo_remaining
                0x0800382a       0x24 ./tinyusb/src/common/tusb_fifo.o
                0x0800382a                tu_fifo_remaining
 .text.tu_fifo_read
                0x0800384e       0x24 ./tinyusb/src/common/tusb_fifo.o
                0x0800384e                tu_fifo_read
 .text.tu_fifo_read_n
                0x08003872       0x2c ./tinyusb/src/common/tusb_fifo.o
                0x08003872                tu_fifo_read_n
 .text.tu_fifo_read_n_const_addr_full_words
                0x0800389e       0x2c ./tinyusb/src/common/tusb_fifo.o
                0x0800389e                tu_fifo_read_n_const_addr_full_words
 .text.tu_fifo_write
                0x080038ca       0x46 ./tinyusb/src/common/tusb_fifo.o
                0x080038ca                tu_fifo_write
 .text.tu_fifo_write_n
                0x08003910        0xc ./tinyusb/src/common/tusb_fifo.o
                0x08003910                tu_fifo_write_n
 .text.tu_fifo_write_n_const_addr_full_words
                0x0800391c        0xc ./tinyusb/src/common/tusb_fifo.o
                0x0800391c                tu_fifo_write_n_const_addr_full_words
 .text.tu_fifo_clear
                0x08003928        0xa ./tinyusb/src/common/tusb_fifo.o
                0x08003928                tu_fifo_clear
 .text.tu_fifo_set_overwritable
                0x08003932       0x12 ./tinyusb/src/common/tusb_fifo.o
                0x08003932                tu_fifo_set_overwritable
 .text.tud_vendor_control_xfer_cb
                0x08003944        0x4 ./tinyusb/src/device/usbd.o
                0x08003944                tud_vendor_control_xfer_cb
 .text.configuration_reset
                0x08003948       0x80 ./tinyusb/src/device/usbd.o
 .text.invoke_class_control
                0x080039c8       0x1c ./tinyusb/src/device/usbd.o
 .text.usbd_int_set
                0x080039e4       0x14 ./tinyusb/src/device/usbd.o
                0x080039e4                usbd_int_set
 .text.tud_event_hook_cb
                0x080039f8        0x2 ./tinyusb/src/device/usbd.o
                0x080039f8                tud_event_hook_cb
 .text.tud_sof_cb
                0x080039fa        0x2 ./tinyusb/src/device/usbd.o
                0x080039fa                tud_sof_cb
 .text.tud_descriptor_bos_cb
                0x080039fc        0x4 ./tinyusb/src/device/usbd.o
                0x080039fc                tud_descriptor_bos_cb
 .text.tud_descriptor_device_qualifier_cb
                0x08003a00        0x4 ./tinyusb/src/device/usbd.o
                0x08003a00                tud_descriptor_device_qualifier_cb
 .text.tud_descriptor_other_speed_configuration_cb
                0x08003a04        0x4 ./tinyusb/src/device/usbd.o
                0x08003a04                tud_descriptor_other_speed_configuration_cb
 .text.tud_mount_cb
                0x08003a08        0x2 ./tinyusb/src/device/usbd.o
                0x08003a08                tud_mount_cb
 .text.tud_umount_cb
                0x08003a0a        0x2 ./tinyusb/src/device/usbd.o
                0x08003a0a                tud_umount_cb
 .text.tud_suspend_cb
                0x08003a0c        0x2 ./tinyusb/src/device/usbd.o
                0x08003a0c                tud_suspend_cb
 .text.tud_resume_cb
                0x08003a0e        0x2 ./tinyusb/src/device/usbd.o
                0x08003a0e                tud_resume_cb
 .text.tud_mounted
                0x08003a10       0x10 ./tinyusb/src/device/usbd.o
                0x08003a10                tud_mounted
 .text.tud_suspended
                0x08003a20       0x10 ./tinyusb/src/device/usbd.o
                0x08003a20                tud_suspended
 .text.tud_remote_wakeup
                0x08003a30       0x30 ./tinyusb/src/device/usbd.o
                0x08003a30                tud_remote_wakeup
 .text.tud_rhport_init
                0x08003a60       0xd4 ./tinyusb/src/device/usbd.o
                0x08003a60                tud_rhport_init
 .text.dcd_event_handler
                0x08003b34      0x1d0 ./tinyusb/src/device/usbd.o
                0x08003b34                dcd_event_handler
 .text.usbd_spin_lock
                0x08003d04        0x8 ./tinyusb/src/device/usbd.o
                0x08003d04                usbd_spin_lock
 .text.usbd_spin_unlock
                0x08003d0c        0xa ./tinyusb/src/device/usbd.o
                0x08003d0c                usbd_spin_unlock
 *fill*         0x08003d16        0x2 
 .text.usbd_edpt_open
                0x08003d18       0x48 ./tinyusb/src/device/usbd.o
                0x08003d18                usbd_edpt_open
 .text.usbd_open_edpt_pair
                0x08003d60       0x5c ./tinyusb/src/device/usbd.o
                0x08003d60                usbd_open_edpt_pair
 .text.usbd_edpt_claim
                0x08003dbc       0x1c ./tinyusb/src/device/usbd.o
                0x08003dbc                usbd_edpt_claim
 .text.usbd_edpt_release
                0x08003dd8       0x1c ./tinyusb/src/device/usbd.o
                0x08003dd8                usbd_edpt_release
 .text.usbd_edpt_xfer
                0x08003df4       0x64 ./tinyusb/src/device/usbd.o
                0x08003df4                usbd_edpt_xfer
 .text.usbd_edpt_busy
                0x08003e58       0x1c ./tinyusb/src/device/usbd.o
                0x08003e58                usbd_edpt_busy
 .text.usbd_edpt_stall
                0x08003e74       0x3c ./tinyusb/src/device/usbd.o
                0x08003e74                usbd_edpt_stall
 .text.usbd_edpt_clear_stall
                0x08003eb0       0x3c ./tinyusb/src/device/usbd.o
                0x08003eb0                usbd_edpt_clear_stall
 .text.usbd_edpt_stalled
                0x08003eec       0x1c ./tinyusb/src/device/usbd.o
                0x08003eec                usbd_edpt_stalled
 .text.tud_task_ext
                0x08003f08      0x658 ./tinyusb/src/device/usbd.o
                0x08003f08                tud_task_ext
 .text.data_stage_xact
                0x08004560       0x54 ./tinyusb/src/device/usbd_control.o
 .text.status_stage_xact.isra.0
                0x080045b4        0xe ./tinyusb/src/device/usbd_control.o
 .text.dcd_edpt0_status_complete
                0x080045c2        0x2 ./tinyusb/src/device/usbd_control.o
                0x080045c2                dcd_edpt0_status_complete
 .text.tud_control_status
                0x080045c4       0x24 ./tinyusb/src/device/usbd_control.o
                0x080045c4                tud_control_status
 .text.tud_control_xfer
                0x080045e8       0x54 ./tinyusb/src/device/usbd_control.o
                0x080045e8                tud_control_xfer
 .text.usbd_control_reset
                0x0800463c       0x10 ./tinyusb/src/device/usbd_control.o
                0x0800463c                usbd_control_reset
 .text.usbd_control_set_complete_callback
                0x0800464c        0xc ./tinyusb/src/device/usbd_control.o
                0x0800464c                usbd_control_set_complete_callback
 .text.usbd_control_set_request
                0x08004658       0x1c ./tinyusb/src/device/usbd_control.o
                0x08004658                usbd_control_set_request
 .text.usbd_control_xfer_cb
                0x08004674       0xac ./tinyusb/src/device/usbd_control.o
                0x08004674                usbd_control_xfer_cb
 .text.dfifo_alloc
                0x08004720       0xa4 ./tinyusb/src/portable/synopsys/dwc2/dcd_dwc2.o
 .text.dfifo_device_init
                0x080047c4       0x34 ./tinyusb/src/portable/synopsys/dwc2/dcd_dwc2.o
 .text.edpt_schedule_packets.isra.0
                0x080047f8       0xc4 ./tinyusb/src/portable/synopsys/dwc2/dcd_dwc2.o
 .text.handle_ep_irq
                0x080048bc      0x1e0 ./tinyusb/src/portable/synopsys/dwc2/dcd_dwc2.o
 .text.edpt_disable.isra.0
                0x08004a9c      0x104 ./tinyusb/src/portable/synopsys/dwc2/dcd_dwc2.o
 .text.edpt_activate.isra.0
                0x08004ba0       0x68 ./tinyusb/src/portable/synopsys/dwc2/dcd_dwc2.o
 .text.dcd_int_enable
                0x08004c08       0x2c ./tinyusb/src/portable/synopsys/dwc2/dcd_dwc2.o
                0x08004c08                dcd_int_enable
 .text.dcd_int_disable
                0x08004c34       0x34 ./tinyusb/src/portable/synopsys/dwc2/dcd_dwc2.o
                0x08004c34                dcd_int_disable
 .text.dcd_remote_wakeup
                0x08004c68       0x48 ./tinyusb/src/portable/synopsys/dwc2/dcd_dwc2.o
                0x08004c68                dcd_remote_wakeup
 .text.dcd_connect
                0x08004cb0       0x12 ./tinyusb/src/portable/synopsys/dwc2/dcd_dwc2.o
                0x08004cb0                dcd_connect
 .text.dcd_disconnect
                0x08004cc2       0x12 ./tinyusb/src/portable/synopsys/dwc2/dcd_dwc2.o
                0x08004cc2                dcd_disconnect
 .text.dcd_init
                0x08004cd4       0xa4 ./tinyusb/src/portable/synopsys/dwc2/dcd_dwc2.o
                0x08004cd4                dcd_init
 .text.dcd_sof_enable
                0x08004d78       0x24 ./tinyusb/src/portable/synopsys/dwc2/dcd_dwc2.o
                0x08004d78                dcd_sof_enable
 .text.dcd_edpt_open
                0x08004d9c       0x2e ./tinyusb/src/portable/synopsys/dwc2/dcd_dwc2.o
                0x08004d9c                dcd_edpt_open
 *fill*         0x08004dca        0x2 
 .text.dcd_edpt_close_all
                0x08004dcc       0xa4 ./tinyusb/src/portable/synopsys/dwc2/dcd_dwc2.o
                0x08004dcc                dcd_edpt_close_all
 .text.dcd_edpt_xfer
                0x08004e70       0x54 ./tinyusb/src/portable/synopsys/dwc2/dcd_dwc2.o
                0x08004e70                dcd_edpt_xfer
 .text.dcd_set_address
                0x08004ec4       0x1e ./tinyusb/src/portable/synopsys/dwc2/dcd_dwc2.o
                0x08004ec4                dcd_set_address
 .text.dcd_edpt_stall
                0x08004ee2       0x18 ./tinyusb/src/portable/synopsys/dwc2/dcd_dwc2.o
                0x08004ee2                dcd_edpt_stall
 .text.dcd_edpt_clear_stall
                0x08004efa       0x2e ./tinyusb/src/portable/synopsys/dwc2/dcd_dwc2.o
                0x08004efa                dcd_edpt_clear_stall
 .text.dcd_int_handler
                0x08004f28      0x2cc ./tinyusb/src/portable/synopsys/dwc2/dcd_dwc2.o
                0x08004f28                dcd_int_handler
 .text.reset_core.constprop.0
                0x080051f4       0x42 ./tinyusb/src/portable/synopsys/dwc2/dwc2_common.o
 *fill*         0x08005236        0x2 
 .text.dwc2_phy_update.part.0.constprop.0
                0x08005238       0x9c ./tinyusb/src/portable/synopsys/dwc2/dwc2_common.o
 .text.dwc2_core_is_highspeed
                0x080052d4       0x16 ./tinyusb/src/portable/synopsys/dwc2/dwc2_common.o
                0x080052d4                dwc2_core_is_highspeed
 *fill*         0x080052ea        0x2 
 .text.dwc2_core_init
                0x080052ec      0x138 ./tinyusb/src/portable/synopsys/dwc2/dwc2_common.o
                0x080052ec                dwc2_core_init
 .text.dfifo_read_packet
                0x08005424       0x3a ./tinyusb/src/portable/synopsys/dwc2/dwc2_common.o
                0x08005424                dfifo_read_packet
 .text.dfifo_write_packet
                0x0800545e       0x3a ./tinyusb/src/portable/synopsys/dwc2/dwc2_common.o
                0x0800545e                dfifo_write_packet
 .text.tusb_rhport_init
                0x08005498       0x64 ./tinyusb/src/tusb.o
                0x08005498                tusb_rhport_init
 .text.tu_edpt_claim
                0x080054fc       0x36 ./tinyusb/src/tusb.o
                0x080054fc                tu_edpt_claim
 .text.tu_edpt_release
                0x08005532       0x22 ./tinyusb/src/tusb.o
                0x08005532                tu_edpt_release
 .text.tu_edpt_validate
                0x08005554       0x88 ./tinyusb/src/tusb.o
                0x08005554                tu_edpt_validate
 .text.tu_edpt_bind_driver
                0x080055dc       0x24 ./tinyusb/src/tusb.o
                0x080055dc                tu_edpt_bind_driver
 .text.atoi     0x08005600        0x8 C:/ST/STM32CubeIDE_1.18.0/STM32CubeIDE/plugins/com.st.stm32cube.ide.mcu.externaltools.gnu-tools-for-stm32.13.3.rel1.win32_1.0.0.202411081344/tools/bin/../lib/gcc/arm-none-eabi/13.3.1/../../../../arm-none-eabi/lib/thumb/v7e-m+fp/hard\libc_nano.a(libc_a-atoi.o)
                0x08005600                atoi
 .text._strtol_l.isra.0
                0x08005608       0xf4 C:/ST/STM32CubeIDE_1.18.0/STM32CubeIDE/plugins/com.st.stm32cube.ide.mcu.externaltools.gnu-tools-for-stm32.13.3.rel1.win32_1.0.0.202411081344/tools/bin/../lib/gcc/arm-none-eabi/13.3.1/../../../../arm-none-eabi/lib/thumb/v7e-m+fp/hard\libc_nano.a(libc_a-strtol.o)
 .text.strtol   0x080056fc       0x14 C:/ST/STM32CubeIDE_1.18.0/STM32CubeIDE/plugins/com.st.stm32cube.ide.mcu.externaltools.gnu-tools-for-stm32.13.3.rel1.win32_1.0.0.202411081344/tools/bin/../lib/gcc/arm-none-eabi/13.3.1/../../../../arm-none-eabi/lib/thumb/v7e-m+fp/hard\libc_nano.a(libc_a-strtol.o)
                0x080056fc                strtol
 .text.std      0x08005710       0x6c C:/ST/STM32CubeIDE_1.18.0/STM32CubeIDE/plugins/com.st.stm32cube.ide.mcu.externaltools.gnu-tools-for-stm32.13.3.rel1.win32_1.0.0.202411081344/tools/bin/../lib/gcc/arm-none-eabi/13.3.1/../../../../arm-none-eabi/lib/thumb/v7e-m+fp/hard\libc_nano.a(libc_a-findfp.o)
 .text.stdio_exit_handler
                0x0800577c       0x18 C:/ST/STM32CubeIDE_1.18.0/STM32CubeIDE/plugins/com.st.stm32cube.ide.mcu.externaltools.gnu-tools-for-stm32.13.3.rel1.win32_1.0.0.202411081344/tools/bin/../lib/gcc/arm-none-eabi/13.3.1/../../../../arm-none-eabi/lib/thumb/v7e-m+fp/hard\libc_nano.a(libc_a-findfp.o)
 .text.cleanup_stdio
                0x08005794       0x40 C:/ST/STM32CubeIDE_1.18.0/STM32CubeIDE/plugins/com.st.stm32cube.ide.mcu.externaltools.gnu-tools-for-stm32.13.3.rel1.win32_1.0.0.202411081344/tools/bin/../lib/gcc/arm-none-eabi/13.3.1/../../../../arm-none-eabi/lib/thumb/v7e-m+fp/hard\libc_nano.a(libc_a-findfp.o)
 .text.global_stdio_init.part.0
                0x080057d4       0x3c C:/ST/STM32CubeIDE_1.18.0/STM32CubeIDE/plugins/com.st.stm32cube.ide.mcu.externaltools.gnu-tools-for-stm32.13.3.rel1.win32_1.0.0.202411081344/tools/bin/../lib/gcc/arm-none-eabi/13.3.1/../../../../arm-none-eabi/lib/thumb/v7e-m+fp/hard\libc_nano.a(libc_a-findfp.o)
 .text.__sfp_lock_acquire
                0x08005810        0xc C:/ST/STM32CubeIDE_1.18.0/STM32CubeIDE/plugins/com.st.stm32cube.ide.mcu.externaltools.gnu-tools-for-stm32.13.3.rel1.win32_1.0.0.202411081344/tools/bin/../lib/gcc/arm-none-eabi/13.3.1/../../../../arm-none-eabi/lib/thumb/v7e-m+fp/hard\libc_nano.a(libc_a-findfp.o)
                0x08005810                __sfp_lock_acquire
 .text.__sfp_lock_release
                0x0800581c        0xc C:/ST/STM32CubeIDE_1.18.0/STM32CubeIDE/plugins/com.st.stm32cube.ide.mcu.externaltools.gnu-tools-for-stm32.13.3.rel1.win32_1.0.0.202411081344/tools/bin/../lib/gcc/arm-none-eabi/13.3.1/../../../../arm-none-eabi/lib/thumb/v7e-m+fp/hard\libc_nano.a(libc_a-findfp.o)
                0x0800581c                __sfp_lock_release
 .text.__sinit  0x08005828       0x30 C:/ST/STM32CubeIDE_1.18.0/STM32CubeIDE/plugins/com.st.stm32cube.ide.mcu.externaltools.gnu-tools-for-stm32.13.3.rel1.win32_1.0.0.202411081344/tools/bin/../lib/gcc/arm-none-eabi/13.3.1/../../../../arm-none-eabi/lib/thumb/v7e-m+fp/hard\libc_nano.a(libc_a-findfp.o)
                0x08005828                __sinit
 .text._fwalk_sglue
                0x08005858       0x3c C:/ST/STM32CubeIDE_1.18.0/STM32CubeIDE/plugins/com.st.stm32cube.ide.mcu.externaltools.gnu-tools-for-stm32.13.3.rel1.win32_1.0.0.202411081344/tools/bin/../lib/gcc/arm-none-eabi/13.3.1/../../../../arm-none-eabi/lib/thumb/v7e-m+fp/hard\libc_nano.a(libc_a-fwalk.o)
                0x08005858                _fwalk_sglue
 .text.snprintf
                0x08005894       0x6c C:/ST/STM32CubeIDE_1.18.0/STM32CubeIDE/plugins/com.st.stm32cube.ide.mcu.externaltools.gnu-tools-for-stm32.13.3.rel1.win32_1.0.0.202411081344/tools/bin/../lib/gcc/arm-none-eabi/13.3.1/../../../../arm-none-eabi/lib/thumb/v7e-m+fp/hard\libc_nano.a(libc_a-snprintf.o)
                0x08005894                sniprintf
                0x08005894                snprintf
 .text.__sread  0x08005900       0x22 C:/ST/STM32CubeIDE_1.18.0/STM32CubeIDE/plugins/com.st.stm32cube.ide.mcu.externaltools.gnu-tools-for-stm32.13.3.rel1.win32_1.0.0.202411081344/tools/bin/../lib/gcc/arm-none-eabi/13.3.1/../../../../arm-none-eabi/lib/thumb/v7e-m+fp/hard\libc_nano.a(libc_a-stdio.o)
                0x08005900                __sread
 .text.__swrite
                0x08005922       0x38 C:/ST/STM32CubeIDE_1.18.0/STM32CubeIDE/plugins/com.st.stm32cube.ide.mcu.externaltools.gnu-tools-for-stm32.13.3.rel1.win32_1.0.0.202411081344/tools/bin/../lib/gcc/arm-none-eabi/13.3.1/../../../../arm-none-eabi/lib/thumb/v7e-m+fp/hard\libc_nano.a(libc_a-stdio.o)
                0x08005922                __swrite
 .text.__sseek  0x0800595a       0x24 C:/ST/STM32CubeIDE_1.18.0/STM32CubeIDE/plugins/com.st.stm32cube.ide.mcu.externaltools.gnu-tools-for-stm32.13.3.rel1.win32_1.0.0.202411081344/tools/bin/../lib/gcc/arm-none-eabi/13.3.1/../../../../arm-none-eabi/lib/thumb/v7e-m+fp/hard\libc_nano.a(libc_a-stdio.o)
                0x0800595a                __sseek
 .text.__sclose
                0x0800597e        0x8 C:/ST/STM32CubeIDE_1.18.0/STM32CubeIDE/plugins/com.st.stm32cube.ide.mcu.externaltools.gnu-tools-for-stm32.13.3.rel1.win32_1.0.0.202411081344/tools/bin/../lib/gcc/arm-none-eabi/13.3.1/../../../../arm-none-eabi/lib/thumb/v7e-m+fp/hard\libc_nano.a(libc_a-stdio.o)
                0x0800597e                __sclose
 .text.memset   0x08005986       0x10 C:/ST/STM32CubeIDE_1.18.0/STM32CubeIDE/plugins/com.st.stm32cube.ide.mcu.externaltools.gnu-tools-for-stm32.13.3.rel1.win32_1.0.0.202411081344/tools/bin/../lib/gcc/arm-none-eabi/13.3.1/../../../../arm-none-eabi/lib/thumb/v7e-m+fp/hard\libc_nano.a(libc_a-memset.o)
                0x08005986                memset
 *fill*         0x08005996        0x2 
 .text.strtok   0x08005998       0x68 C:/ST/STM32CubeIDE_1.18.0/STM32CubeIDE/plugins/com.st.stm32cube.ide.mcu.externaltools.gnu-tools-for-stm32.13.3.rel1.win32_1.0.0.202411081344/tools/bin/../lib/gcc/arm-none-eabi/13.3.1/../../../../arm-none-eabi/lib/thumb/v7e-m+fp/hard\libc_nano.a(libc_a-strtok.o)
                0x08005998                strtok
 .text.__strtok_r
                0x08005a00       0x50 C:/ST/STM32CubeIDE_1.18.0/STM32CubeIDE/plugins/com.st.stm32cube.ide.mcu.externaltools.gnu-tools-for-stm32.13.3.rel1.win32_1.0.0.202411081344/tools/bin/../lib/gcc/arm-none-eabi/13.3.1/../../../../arm-none-eabi/lib/thumb/v7e-m+fp/hard\libc_nano.a(libc_a-strtok_r.o)
                0x08005a00                __strtok_r
 .text._close_r
                0x08005a50       0x20 C:/ST/STM32CubeIDE_1.18.0/STM32CubeIDE/plugins/com.st.stm32cube.ide.mcu.externaltools.gnu-tools-for-stm32.13.3.rel1.win32_1.0.0.202411081344/tools/bin/../lib/gcc/arm-none-eabi/13.3.1/../../../../arm-none-eabi/lib/thumb/v7e-m+fp/hard\libc_nano.a(libc_a-closer.o)
                0x08005a50                _close_r
 .text._lseek_r
                0x08005a70       0x24 C:/ST/STM32CubeIDE_1.18.0/STM32CubeIDE/plugins/com.st.stm32cube.ide.mcu.externaltools.gnu-tools-for-stm32.13.3.rel1.win32_1.0.0.202411081344/tools/bin/../lib/gcc/arm-none-eabi/13.3.1/../../../../arm-none-eabi/lib/thumb/v7e-m+fp/hard\libc_nano.a(libc_a-lseekr.o)
                0x08005a70                _lseek_r
 .text._read_r  0x08005a94       0x24 C:/ST/STM32CubeIDE_1.18.0/STM32CubeIDE/plugins/com.st.stm32cube.ide.mcu.externaltools.gnu-tools-for-stm32.13.3.rel1.win32_1.0.0.202411081344/tools/bin/../lib/gcc/arm-none-eabi/13.3.1/../../../../arm-none-eabi/lib/thumb/v7e-m+fp/hard\libc_nano.a(libc_a-readr.o)
                0x08005a94                _read_r
 .text._write_r
                0x08005ab8       0x24 C:/ST/STM32CubeIDE_1.18.0/STM32CubeIDE/plugins/com.st.stm32cube.ide.mcu.externaltools.gnu-tools-for-stm32.13.3.rel1.win32_1.0.0.202411081344/tools/bin/../lib/gcc/arm-none-eabi/13.3.1/../../../../arm-none-eabi/lib/thumb/v7e-m+fp/hard\libc_nano.a(libc_a-writer.o)
                0x08005ab8                _write_r
 .text.__errno  0x08005adc        0xc C:/ST/STM32CubeIDE_1.18.0/STM32CubeIDE/plugins/com.st.stm32cube.ide.mcu.externaltools.gnu-tools-for-stm32.13.3.rel1.win32_1.0.0.202411081344/tools/bin/../lib/gcc/arm-none-eabi/13.3.1/../../../../arm-none-eabi/lib/thumb/v7e-m+fp/hard\libc_nano.a(libc_a-errno.o)
                0x08005adc                __errno
 .text.__libc_init_array
                0x08005ae8       0x48 C:/ST/STM32CubeIDE_1.18.0/STM32CubeIDE/plugins/com.st.stm32cube.ide.mcu.externaltools.gnu-tools-for-stm32.13.3.rel1.win32_1.0.0.202411081344/tools/bin/../lib/gcc/arm-none-eabi/13.3.1/../../../../arm-none-eabi/lib/thumb/v7e-m+fp/hard\libc_nano.a(libc_a-init.o)
                0x08005ae8                __libc_init_array
 .text.__retarget_lock_init_recursive
                0x08005b30        0x2 C:/ST/STM32CubeIDE_1.18.0/STM32CubeIDE/plugins/com.st.stm32cube.ide.mcu.externaltools.gnu-tools-for-stm32.13.3.rel1.win32_1.0.0.202411081344/tools/bin/../lib/gcc/arm-none-eabi/13.3.1/../../../../arm-none-eabi/lib/thumb/v7e-m+fp/hard\libc_nano.a(libc_a-lock.o)
                0x08005b30                __retarget_lock_init_recursive
 .text.__retarget_lock_acquire_recursive
                0x08005b32        0x2 C:/ST/STM32CubeIDE_1.18.0/STM32CubeIDE/plugins/com.st.stm32cube.ide.mcu.externaltools.gnu-tools-for-stm32.13.3.rel1.win32_1.0.0.202411081344/tools/bin/../lib/gcc/arm-none-eabi/13.3.1/../../../../arm-none-eabi/lib/thumb/v7e-m+fp/hard\libc_nano.a(libc_a-lock.o)
                0x08005b32                __retarget_lock_acquire_recursive
 .text.__retarget_lock_release_recursive
                0x08005b34        0x2 C:/ST/STM32CubeIDE_1.18.0/STM32CubeIDE/plugins/com.st.stm32cube.ide.mcu.externaltools.gnu-tools-for-stm32.13.3.rel1.win32_1.0.0.202411081344/tools/bin/../lib/gcc/arm-none-eabi/13.3.1/../../../../arm-none-eabi/lib/thumb/v7e-m+fp/hard\libc_nano.a(libc_a-lock.o)
                0x08005b34                __retarget_lock_release_recursive
 .text.memcpy   0x08005b36       0x1c C:/ST/STM32CubeIDE_1.18.0/STM32CubeIDE/plugins/com.st.stm32cube.ide.mcu.externaltools.gnu-tools-for-stm32.13.3.rel1.win32_1.0.0.202411081344/tools/bin/../lib/gcc/arm-none-eabi/13.3.1/../../../../arm-none-eabi/lib/thumb/v7e-m+fp/hard\libc_nano.a(libc_a-memcpy-stub.o)
                0x08005b36                memcpy
 *fill*         0x08005b52        0x2 
 .text.__assert_func
                0x08005b54       0x3c C:/ST/STM32CubeIDE_1.18.0/STM32CubeIDE/plugins/com.st.stm32cube.ide.mcu.externaltools.gnu-tools-for-stm32.13.3.rel1.win32_1.0.0.202411081344/tools/bin/../lib/gcc/arm-none-eabi/13.3.1/../../../../arm-none-eabi/lib/thumb/v7e-m+fp/hard\libc_nano.a(libc_a-assert.o)
                0x08005b54                __assert_func
 .text._free_r  0x08005b90       0x94 C:/ST/STM32CubeIDE_1.18.0/STM32CubeIDE/plugins/com.st.stm32cube.ide.mcu.externaltools.gnu-tools-for-stm32.13.3.rel1.win32_1.0.0.202411081344/tools/bin/../lib/gcc/arm-none-eabi/13.3.1/../../../../arm-none-eabi/lib/thumb/v7e-m+fp/hard\libc_nano.a(libc_a-freer.o)
                0x08005b90                _free_r
 .text.malloc   0x08005c24       0x10 C:/ST/STM32CubeIDE_1.18.0/STM32CubeIDE/plugins/com.st.stm32cube.ide.mcu.externaltools.gnu-tools-for-stm32.13.3.rel1.win32_1.0.0.202411081344/tools/bin/../lib/gcc/arm-none-eabi/13.3.1/../../../../arm-none-eabi/lib/thumb/v7e-m+fp/hard\libc_nano.a(libc_a-malloc.o)
                0x08005c24                malloc
 .text.sbrk_aligned
                0x08005c34       0x44 C:/ST/STM32CubeIDE_1.18.0/STM32CubeIDE/plugins/com.st.stm32cube.ide.mcu.externaltools.gnu-tools-for-stm32.13.3.rel1.win32_1.0.0.202411081344/tools/bin/../lib/gcc/arm-none-eabi/13.3.1/../../../../arm-none-eabi/lib/thumb/v7e-m+fp/hard\libc_nano.a(libc_a-mallocr.o)
 .text._malloc_r
                0x08005c78      0x100 C:/ST/STM32CubeIDE_1.18.0/STM32CubeIDE/plugins/com.st.stm32cube.ide.mcu.externaltools.gnu-tools-for-stm32.13.3.rel1.win32_1.0.0.202411081344/tools/bin/../lib/gcc/arm-none-eabi/13.3.1/../../../../arm-none-eabi/lib/thumb/v7e-m+fp/hard\libc_nano.a(libc_a-mallocr.o)
                0x08005c78                _malloc_r
 .text.__malloc_lock
                0x08005d78        0xc C:/ST/STM32CubeIDE_1.18.0/STM32CubeIDE/plugins/com.st.stm32cube.ide.mcu.externaltools.gnu-tools-for-stm32.13.3.rel1.win32_1.0.0.202411081344/tools/bin/../lib/gcc/arm-none-eabi/13.3.1/../../../../arm-none-eabi/lib/thumb/v7e-m+fp/hard\libc_nano.a(libc_a-mlock.o)
                0x08005d78                __malloc_lock
 .text.__malloc_unlock
                0x08005d84        0xc C:/ST/STM32CubeIDE_1.18.0/STM32CubeIDE/plugins/com.st.stm32cube.ide.mcu.externaltools.gnu-tools-for-stm32.13.3.rel1.win32_1.0.0.202411081344/tools/bin/../lib/gcc/arm-none-eabi/13.3.1/../../../../arm-none-eabi/lib/thumb/v7e-m+fp/hard\libc_nano.a(libc_a-mlock.o)
                0x08005d84                __malloc_unlock
 .text.__ssputs_r
                0x08005d90       0xb6 C:/ST/STM32CubeIDE_1.18.0/STM32CubeIDE/plugins/com.st.stm32cube.ide.mcu.externaltools.gnu-tools-for-stm32.13.3.rel1.win32_1.0.0.202411081344/tools/bin/../lib/gcc/arm-none-eabi/13.3.1/../../../../arm-none-eabi/lib/thumb/v7e-m+fp/hard\libc_nano.a(libc_a-nano-svfprintf.o)
                0x08005d90                __ssputs_r
 *fill*         0x08005e46        0x2 
 .text._svfprintf_r
                0x08005e48      0x1f8 C:/ST/STM32CubeIDE_1.18.0/STM32CubeIDE/plugins/com.st.stm32cube.ide.mcu.externaltools.gnu-tools-for-stm32.13.3.rel1.win32_1.0.0.202411081344/tools/bin/../lib/gcc/arm-none-eabi/13.3.1/../../../../arm-none-eabi/lib/thumb/v7e-m+fp/hard\libc_nano.a(libc_a-nano-svfprintf.o)
                0x08005e48                _svfiprintf_r
                0x08005e48                _svfprintf_r
 .text._printf_common
                0x08006040       0xda C:/ST/STM32CubeIDE_1.18.0/STM32CubeIDE/plugins/com.st.stm32cube.ide.mcu.externaltools.gnu-tools-for-stm32.13.3.rel1.win32_1.0.0.202411081344/tools/bin/../lib/gcc/arm-none-eabi/13.3.1/../../../../arm-none-eabi/lib/thumb/v7e-m+fp/hard\libc_nano.a(libc_a-nano-vfprintf_i.o)
                0x08006040                _printf_common
 *fill*         0x0800611a        0x2 
 .text._printf_i
                0x0800611c      0x23c C:/ST/STM32CubeIDE_1.18.0/STM32CubeIDE/plugins/com.st.stm32cube.ide.mcu.externaltools.gnu-tools-for-stm32.13.3.rel1.win32_1.0.0.202411081344/tools/bin/../lib/gcc/arm-none-eabi/13.3.1/../../../../arm-none-eabi/lib/thumb/v7e-m+fp/hard\libc_nano.a(libc_a-nano-vfprintf_i.o)
                0x0800611c                _printf_i
 .text.__sflush_r
                0x08006358      0x108 C:/ST/STM32CubeIDE_1.18.0/STM32CubeIDE/plugins/com.st.stm32cube.ide.mcu.externaltools.gnu-tools-for-stm32.13.3.rel1.win32_1.0.0.202411081344/tools/bin/../lib/gcc/arm-none-eabi/13.3.1/../../../../arm-none-eabi/lib/thumb/v7e-m+fp/hard\libc_nano.a(libc_a-fflush.o)
                0x08006358                __sflush_r
 .text._fflush_r
                0x08006460       0x50 C:/ST/STM32CubeIDE_1.18.0/STM32CubeIDE/plugins/com.st.stm32cube.ide.mcu.externaltools.gnu-tools-for-stm32.13.3.rel1.win32_1.0.0.202411081344/tools/bin/../lib/gcc/arm-none-eabi/13.3.1/../../../../arm-none-eabi/lib/thumb/v7e-m+fp/hard\libc_nano.a(libc_a-fflush.o)
                0x08006460                _fflush_r
 .text.fprintf  0x080064b0       0x24 C:/ST/STM32CubeIDE_1.18.0/STM32CubeIDE/plugins/com.st.stm32cube.ide.mcu.externaltools.gnu-tools-for-stm32.13.3.rel1.win32_1.0.0.202411081344/tools/bin/../lib/gcc/arm-none-eabi/13.3.1/../../../../arm-none-eabi/lib/thumb/v7e-m+fp/hard\libc_nano.a(libc_a-fprintf.o)
                0x080064b0                fiprintf
                0x080064b0                fprintf
 .text.memmove  0x080064d4       0x34 C:/ST/STM32CubeIDE_1.18.0/STM32CubeIDE/plugins/com.st.stm32cube.ide.mcu.externaltools.gnu-tools-for-stm32.13.3.rel1.win32_1.0.0.202411081344/tools/bin/../lib/gcc/arm-none-eabi/13.3.1/../../../../arm-none-eabi/lib/thumb/v7e-m+fp/hard\libc_nano.a(libc_a-memmove.o)
                0x080064d4                memmove
 .text._sbrk_r  0x08006508       0x20 C:/ST/STM32CubeIDE_1.18.0/STM32CubeIDE/plugins/com.st.stm32cube.ide.mcu.externaltools.gnu-tools-for-stm32.13.3.rel1.win32_1.0.0.202411081344/tools/bin/../lib/gcc/arm-none-eabi/13.3.1/../../../../arm-none-eabi/lib/thumb/v7e-m+fp/hard\libc_nano.a(libc_a-sbrkr.o)
                0x08006508                _sbrk_r
 .text.abort    0x08006528        0xe C:/ST/STM32CubeIDE_1.18.0/STM32CubeIDE/plugins/com.st.stm32cube.ide.mcu.externaltools.gnu-tools-for-stm32.13.3.rel1.win32_1.0.0.202411081344/tools/bin/../lib/gcc/arm-none-eabi/13.3.1/../../../../arm-none-eabi/lib/thumb/v7e-m+fp/hard\libc_nano.a(libc_a-abort.o)
                0x08006528                abort
 .text._realloc_r
                0x08006536       0x5c C:/ST/STM32CubeIDE_1.18.0/STM32CubeIDE/plugins/com.st.stm32cube.ide.mcu.externaltools.gnu-tools-for-stm32.13.3.rel1.win32_1.0.0.202411081344/tools/bin/../lib/gcc/arm-none-eabi/13.3.1/../../../../arm-none-eabi/lib/thumb/v7e-m+fp/hard\libc_nano.a(libc_a-reallocr.o)
                0x08006536                _realloc_r
 .text.__sfputc_r
                0x08006592       0x2e C:/ST/STM32CubeIDE_1.18.0/STM32CubeIDE/plugins/com.st.stm32cube.ide.mcu.externaltools.gnu-tools-for-stm32.13.3.rel1.win32_1.0.0.202411081344/tools/bin/../lib/gcc/arm-none-eabi/13.3.1/../../../../arm-none-eabi/lib/thumb/v7e-m+fp/hard\libc_nano.a(libc_a-nano-vfprintf.o)
 .text.__sfputs_r
                0x080065c0       0x24 C:/ST/STM32CubeIDE_1.18.0/STM32CubeIDE/plugins/com.st.stm32cube.ide.mcu.externaltools.gnu-tools-for-stm32.13.3.rel1.win32_1.0.0.202411081344/tools/bin/../lib/gcc/arm-none-eabi/13.3.1/../../../../arm-none-eabi/lib/thumb/v7e-m+fp/hard\libc_nano.a(libc_a-nano-vfprintf.o)
                0x080065c0                __sfputs_r
 .text._vfprintf_r
                0x080065e4      0x230 C:/ST/STM32CubeIDE_1.18.0/STM32CubeIDE/plugins/com.st.stm32cube.ide.mcu.externaltools.gnu-tools-for-stm32.13.3.rel1.win32_1.0.0.202411081344/tools/bin/../lib/gcc/arm-none-eabi/13.3.1/../../../../arm-none-eabi/lib/thumb/v7e-m+fp/hard\libc_nano.a(libc_a-nano-vfprintf.o)
                0x080065e4                _vfprintf_r
                0x080065e4                _vfiprintf_r
 .text.__swbuf_r
                0x08006814       0x7c C:/ST/STM32CubeIDE_1.18.0/STM32CubeIDE/plugins/com.st.stm32cube.ide.mcu.externaltools.gnu-tools-for-stm32.13.3.rel1.win32_1.0.0.202411081344/tools/bin/../lib/gcc/arm-none-eabi/13.3.1/../../../../arm-none-eabi/lib/thumb/v7e-m+fp/hard\libc_nano.a(libc_a-wbuf.o)
                0x08006814                __swbuf_r
 .text.__swsetup_r
                0x08006890       0xac C:/ST/STM32CubeIDE_1.18.0/STM32CubeIDE/plugins/com.st.stm32cube.ide.mcu.externaltools.gnu-tools-for-stm32.13.3.rel1.win32_1.0.0.202411081344/tools/bin/../lib/gcc/arm-none-eabi/13.3.1/../../../../arm-none-eabi/lib/thumb/v7e-m+fp/hard\libc_nano.a(libc_a-wsetup.o)
                0x08006890                __swsetup_r
 .text._raise_r
                0x0800693c       0x50 C:/ST/STM32CubeIDE_1.18.0/STM32CubeIDE/plugins/com.st.stm32cube.ide.mcu.externaltools.gnu-tools-for-stm32.13.3.rel1.win32_1.0.0.202411081344/tools/bin/../lib/gcc/arm-none-eabi/13.3.1/../../../../arm-none-eabi/lib/thumb/v7e-m+fp/hard\libc_nano.a(libc_a-signal.o)
                0x0800693c                _raise_r
 .text.raise    0x0800698c       0x10 C:/ST/STM32CubeIDE_1.18.0/STM32CubeIDE/plugins/com.st.stm32cube.ide.mcu.externaltools.gnu-tools-for-stm32.13.3.rel1.win32_1.0.0.202411081344/tools/bin/../lib/gcc/arm-none-eabi/13.3.1/../../../../arm-none-eabi/lib/thumb/v7e-m+fp/hard\libc_nano.a(libc_a-signal.o)
                0x0800698c                raise
 .text._kill_r  0x0800699c       0x24 C:/ST/STM32CubeIDE_1.18.0/STM32CubeIDE/plugins/com.st.stm32cube.ide.mcu.externaltools.gnu-tools-for-stm32.13.3.rel1.win32_1.0.0.202411081344/tools/bin/../lib/gcc/arm-none-eabi/13.3.1/../../../../arm-none-eabi/lib/thumb/v7e-m+fp/hard\libc_nano.a(libc_a-signalr.o)
                0x0800699c                _kill_r
 .text._getpid_r
                0x080069c0        0x4 C:/ST/STM32CubeIDE_1.18.0/STM32CubeIDE/plugins/com.st.stm32cube.ide.mcu.externaltools.gnu-tools-for-stm32.13.3.rel1.win32_1.0.0.202411081344/tools/bin/../lib/gcc/arm-none-eabi/13.3.1/../../../../arm-none-eabi/lib/thumb/v7e-m+fp/hard\libc_nano.a(libc_a-signalr.o)
                0x080069c0                _getpid_r
 .text._malloc_usable_size_r
                0x080069c4       0x10 C:/ST/STM32CubeIDE_1.18.0/STM32CubeIDE/plugins/com.st.stm32cube.ide.mcu.externaltools.gnu-tools-for-stm32.13.3.rel1.win32_1.0.0.202411081344/tools/bin/../lib/gcc/arm-none-eabi/13.3.1/../../../../arm-none-eabi/lib/thumb/v7e-m+fp/hard\libc_nano.a(libc_a-msizer.o)
                0x080069c4                _malloc_usable_size_r
 .text.__swhatbuf_r
                0x080069d4       0x4c C:/ST/STM32CubeIDE_1.18.0/STM32CubeIDE/plugins/com.st.stm32cube.ide.mcu.externaltools.gnu-tools-for-stm32.13.3.rel1.win32_1.0.0.202411081344/tools/bin/../lib/gcc/arm-none-eabi/13.3.1/../../../../arm-none-eabi/lib/thumb/v7e-m+fp/hard\libc_nano.a(libc_a-makebuf.o)
                0x080069d4                __swhatbuf_r
 .text.__smakebuf_r
                0x08006a20       0x78 C:/ST/STM32CubeIDE_1.18.0/STM32CubeIDE/plugins/com.st.stm32cube.ide.mcu.externaltools.gnu-tools-for-stm32.13.3.rel1.win32_1.0.0.202411081344/tools/bin/../lib/gcc/arm-none-eabi/13.3.1/../../../../arm-none-eabi/lib/thumb/v7e-m+fp/hard\libc_nano.a(libc_a-makebuf.o)
                0x08006a20                __smakebuf_r
 .text._fstat_r
                0x08006a98       0x24 C:/ST/STM32CubeIDE_1.18.0/STM32CubeIDE/plugins/com.st.stm32cube.ide.mcu.externaltools.gnu-tools-for-stm32.13.3.rel1.win32_1.0.0.202411081344/tools/bin/../lib/gcc/arm-none-eabi/13.3.1/../../../../arm-none-eabi/lib/thumb/v7e-m+fp/hard\libc_nano.a(libc_a-fstatr.o)
                0x08006a98                _fstat_r
 .text._isatty_r
                0x08006abc       0x20 C:/ST/STM32CubeIDE_1.18.0/STM32CubeIDE/plugins/com.st.stm32cube.ide.mcu.externaltools.gnu-tools-for-stm32.13.3.rel1.win32_1.0.0.202411081344/tools/bin/../lib/gcc/arm-none-eabi/13.3.1/../../../../arm-none-eabi/lib/thumb/v7e-m+fp/hard\libc_nano.a(libc_a-isattyr.o)
                0x08006abc                _isatty_r
 *(.glue_7)
 .glue_7        0x08006adc        0x0 linker stubs
 *(.glue_7t)
 .glue_7t       0x08006adc        0x0 linker stubs
 *(.eh_frame)
 .eh_frame      0x08006adc        0x0 C:/ST/STM32CubeIDE_1.18.0/STM32CubeIDE/plugins/com.st.stm32cube.ide.mcu.externaltools.gnu-tools-for-stm32.13.3.rel1.win32_1.0.0.202411081344/tools/bin/../lib/gcc/arm-none-eabi/13.3.1/thumb/v7e-m+fp/hard/crtbegin.o
 *(.init)
 .init          0x08006adc        0x4 C:/ST/STM32CubeIDE_1.18.0/STM32CubeIDE/plugins/com.st.stm32cube.ide.mcu.externaltools.gnu-tools-for-stm32.13.3.rel1.win32_1.0.0.202411081344/tools/bin/../lib/gcc/arm-none-eabi/13.3.1/thumb/v7e-m+fp/hard/crti.o
                0x08006adc                _init
 .init          0x08006ae0        0x8 C:/ST/STM32CubeIDE_1.18.0/STM32CubeIDE/plugins/com.st.stm32cube.ide.mcu.externaltools.gnu-tools-for-stm32.13.3.rel1.win32_1.0.0.202411081344/tools/bin/../lib/gcc/arm-none-eabi/13.3.1/thumb/v7e-m+fp/hard/crtn.o
 *(.fini)
 .fini          0x08006ae8        0x4 C:/ST/STM32CubeIDE_1.18.0/STM32CubeIDE/plugins/com.st.stm32cube.ide.mcu.externaltools.gnu-tools-for-stm32.13.3.rel1.win32_1.0.0.202411081344/tools/bin/../lib/gcc/arm-none-eabi/13.3.1/thumb/v7e-m+fp/hard/crti.o
                0x08006ae8                _fini
 .fini          0x08006aec        0x8 C:/ST/STM32CubeIDE_1.18.0/STM32CubeIDE/plugins/com.st.stm32cube.ide.mcu.externaltools.gnu-tools-for-stm32.13.3.rel1.win32_1.0.0.202411081344/tools/bin/../lib/gcc/arm-none-eabi/13.3.1/thumb/v7e-m+fp/hard/crtn.o
                0x08006af4                        . = ALIGN (0x4)
                0x08006af4                        _etext = .

.vfp11_veneer   0x08006af4        0x0
 .vfp11_veneer  0x08006af4        0x0 linker stubs

.v4_bx          0x08006af4        0x0
 .v4_bx         0x08006af4        0x0 linker stubs

.iplt           0x08006af4        0x0
 .iplt          0x08006af4        0x0 C:/ST/STM32CubeIDE_1.18.0/STM32CubeIDE/plugins/com.st.stm32cube.ide.mcu.externaltools.gnu-tools-for-stm32.13.3.rel1.win32_1.0.0.202411081344/tools/bin/../lib/gcc/arm-none-eabi/13.3.1/thumb/v7e-m+fp/hard/crtbegin.o

.rodata         0x08006af4      0xa1c
                0x08006af4                        . = ALIGN (0x4)
 *(.rodata)
 .rodata        0x08006af4        0x2 ./Core/Src/main.o
 *(.rodata*)
 .rodata.cdc_task.str1.1
                0x08006af6      0x759 ./Core/Src/cdc.o
                                0x636 (size before relaxing)
 .rodata.tud_cdc_line_state_cb.str1.1
                0x0800724f       0x4e ./Core/Src/cdc.o
 .rodata.channels_by_row_col
                0x0800724f       0x20 ./Core/Src/config.o
                0x0800724f                channels_by_row_col
 *fill*         0x0800726f        0x1 
 .rodata.keyboard_default_user_config
                0x08007270       0x48 ./Core/Src/config.o
                0x08007270                keyboard_default_user_config
 .rodata.CSWTCH.10
                0x080072b8        0x8 ./Core/Src/keyboard.o
 .rodata.amux_select_pins
                0x080072c0       0x10 ./Core/Src/main.o
                0x080072c0                amux_select_pins
 .rodata.APBPrescTable
                0x080072d0        0x8 ./Core/Src/system_stm32f4xx.o
                0x080072d0                APBPrescTable
 .rodata.AHBPrescTable
                0x080072d8       0x10 ./Core/Src/system_stm32f4xx.o
                0x080072d8                AHBPrescTable
 .rodata.str1.1
                0x080072e8       0x32 ./Core/Src/usb_descriptors.o
 .rodata.__compound_literal.0
                0x080072e8        0x2 ./Core/Src/usb_descriptors.o
 .rodata.desc_configuration
                0x080072ea       0x64 ./Core/Src/usb_descriptors.o
                0x080072ea                desc_configuration
 .rodata.desc_hid_report
                0x0800734e       0x5c ./Core/Src/usb_descriptors.o
                0x0800734e                desc_hid_report
 .rodata.desc_device
                0x080073aa       0x12 ./Core/Src/usb_descriptors.o
                0x080073aa                desc_device
 .rodata._usbd_driver
                0x080073bc       0x40 ./tinyusb/src/device/usbd.o
 .rodata._dwc2_controller
                0x080073fc       0x10 ./tinyusb/src/portable/synopsys/dwc2/dcd_dwc2.o
 .rodata._ctype_
                0x0800740c      0x101 C:/ST/STM32CubeIDE_1.18.0/STM32CubeIDE/plugins/com.st.stm32cube.ide.mcu.externaltools.gnu-tools-for-stm32.13.3.rel1.win32_1.0.0.202411081344/tools/bin/../lib/gcc/arm-none-eabi/13.3.1/../../../../arm-none-eabi/lib/thumb/v7e-m+fp/hard\libc_nano.a(libc_a-ctype_.o)
                0x0800740c                _ctype_
 .rodata.strtok.str1.1
                0x0800750d       0x71 C:/ST/STM32CubeIDE_1.18.0/STM32CubeIDE/plugins/com.st.stm32cube.ide.mcu.externaltools.gnu-tools-for-stm32.13.3.rel1.win32_1.0.0.202411081344/tools/bin/../lib/gcc/arm-none-eabi/13.3.1/../../../../arm-none-eabi/lib/thumb/v7e-m+fp/hard\libc_nano.a(libc_a-strtok.o)
 .rodata.__assert_func.str1.1
                0x0800750d       0x3d C:/ST/STM32CubeIDE_1.18.0/STM32CubeIDE/plugins/com.st.stm32cube.ide.mcu.externaltools.gnu-tools-for-stm32.13.3.rel1.win32_1.0.0.202411081344/tools/bin/../lib/gcc/arm-none-eabi/13.3.1/../../../../arm-none-eabi/lib/thumb/v7e-m+fp/hard\libc_nano.a(libc_a-assert.o)
 .rodata._svfprintf_r.str1.1
                0x0800750d       0x11 C:/ST/STM32CubeIDE_1.18.0/STM32CubeIDE/plugins/com.st.stm32cube.ide.mcu.externaltools.gnu-tools-for-stm32.13.3.rel1.win32_1.0.0.202411081344/tools/bin/../lib/gcc/arm-none-eabi/13.3.1/../../../../arm-none-eabi/lib/thumb/v7e-m+fp/hard\libc_nano.a(libc_a-nano-svfprintf.o)
 .rodata._printf_i.str1.1
                0x0800750d       0x22 C:/ST/STM32CubeIDE_1.18.0/STM32CubeIDE/plugins/com.st.stm32cube.ide.mcu.externaltools.gnu-tools-for-stm32.13.3.rel1.win32_1.0.0.202411081344/tools/bin/../lib/gcc/arm-none-eabi/13.3.1/../../../../arm-none-eabi/lib/thumb/v7e-m+fp/hard\libc_nano.a(libc_a-nano-vfprintf_i.o)
 .rodata._vfprintf_r.str1.1
                0x0800750d       0x11 C:/ST/STM32CubeIDE_1.18.0/STM32CubeIDE/plugins/com.st.stm32cube.ide.mcu.externaltools.gnu-tools-for-stm32.13.3.rel1.win32_1.0.0.202411081344/tools/bin/../lib/gcc/arm-none-eabi/13.3.1/../../../../arm-none-eabi/lib/thumb/v7e-m+fp/hard\libc_nano.a(libc_a-nano-vfprintf.o)
                0x08007580                        . = ALIGN (0x4)
 *fill*         0x0800750d        0x3 

.ARM.extab      0x08007510        0x0
                0x08007510                        . = ALIGN (0x4)
 *(.ARM.extab* .gnu.linkonce.armextab.*)
                0x08007510                        . = ALIGN (0x4)

.ARM            0x08007510        0x8
                0x08007510                        . = ALIGN (0x4)
                0x08007510                        __exidx_start = .
 *(.ARM.exidx*)
 .ARM.exidx     0x08007510        0x8 C:/ST/STM32CubeIDE_1.18.0/STM32CubeIDE/plugins/com.st.stm32cube.ide.mcu.externaltools.gnu-tools-for-stm32.13.3.rel1.win32_1.0.0.202411081344/tools/bin/../lib/gcc/arm-none-eabi/13.3.1/../../../../arm-none-eabi/lib/thumb/v7e-m+fp/hard\libc_nano.a(libc_a-strcmp.o)
 .ARM.exidx     0x08007518        0x0 C:/ST/STM32CubeIDE_1.18.0/STM32CubeIDE/plugins/com.st.stm32cube.ide.mcu.externaltools.gnu-tools-for-stm32.13.3.rel1.win32_1.0.0.202411081344/tools/bin/../lib/gcc/arm-none-eabi/13.3.1/../../../../arm-none-eabi/lib/thumb/v7e-m+fp/hard\libc_nano.a(libc_a-strlen.o)
                                  0x8 (size before relaxing)
 .ARM.exidx     0x08007518        0x0 C:/ST/STM32CubeIDE_1.18.0/STM32CubeIDE/plugins/com.st.stm32cube.ide.mcu.externaltools.gnu-tools-for-stm32.13.3.rel1.win32_1.0.0.202411081344/tools/bin/../lib/gcc/arm-none-eabi/13.3.1/../../../../arm-none-eabi/lib/thumb/v7e-m+fp/hard\libc_nano.a(libc_a-memchr.o)
                                  0x8 (size before relaxing)
 .ARM.exidx     0x08007518        0x0 C:/ST/STM32CubeIDE_1.18.0/STM32CubeIDE/plugins/com.st.stm32cube.ide.mcu.externaltools.gnu-tools-for-stm32.13.3.rel1.win32_1.0.0.202411081344/tools/bin/../lib/gcc/arm-none-eabi/13.3.1/thumb/v7e-m+fp/hard\libgcc.a(_udivmoddi4.o)
                                  0x8 (size before relaxing)
                0x08007518                        __exidx_end = .
                0x08007518                        . = ALIGN (0x4)

.rel.dyn        0x08007518        0x0
 .rel.iplt      0x08007518        0x0 C:/ST/STM32CubeIDE_1.18.0/STM32CubeIDE/plugins/com.st.stm32cube.ide.mcu.externaltools.gnu-tools-for-stm32.13.3.rel1.win32_1.0.0.202411081344/tools/bin/../lib/gcc/arm-none-eabi/13.3.1/thumb/v7e-m+fp/hard/crtbegin.o

.preinit_array  0x08007518        0x0
                0x08007518                        . = ALIGN (0x4)
                0x08007518                        PROVIDE (__preinit_array_start = .)
 *(.preinit_array*)
                0x08007518                        PROVIDE (__preinit_array_end = .)
                0x08007518                        . = ALIGN (0x4)

.init_array     0x08007518        0x4
                0x08007518                        . = ALIGN (0x4)
                0x08007518                        PROVIDE (__init_array_start = .)
 *(SORT_BY_NAME(.init_array.*))
 *(.init_array*)
 .init_array    0x08007518        0x4 C:/ST/STM32CubeIDE_1.18.0/STM32CubeIDE/plugins/com.st.stm32cube.ide.mcu.externaltools.gnu-tools-for-stm32.13.3.rel1.win32_1.0.0.202411081344/tools/bin/../lib/gcc/arm-none-eabi/13.3.1/thumb/v7e-m+fp/hard/crtbegin.o
                0x0800751c                        PROVIDE (__init_array_end = .)
                0x0800751c                        . = ALIGN (0x4)

.fini_array     0x0800751c        0x4
                0x0800751c                        . = ALIGN (0x4)
                [!provide]                        PROVIDE (__fini_array_start = .)
 *(SORT_BY_NAME(.fini_array.*))
 *(.fini_array*)
 .fini_array    0x0800751c        0x4 C:/ST/STM32CubeIDE_1.18.0/STM32CubeIDE/plugins/com.st.stm32cube.ide.mcu.externaltools.gnu-tools-for-stm32.13.3.rel1.win32_1.0.0.202411081344/tools/bin/../lib/gcc/arm-none-eabi/13.3.1/thumb/v7e-m+fp/hard/crtbegin.o
                [!provide]                        PROVIDE (__fini_array_end = .)
                0x08007520                        . = ALIGN (0x4)
                0x08007520                        _sidata = LOADADDR (.data)

.data           0x20000000       0xe0 load address 0x08007520
                0x20000000                        . = ALIGN (0x4)
                0x20000000                        _sdata = .
 *(.data)
 *(.data*)
 .data.keyboard_user_config
                0x20000000       0x48 ./Core/Src/keyboard.o
                0x20000000                keyboard_user_config
 .data.SystemCoreClock
                0x20000048        0x4 ./Core/Src/system_stm32f4xx.o
                0x20000048                SystemCoreClock
 .data.string_desc_arr
                0x2000004c       0x18 ./Core/Src/usb_descriptors.o
                0x2000004c                string_desc_arr
 .data.uwTickFreq
                0x20000064        0x1 ./Drivers/STM32F4xx_HAL_Driver/Src/stm32f4xx_hal.o
                0x20000064                uwTickFreq
 *fill*         0x20000065        0x3 
 .data.uwTickPrio
                0x20000068        0x4 ./Drivers/STM32F4xx_HAL_Driver/Src/stm32f4xx_hal.o
                0x20000068                uwTickPrio
 .data._cdcd_cfg
                0x2000006c        0x1 ./tinyusb/src/class/cdc/cdc_device.o
 *fill*         0x2000006d        0x3 
 .data._usbd_qdef
                0x20000070       0x10 ./tinyusb/src/device/usbd.o
                0x20000070                _usbd_qdef
 .data._usbd_rhport
                0x20000080        0x1 ./tinyusb/src/device/usbd.o
 *fill*         0x20000081        0x3 
 .data.__sglue  0x20000084        0xc C:/ST/STM32CubeIDE_1.18.0/STM32CubeIDE/plugins/com.st.stm32cube.ide.mcu.externaltools.gnu-tools-for-stm32.13.3.rel1.win32_1.0.0.202411081344/tools/bin/../lib/gcc/arm-none-eabi/13.3.1/../../../../arm-none-eabi/lib/thumb/v7e-m+fp/hard\libc_nano.a(libc_a-findfp.o)
                0x20000084                __sglue
 .data._impure_ptr
                0x20000090        0x4 C:/ST/STM32CubeIDE_1.18.0/STM32CubeIDE/plugins/com.st.stm32cube.ide.mcu.externaltools.gnu-tools-for-stm32.13.3.rel1.win32_1.0.0.202411081344/tools/bin/../lib/gcc/arm-none-eabi/13.3.1/../../../../arm-none-eabi/lib/thumb/v7e-m+fp/hard\libc_nano.a(libc_a-impure.o)
                0x20000090                _impure_ptr
 .data._impure_data
                0x20000094       0x4c C:/ST/STM32CubeIDE_1.18.0/STM32CubeIDE/plugins/com.st.stm32cube.ide.mcu.externaltools.gnu-tools-for-stm32.13.3.rel1.win32_1.0.0.202411081344/tools/bin/../lib/gcc/arm-none-eabi/13.3.1/../../../../arm-none-eabi/lib/thumb/v7e-m+fp/hard\libc_nano.a(libc_a-impure.o)
                0x20000094                _impure_data
 *(.RamFunc)
 *(.RamFunc*)
                0x200000e0                        . = ALIGN (0x4)
                0x200000e0                        _edata = .

.igot.plt       0x200000e0        0x0 load address 0x08007600
 .igot.plt      0x200000e0        0x0 C:/ST/STM32CubeIDE_1.18.0/STM32CubeIDE/plugins/com.st.stm32cube.ide.mcu.externaltools.gnu-tools-for-stm32.13.3.rel1.win32_1.0.0.202411081344/tools/bin/../lib/gcc/arm-none-eabi/13.3.1/thumb/v7e-m+fp/hard/crtbegin.o
                0x200000e0                        . = ALIGN (0x4)

.bss            0x200000e0      0xdac load address 0x08007600
                0x200000e0                        _sbss = .
                0x200000e0                        __bss_start__ = _sbss
 *(.bss)
 .bss           0x200000e0       0x1c C:/ST/STM32CubeIDE_1.18.0/STM32CubeIDE/plugins/com.st.stm32cube.ide.mcu.externaltools.gnu-tools-for-stm32.13.3.rel1.win32_1.0.0.202411081344/tools/bin/../lib/gcc/arm-none-eabi/13.3.1/thumb/v7e-m+fp/hard/crtbegin.o
 *(.bss*)
 .bss.cmd_index
                0x200000fc        0x1 ./Core/Src/cdc.o
 .bss.cmd_buffer
                0x200000fd       0x40 ./Core/Src/cdc.o
 .bss.consumer_report
                0x2000013d        0x1 ./Core/Src/hid.o
 .bss.keycodes  0x2000013e        0x6 ./Core/Src/hid.o
 .bss.modifiers
                0x20000144        0x1 ./Core/Src/hid.o
 .bss.should_send_keyboard_report
                0x20000145        0x1 ./Core/Src/hid.o
 .bss.should_send_consumer_report
                0x20000146        0x1 ./Core/Src/hid.o
 .bss.key_triggered
                0x20000147        0x1 ./Core/Src/keyboard.o
 .bss.keyboard_last_cycle_duration
                0x20000148        0x4 ./Core/Src/keyboard.o
                0x20000148                keyboard_last_cycle_duration
 .bss.keyboard_keys
                0x2000014c      0x270 ./Core/Src/keyboard.o
                0x2000014c                keyboard_keys
 .bss.ADC_channel_Config
                0x200003bc       0x10 ./Core/Src/main.o
                0x200003bc                ADC_channel_Config
 .bss.hpcd_USB_OTG_FS
                0x200003cc      0x4e4 ./Core/Src/main.o
                0x200003cc                hpcd_USB_OTG_FS
 .bss.hi2c1     0x200008b0       0x54 ./Core/Src/main.o
                0x200008b0                hi2c1
 .bss.hadc1     0x20000904       0x48 ./Core/Src/main.o
                0x20000904                hadc1
 .bss.system_ticks
                0x2000094c        0x4 ./Core/Src/stm32f4xx_it.o
                0x2000094c                system_ticks
 .bss.__sbrk_heap_end
                0x20000950        0x4 ./Core/Src/sysmem.o
 .bss._desc_str
                0x20000954       0x40 ./Core/Src/usb_descriptors.o
 .bss.uwTick    0x20000994        0x4 ./Drivers/STM32F4xx_HAL_Driver/Src/stm32f4xx_hal.o
                0x20000994                uwTick
 .bss.pFlash    0x20000998       0x20 ./Drivers/STM32F4xx_HAL_Driver/Src/stm32f4xx_hal_flash.o
                0x20000998                pFlash
 .bss._cdcd_epbuf
                0x200009b8       0x80 ./tinyusb/src/class/cdc/cdc_device.o
 .bss._cdcd_itf
                0x20000a38       0xe8 ./tinyusb/src/class/cdc/cdc_device.o
 .bss._hidd_epbuf
                0x20000b20       0x30 ./tinyusb/src/class/hid/hid_device.o
 .bss._hidd_itf
                0x20000b50        0xc ./tinyusb/src/class/hid/hid_device.o
 .bss._usbd_q   0x20000b5c        0x4 ./tinyusb/src/device/usbd.o
 .bss._usbd_qdef_buf
                0x20000b60       0xc0 ./tinyusb/src/device/usbd.o
                0x20000b60                _usbd_qdef_buf
 .bss._app_driver_count
                0x20000c20        0x1 ./tinyusb/src/device/usbd.o
 *fill*         0x20000c21        0x3 
 .bss._app_driver
                0x20000c24        0x4 ./tinyusb/src/device/usbd.o
 .bss._usbd_queued_setup
                0x20000c28        0x1 ./tinyusb/src/device/usbd.o
 .bss._usbd_dev
                0x20000c29       0x2c ./tinyusb/src/device/usbd.o
 *fill*         0x20000c55        0x3 
 .bss._ctrl_epbuf
                0x20000c58       0x40 ./tinyusb/src/device/usbd_control.o
 .bss._ctrl_xfer
                0x20000c98       0x14 ./tinyusb/src/device/usbd_control.o
 .bss._dcd_usbbuf
                0x20000cac        0x8 ./tinyusb/src/portable/synopsys/dwc2/dcd_dwc2.o
 .bss._dcd_data
                0x20000cb4        0x8 ./tinyusb/src/portable/synopsys/dwc2/dcd_dwc2.o
 .bss.xfer_status
                0x20000cbc       0x80 ./tinyusb/src/portable/synopsys/dwc2/dcd_dwc2.o
 .bss._tusb_rhport_role
                0x20000d3c        0x2 ./tinyusb/src/tusb.o
                0x20000d3c                _tusb_rhport_role
 *fill*         0x20000d3e        0x2 
 .bss.__sf      0x20000d40      0x138 C:/ST/STM32CubeIDE_1.18.0/STM32CubeIDE/plugins/com.st.stm32cube.ide.mcu.externaltools.gnu-tools-for-stm32.13.3.rel1.win32_1.0.0.202411081344/tools/bin/../lib/gcc/arm-none-eabi/13.3.1/../../../../arm-none-eabi/lib/thumb/v7e-m+fp/hard\libc_nano.a(libc_a-findfp.o)
                0x20000d40                __sf
 .bss.__stdio_exit_handler
                0x20000e78        0x4 C:/ST/STM32CubeIDE_1.18.0/STM32CubeIDE/plugins/com.st.stm32cube.ide.mcu.externaltools.gnu-tools-for-stm32.13.3.rel1.win32_1.0.0.202411081344/tools/bin/../lib/gcc/arm-none-eabi/13.3.1/../../../../arm-none-eabi/lib/thumb/v7e-m+fp/hard\libc_nano.a(libc_a-findfp.o)
                0x20000e78                __stdio_exit_handler
 .bss.errno     0x20000e7c        0x4 C:/ST/STM32CubeIDE_1.18.0/STM32CubeIDE/plugins/com.st.stm32cube.ide.mcu.externaltools.gnu-tools-for-stm32.13.3.rel1.win32_1.0.0.202411081344/tools/bin/../lib/gcc/arm-none-eabi/13.3.1/../../../../arm-none-eabi/lib/thumb/v7e-m+fp/hard\libc_nano.a(libc_a-reent.o)
                0x20000e7c                errno
 .bss.__lock___malloc_recursive_mutex
                0x20000e80        0x1 C:/ST/STM32CubeIDE_1.18.0/STM32CubeIDE/plugins/com.st.stm32cube.ide.mcu.externaltools.gnu-tools-for-stm32.13.3.rel1.win32_1.0.0.202411081344/tools/bin/../lib/gcc/arm-none-eabi/13.3.1/../../../../arm-none-eabi/lib/thumb/v7e-m+fp/hard\libc_nano.a(libc_a-lock.o)
                0x20000e80                __lock___malloc_recursive_mutex
 .bss.__lock___sfp_recursive_mutex
                0x20000e81        0x1 C:/ST/STM32CubeIDE_1.18.0/STM32CubeIDE/plugins/com.st.stm32cube.ide.mcu.externaltools.gnu-tools-for-stm32.13.3.rel1.win32_1.0.0.202411081344/tools/bin/../lib/gcc/arm-none-eabi/13.3.1/../../../../arm-none-eabi/lib/thumb/v7e-m+fp/hard\libc_nano.a(libc_a-lock.o)
                0x20000e81                __lock___sfp_recursive_mutex
 *fill*         0x20000e82        0x2 
 .bss.__malloc_sbrk_start
                0x20000e84        0x4 C:/ST/STM32CubeIDE_1.18.0/STM32CubeIDE/plugins/com.st.stm32cube.ide.mcu.externaltools.gnu-tools-for-stm32.13.3.rel1.win32_1.0.0.202411081344/tools/bin/../lib/gcc/arm-none-eabi/13.3.1/../../../../arm-none-eabi/lib/thumb/v7e-m+fp/hard\libc_nano.a(libc_a-mallocr.o)
                0x20000e84                __malloc_sbrk_start
 .bss.__malloc_free_list
                0x20000e88        0x4 C:/ST/STM32CubeIDE_1.18.0/STM32CubeIDE/plugins/com.st.stm32cube.ide.mcu.externaltools.gnu-tools-for-stm32.13.3.rel1.win32_1.0.0.202411081344/tools/bin/../lib/gcc/arm-none-eabi/13.3.1/../../../../arm-none-eabi/lib/thumb/v7e-m+fp/hard\libc_nano.a(libc_a-mallocr.o)
                0x20000e88                __malloc_free_list
 *(COMMON)
                0x20000e8c                        . = ALIGN (0x4)
                0x20000e8c                        _ebss = .
                0x20000e8c                        __bss_end__ = _ebss

._user_heap_stack
                0x20000e8c      0x604 load address 0x08007600
                0x20000e90                        . = ALIGN (0x8)
 *fill*         0x20000e8c        0x4 
                [!provide]                        PROVIDE (end = .)
                0x20000e90                        PROVIDE (_end = .)
                0x20001090                        . = (. + _Min_Heap_Size)
 *fill*         0x20000e90      0x200 
                0x20001490                        . = (. + _Min_Stack_Size)
 *fill*         0x20001090      0x400 
                0x20001490                        . = ALIGN (0x8)

/DISCARD/
 libc.a(*)
 libm.a(*)
 libgcc.a(*)

.ARM.attributes
                0x00000000       0x30
 *(.ARM.attributes)
 .ARM.attributes
                0x00000000       0x22 C:/ST/STM32CubeIDE_1.18.0/STM32CubeIDE/plugins/com.st.stm32cube.ide.mcu.externaltools.gnu-tools-for-stm32.13.3.rel1.win32_1.0.0.202411081344/tools/bin/../lib/gcc/arm-none-eabi/13.3.1/thumb/v7e-m+fp/hard/crti.o
 .ARM.attributes
                0x00000022       0x34 C:/ST/STM32CubeIDE_1.18.0/STM32CubeIDE/plugins/com.st.stm32cube.ide.mcu.externaltools.gnu-tools-for-stm32.13.3.rel1.win32_1.0.0.202411081344/tools/bin/../lib/gcc/arm-none-eabi/13.3.1/thumb/v7e-m+fp/hard/crtbegin.o
 .ARM.attributes
                0x00000056       0x34 ./Core/Src/cdc.o
 .ARM.attributes
                0x0000008a       0x34 ./Core/Src/config.o
 .ARM.attributes
                0x000000be       0x34 ./Core/Src/hid.o
 .ARM.attributes
                0x000000f2       0x34 ./Core/Src/keyboard.o
 .ARM.attributes
                0x00000126       0x34 ./Core/Src/main.o
 .ARM.attributes
                0x0000015a       0x34 ./Core/Src/stm32f4xx_hal_msp.o
 .ARM.attributes
                0x0000018e       0x34 ./Core/Src/stm32f4xx_it.o
 .ARM.attributes
                0x000001c2       0x34 ./Core/Src/syscalls.o
 .ARM.attributes
                0x000001f6       0x34 ./Core/Src/sysmem.o
 .ARM.attributes
                0x0000022a       0x34 ./Core/Src/system_stm32f4xx.o
 .ARM.attributes
                0x0000025e       0x34 ./Core/Src/usb_descriptors.o
 .ARM.attributes
                0x00000292       0x21 ./Core/Startup/startup_stm32f411ceux.o
 .ARM.attributes