Archive member included to satisfy reference by file (symbol)

C:/ST/STM32CubeIDE_1.18.0/STM32CubeIDE/plugins/com.st.stm32cube.ide.mcu.externaltools.gnu-tools-for-stm32.13.3.rel1.win32_1.0.0.202411081344/tools/bin/../lib/gcc/arm-none-eabi/13.3.1/../../../../arm-none-eabi/lib/thumb/v7e-m+fp/hard\libc_nano.a(libc_a-exit.o)
                              C:/ST/STM32CubeIDE_1.18.0/STM32CubeIDE/plugins/com.st.stm32cube.ide.mcu.externaltools.gnu-tools-for-stm32.13.3.rel1.win32_1.0.0.202411081344/tools/bin/../lib/gcc/arm-none-eabi/13.3.1/../../../../arm-none-eabi/lib/thumb/v7e-m+fp/hard/crt0.o (exit)
C:/ST/STM32CubeIDE_1.18.0/STM32CubeIDE/plugins/com.st.stm32cube.ide.mcu.externaltools.gnu-tools-for-stm32.13.3.rel1.win32_1.0.0.202411081344/tools/bin/../lib/gcc/arm-none-eabi/13.3.1/../../../../arm-none-eabi/lib/thumb/v7e-m+fp/hard\libc_nano.a(libc_a-findfp.o)
                              C:/ST/STM32CubeIDE_1.18.0/STM32CubeIDE/plugins/com.st.stm32cube.ide.mcu.externaltools.gnu-tools-for-stm32.13.3.rel1.win32_1.0.0.202411081344/tools/bin/../lib/gcc/arm-none-eabi/13.3.1/../../../../arm-none-eabi/lib/thumb/v7e-m+fp/hard\libc_nano.a(libc_a-exit.o) (__stdio_exit_handler)
C:/ST/STM32CubeIDE_1.18.0/STM32CubeIDE/plugins/com.st.stm32cube.ide.mcu.externaltools.gnu-tools-for-stm32.13.3.rel1.win32_1.0.0.202411081344/tools/bin/../lib/gcc/arm-none-eabi/13.3.1/../../../../arm-none-eabi/lib/thumb/v7e-m+fp/hard\libc_nano.a(libc_a-fwalk.o)
                              C:/ST/STM32CubeIDE_1.18.0/STM32CubeIDE/plugins/com.st.stm32cube.ide.mcu.externaltools.gnu-tools-for-stm32.13.3.rel1.win32_1.0.0.202411081344/tools/bin/../lib/gcc/arm-none-eabi/13.3.1/../../../../arm-none-eabi/lib/thumb/v7e-m+fp/hard\libc_nano.a(libc_a-findfp.o) (_fwalk_sglue)
C:/ST/STM32CubeIDE_1.18.0/STM32CubeIDE/plugins/com.st.stm32cube.ide.mcu.externaltools.gnu-tools-for-stm32.13.3.rel1.win32_1.0.0.202411081344/tools/bin/../lib/gcc/arm-none-eabi/13.3.1/../../../../arm-none-eabi/lib/thumb/v7e-m+fp/hard\libc_nano.a(libc_a-snprintf.o)
                              ./Core/Src/main.o (snprintf)
C:/ST/STM32CubeIDE_1.18.0/STM32CubeIDE/plugins/com.st.stm32cube.ide.mcu.externaltools.gnu-tools-for-stm32.13.3.rel1.win32_1.0.0.202411081344/tools/bin/../lib/gcc/arm-none-eabi/13.3.1/../../../../arm-none-eabi/lib/thumb/v7e-m+fp/hard\libc_nano.a(libc_a-stdio.o)
                              C:/ST/STM32CubeIDE_1.18.0/STM32CubeIDE/plugins/com.st.stm32cube.ide.mcu.externaltools.gnu-tools-for-stm32.13.3.rel1.win32_1.0.0.202411081344/tools/bin/../lib/gcc/arm-none-eabi/13.3.1/../../../../arm-none-eabi/lib/thumb/v7e-m+fp/hard\libc_nano.a(libc_a-findfp.o) (__sread)
C:/ST/STM32CubeIDE_1.18.0/STM32CubeIDE/plugins/com.st.stm32cube.ide.mcu.externaltools.gnu-tools-for-stm32.13.3.rel1.win32_1.0.0.202411081344/tools/bin/../lib/gcc/arm-none-eabi/13.3.1/../../../../arm-none-eabi/lib/thumb/v7e-m+fp/hard\libc_nano.a(libc_a-memset.o)
                              C:/ST/STM32CubeIDE_1.18.0/STM32CubeIDE/plugins/com.st.stm32cube.ide.mcu.externaltools.gnu-tools-for-stm32.13.3.rel1.win32_1.0.0.202411081344/tools/bin/../lib/gcc/arm-none-eabi/13.3.1/../../../../arm-none-eabi/lib/thumb/v7e-m+fp/hard/crt0.o (memset)
C:/ST/STM32CubeIDE_1.18.0/STM32CubeIDE/plugins/com.st.stm32cube.ide.mcu.externaltools.gnu-tools-for-stm32.13.3.rel1.win32_1.0.0.202411081344/tools/bin/../lib/gcc/arm-none-eabi/13.3.1/../../../../arm-none-eabi/lib/thumb/v7e-m+fp/hard\libc_nano.a(libc_a-closer.o)
                              C:/ST/STM32CubeIDE_1.18.0/STM32CubeIDE/plugins/com.st.stm32cube.ide.mcu.externaltools.gnu-tools-for-stm32.13.3.rel1.win32_1.0.0.202411081344/tools/bin/../lib/gcc/arm-none-eabi/13.3.1/../../../../arm-none-eabi/lib/thumb/v7e-m+fp/hard\libc_nano.a(libc_a-stdio.o) (_close_r)
C:/ST/STM32CubeIDE_1.18.0/STM32CubeIDE/plugins/com.st.stm32cube.ide.mcu.externaltools.gnu-tools-for-stm32.13.3.rel1.win32_1.0.0.202411081344/tools/bin/../lib/gcc/arm-none-eabi/13.3.1/../../../../arm-none-eabi/lib/thumb/v7e-m+fp/hard\libc_nano.a(libc_a-reent.o)
                              C:/ST/STM32CubeIDE_1.18.0/STM32CubeIDE/plugins/com.st.stm32cube.ide.mcu.externaltools.gnu-tools-for-stm32.13.3.rel1.win32_1.0.0.202411081344/tools/bin/../lib/gcc/arm-none-eabi/13.3.1/../../../../arm-none-eabi/lib/thumb/v7e-m+fp/hard\libc_nano.a(libc_a-closer.o) (errno)
C:/ST/STM32CubeIDE_1.18.0/STM32CubeIDE/plugins/com.st.stm32cube.ide.mcu.externaltools.gnu-tools-for-stm32.13.3.rel1.win32_1.0.0.202411081344/tools/bin/../lib/gcc/arm-none-eabi/13.3.1/../../../../arm-none-eabi/lib/thumb/v7e-m+fp/hard\libc_nano.a(libc_a-impure.o)
                              C:/ST/STM32CubeIDE_1.18.0/STM32CubeIDE/plugins/com.st.stm32cube.ide.mcu.externaltools.gnu-tools-for-stm32.13.3.rel1.win32_1.0.0.202411081344/tools/bin/../lib/gcc/arm-none-eabi/13.3.1/../../../../arm-none-eabi/lib/thumb/v7e-m+fp/hard\libc_nano.a(libc_a-snprintf.o) (_impure_ptr)
[...]
Memory Configuration

Name             Origin             Length             Attributes
RAM              0x20000000         0x00020000         xrw
FLASH            0x08000000         0x00080000         xr
DATA             0x08040000         0x00020000         xrw
*default*        0x00000000         0xffffffff

Linker script and memory map

LOAD C:/ST/STM32CubeIDE_1.18.0/STM32CubeIDE/plugins/com.st.stm32cube.ide.mcu.externaltools.gnu-tools-for-stm32.13.3.rel1.win32_1.0.0.202411081344/tools/bin/../lib/gcc/arm-none-eabi/13.3.1/thumb/v7e-m+fp/hard/crti.o
LOAD C:/ST/STM32CubeIDE_1.18.0/STM32CubeIDE/plugins/com.st.stm32cube.ide.mcu.externaltools.gnu-tools-for-stm32.13.3.rel1.win32_1.0.0.202411081344/tools/bin/../lib/gcc/arm-none-eabi/13.3.1/thumb/v7e-m+fp/hard/crtbegin.o
LOAD C:/ST/STM32CubeIDE_1.18.0/STM32CubeIDE/plugins/com.st.stm32cube.ide.mcu.externaltools.gnu-tools-for-stm32.13.3.rel1.win32_1.0.0.202411081344/tools/bin/../lib/gcc/arm-none-eabi/13.3.1/../../../../arm-none-eabi/lib/thumb/v7e-m+fp/hard/crt0.o
LOAD ./Core/Src/config.o
LOAD ./Core/Src/hid.o
LOAD ./Core/Src/keyboard.o
LOAD ./Core/Src/main.o
LOAD ./Core/Src/stm32f4xx_hal_msp.o
LOAD ./Core/Src/stm32f4xx_it.o
LOAD ./Core/Src/syscalls.o
LOAD ./Core/Src/sysmem.o
LOAD ./Core/Src/system_stm32f4xx.o
LOAD ./Core/Src/usb_descriptors.o
LOAD ./Core/Startup/startup_stm32f411ceux.o
LOAD ./Drivers/STM32F4xx_HAL_Driver/Src/stm32f4xx_hal.o
LOAD ./Drivers/STM32F4xx_HAL_Driver/Src/stm32f4xx_hal_adc.o
LOAD ./Drivers/STM32F4xx_HAL_Driver/Src/stm32f4xx_hal_adc_ex.o
LOAD ./Drivers/STM32F4xx_HAL_Driver/Src/stm32f4xx_hal_cortex.o
LOAD ./Drivers/STM32F4xx_HAL_Driver/Src/stm32f4xx_hal_dma.o
LOAD ./Drivers/STM32F4xx_HAL_Driver/Src/stm32f4xx_hal_dma_ex.o
LOAD ./Drivers/STM32F4xx_HAL_Driver/Src/stm32f4xx_hal_exti.o
LOAD ./Drivers/STM32F4xx_HAL_Driver/Src/stm32f4xx_hal_flash.o
LOAD ./Drivers/STM32F4xx_HAL_Driver/Src/stm32f4xx_hal_flash_ex.o
LOAD ./Drivers/STM32F4xx_HAL_Driver/Src/stm32f4xx_hal_flash_ramfunc.o
LOAD ./Drivers/STM32F4xx_HAL_Driver/Src/stm32f4xx_hal_gpio.o
LOAD ./Drivers/STM32F4xx_HAL_Driver/Src/stm32f4xx_hal_i2c.o
LOAD ./Drivers/STM32F4xx_HAL_Driver/Src/stm32f4xx_hal_i2c_ex.o
LOAD ./Drivers/STM32F4xx_HAL_Driver/Src/stm32f4xx_hal_pcd.o
LOAD ./Drivers/STM32F4xx_HAL_Driver/Src/stm32f4xx_hal_pcd_ex.o
LOAD ./Drivers/STM32F4xx_HAL_Driver/Src/stm32f4xx_hal_pwr.o
LOAD ./Drivers/STM32F4xx_HAL_Driver/Src/stm32f4xx_hal_pwr_ex.o
LOAD ./Drivers/STM32F4xx_HAL_Driver/Src/stm32f4xx_hal_rcc.o
LOAD ./Drivers/STM32F4xx_HAL_Driver/Src/stm32f4xx_hal_rcc_ex.o
LOAD ./Drivers/STM32F4xx_HAL_Driver/Src/stm32f4xx_hal_tim.o
LOAD ./Drivers/STM32F4xx_HAL_Driver/Src/stm32f4xx_hal_tim_ex.o
LOAD ./Drivers/STM32F4xx_HAL_Driver/Src/stm32f4xx_ll_adc.o
LOAD ./Drivers/STM32F4xx_HAL_Driver/Src/stm32f4xx_ll_usb.o
LOAD ./tinyusb/src/class/audio/audio_device.o
LOAD ./tinyusb/src/class/bth/bth_device.o
LOAD ./tinyusb/src/class/cdc/cdc_device.o
LOAD ./tinyusb/src/class/cdc/cdc_host.o
LOAD ./tinyusb/src/class/cdc/cdc_rndis_host.o
LOAD ./tinyusb/src/class/dfu/dfu_device.o
LOAD ./tinyusb/src/class/dfu/dfu_rt_device.o
LOAD ./tinyusb/src/class/hid/hid_device.o
LOAD ./tinyusb/src/class/hid/hid_host.o
LOAD ./tinyusb/src/class/midi/midi_device.o
LOAD ./tinyusb/src/class/midi/midi_host.o
LOAD ./tinyusb/src/class/msc/msc_device.o
LOAD ./tinyusb/src/class/msc/msc_host.o
LOAD ./tinyusb/src/class/net/ecm_rndis_device.o
LOAD ./tinyusb/src/class/net/ncm_device.o
LOAD ./tinyusb/src/class/usbtmc/usbtmc_device.o
LOAD ./tinyusb/src/class/vendor/vendor_device.o
LOAD ./tinyusb/src/class/vendor/vendor_host.o
LOAD ./tinyusb/src/class/video/video_device.o
LOAD ./tinyusb/src/common/tusb_fifo.o
LOAD ./tinyusb/src/device/usbd.o
LOAD ./tinyusb/src/device/usbd_control.o
LOAD ./tinyusb/src/host/hub.o
LOAD ./tinyusb/src/host/usbh.o
LOAD ./tinyusb/src/portable/analog/max3421/hcd_max3421.o
LOAD ./tinyusb/src/portable/bridgetek/ft9xx/dcd_ft9xx.o
LOAD ./tinyusb/src/portable/chipidea/ci_fs/dcd_ci_fs.o
LOAD ./tinyusb/src/portable/chipidea/ci_hs/dcd_ci_hs.o
LOAD ./tinyusb/src/portable/chipidea/ci_hs/hcd_ci_hs.o
LOAD ./tinyusb/src/portable/dialog/da146xx/dcd_da146xx.o
LOAD ./tinyusb/src/portable/ehci/ehci.o
LOAD ./tinyusb/src/portable/espressif/esp32sx/dcd_esp32sx.o
LOAD ./tinyusb/src/portable/mentor/musb/dcd_musb.o
LOAD ./tinyusb/src/portable/mentor/musb/hcd_musb.o
LOAD ./tinyusb/src/portable/microchip/pic/dcd_pic.o
LOAD ./tinyusb/src/portable/microchip/pic32mz/dcd_pic32mz.o
LOAD ./tinyusb/src/portable/microchip/samd/dcd_samd.o
LOAD ./tinyusb/src/portable/microchip/samg/dcd_samg.o
LOAD ./tinyusb/src/portable/microchip/samx7x/dcd_samx7x.o
LOAD ./tinyusb/src/portable/mindmotion/mm32/dcd_mm32f327x_otg.o
LOAD ./tinyusb/src/portable/nordic/nrf5x/dcd_nrf5x.o
LOAD ./tinyusb/src/portable/nuvoton/nuc120/dcd_nuc120.o
LOAD ./tinyusb/src/portable/nuvoton/nuc121/dcd_nuc121.o
LOAD ./tinyusb/src/portable/nuvoton/nuc505/dcd_nuc505.o
LOAD ./tinyusb/src/portable/nxp/khci/dcd_khci.o
LOAD ./tinyusb/src/portable/nxp/khci/hcd_khci.o
LOAD ./tinyusb/src/portable/nxp/lpc17_40/dcd_lpc17_40.o
LOAD ./tinyusb/src/portable/nxp/lpc17_40/hcd_lpc17_40.o
LOAD ./tinyusb/src/portable/nxp/lpc_ip3511/dcd_lpc_ip3511.o
LOAD ./tinyusb/src/portable/ohci/ohci.o
LOAD ./tinyusb/src/portable/raspberrypi/pio_usb/dcd_pio_usb.o
LOAD ./tinyusb/src/portable/raspberrypi/pio_usb/hcd_pio_usb.o
LOAD ./tinyusb/src/portable/raspberrypi/rp2040/dcd_rp2040.o
LOAD ./tinyusb/src/portable/raspberrypi/rp2040/hcd_rp2040.o
LOAD ./tinyusb/src/portable/raspberrypi/rp2040/rp2040_usb.o
LOAD ./tinyusb/src/portable/renesas/rusb2/dcd_rusb2.o
LOAD ./tinyusb/src/portable/renesas/rusb2/hcd_rusb2.o
LOAD ./tinyusb/src/portable/renesas/rusb2/rusb2_common.o
LOAD ./tinyusb/src/portable/sony/cxd56/dcd_cxd56.o
LOAD ./tinyusb/src/portable/st/stm32_fsdev/dcd_stm32_fsdev.o
LOAD ./tinyusb/src/portable/st/typec/typec_stm32.o
LOAD ./tinyusb/src/portable/sunxi/dcd_sunxi_musb.o
LOAD ./tinyusb/src/portable/synopsys/dwc2/dcd_dwc2.o
LOAD ./tinyusb/src/portable/synopsys/dwc2/dwc2_common.o
LOAD ./tinyusb/src/portable/synopsys/dwc2/hcd_dwc2.o
LOAD ./tinyusb/src/portable/template/dcd_template.o
LOAD ./tinyusb/src/portable/template/hcd_template.o
LOAD ./tinyusb/src/portable/ti/msp430x5xx/dcd_msp430x5xx.o
LOAD ./tinyusb/src/portable/valentyusb/eptri/dcd_eptri.o
LOAD ./tinyusb/src/portable/wch/dcd_ch32_usbfs.o
LOAD ./tinyusb/src/portable/wch/dcd_ch32_usbhs.o
LOAD ./tinyusb/src/tusb.o
LOAD ./tinyusb/src/typec/usbc.o
START GROUP
LOAD C:/ST/STM32CubeIDE_1.18.0/STM32CubeIDE/plugins/com.st.stm32cube.ide.mcu.externaltools.gnu-tools-for-stm32.13.3.rel1.win32_1.0.0.202411081344/tools/bin/../lib/gcc/arm-none-eabi/13.3.1/../../../../arm-none-eabi/lib/thumb/v7e-m+fp/hard\libc_nano.a
LOAD C:/ST/STM32CubeIDE_1.18.0/STM32CubeIDE/plugins/com.st.stm32cube.ide.mcu.externaltools.gnu-tools-for-stm32.13.3.rel1.win32_1.0.0.202411081344/tools/bin/../lib/gcc/arm-none-eabi/13.3.1/../../../../arm-none-eabi/lib/thumb/v7e-m+fp/hard\libm.a
END GROUP
START GROUP
LOAD C:/ST/STM32CubeIDE_1.18.0/STM32CubeIDE/plugins/com.st.stm32cube.ide.mcu.externaltools.gnu-tools-for-stm32.13.3.rel1.win32_1.0.0.202411081344/tools/bin/../lib/gcc/arm-none-eabi/13.3.1/thumb/v7e-m+fp/hard\libgcc.a
LOAD C:/ST/STM32CubeIDE_1.18.0/STM32CubeIDE/plugins/com.st.stm32cube.ide.mcu.externaltools.gnu-tools-for-stm32.13.3.rel1.win32_1.0.0.202411081344/tools/bin/../lib/gcc/arm-none-eabi/13.3.1/../../../../arm-none-eabi/lib/thumb/v7e-m+fp/hard\libc_nano.a
END GROUP
START GROUP
LOAD C:/ST/STM32CubeIDE_1.18.0/STM32CubeIDE/plugins/com.st.stm32cube.ide.mcu.externaltools.gnu-tools-for-stm32.13.3.rel1.win32_1.0.0.202411081344/tools/bin/../lib/gcc/arm-none-eabi/13.3.1/thumb/v7e-m+fp/hard\libgcc.a
LOAD C:/ST/STM32CubeIDE_1.18.0/STM32CubeIDE/plugins/com.st.stm32cube.ide.mcu.externaltools.gnu-tools-for-stm32.13.3.rel1.win32_1.0.0.202411081344/tools/bin/../lib/gcc/arm-none-eabi/13.3.1/../../../../arm-none-eabi/lib/thumb/v7e-m+fp/hard\libc_nano.a
LOAD C:/ST/STM32CubeIDE_1.18.0/STM32CubeIDE/plugins/com.st.stm32cube.ide.mcu.externaltools.gnu-tools-for-stm32.13.3.rel1.win32_1.0.0.202411081344/tools/bin/../lib/gcc/arm-none-eabi/13.3.1/../../../../arm-none-eabi/lib/thumb/v7e-m+fp/hard\libnosys.a
END GROUP
START GROUP
LOAD C:/ST/STM32CubeIDE_1.18.0/STM32CubeIDE/plugins/com.st.stm32cube.ide.mcu.externaltools.gnu-tools-for-stm32.13.3.rel1.win32_1.0.0.202411081344/tools/bin/../lib/gcc/arm-none-eabi/13.3.1/thumb/v7e-m+fp/hard\libgcc.a
LOAD C:/ST/STM32CubeIDE_1.18.0/STM32CubeIDE/plugins/com.st.stm32cube.ide.mcu.externaltools.gnu-tools-for-stm32.13.3.rel1.win32_1.0.0.202411081344/tools/bin/../lib/gcc/arm-none-eabi/13.3.1/../../../../arm-none-eabi/lib/thumb/v7e-m+fp/hard\libc_nano.a
LOAD C:/ST/STM32CubeIDE_1.18.0/STM32CubeIDE/plugins/com.st.stm32cube.ide.mcu.externaltools.gnu-tools-for-stm32.13.3.rel1.win32_1.0.0.202411081344/tools/bin/../lib/gcc/arm-none-eabi/13.3.1/../../../../arm-none-eabi/lib/thumb/v7e-m+fp/hard\libnosys.a
END GROUP
LOAD C:/ST/STM32CubeIDE_1.18.0/STM32CubeIDE/plugins/com.st.stm32cube.ide.mcu.externaltools.gnu-tools-for-stm32.13.3.rel1.win32_1.0.0.202411081344/tools/bin/../lib/gcc/arm-none-eabi/13.3.1/thumb/v7e-m+fp/hard/crtend.o
LOAD C:/ST/STM32CubeIDE_1.18.0/STM32CubeIDE/plugins/com.st.stm32cube.ide.mcu.externaltools.gnu-tools-for-stm32.13.3.rel1.win32_1.0.0.202411081344/tools/bin/../lib/gcc/arm-none-eabi/13.3.1/thumb/v7e-m+fp/hard/crtn.o
                0x20020000                        _estack = (ORIGIN (RAM) + LENGTH (RAM))
                0x00000200                        _Min_Heap_Size = 0x200
                0x00000400                        _Min_Stack_Size = 0x400

.user_data      0x08040000        0x0
                0x08040000                        . = ALIGN (0x4)
 *(.user_data)
                0x08040000                        . = ALIGN (0x4)

.isr_vector     0x08000000      0x198
                0x08000000                        . = ALIGN (0x4)
 *(.isr_vector)
 .isr_vector    0x08000000      0x198 ./Core/Startup/startup_stm32f411ceux.o
                0x08000000                g_pfnVectors
                0x08000198                        . = ALIGN (0x4)

.text           0x080001a0     0x54c0
                0x080001a0                        . = ALIGN (0x4)
 *(.text)
 .text          0x080001a0       0x40 C:/ST/STM32CubeIDE_1.18.0/STM32CubeIDE/plugins/com.st.stm32cube.ide.mcu.externaltools.gnu-tools-for-stm32.13.3.rel1.win32_1.0.0.202411081344/tools/bin/../lib/gcc/arm-none-eabi/13.3.1/thumb/v7e-m+fp/hard/crtbegin.o
 .text          0x080001e0       0x10 C:/ST/STM32CubeIDE_1.18.0/STM32CubeIDE/plugins/com.st.stm32cube.ide.mcu.externaltools.gnu-tools-for-stm32.13.3.rel1.win32_1.0.0.202411081344/tools/bin/../lib/gcc/arm-none-eabi/13.3.1/../../../../arm-none-eabi/lib/thumb/v7e-m+fp/hard\libc_nano.a(libc_a-strlen.o)
                0x080001e0                strlen
 .text          0x080001f0       0xa0 C:/ST/STM32CubeIDE_1.18.0/STM32CubeIDE/plugins/com.st.stm32cube.ide.mcu.externaltools.gnu-tools-for-stm32.13.3.rel1.win32_1.0.0.202411081344/tools/bin/../lib/gcc/arm-none-eabi/13.3.1/../../../../arm-none-eabi/lib/thumb/v7e-m+fp/hard\libc_nano.a(libc_a-memchr.o)
                0x080001f0                memchr
 .text          0x08000290       0x30 C:/ST/STM32CubeIDE_1.18.0/STM32CubeIDE/plugins/com.st.stm32cube.ide.mcu.externaltools.gnu-tools-for-stm32.13.3.rel1.win32_1.0.0.202411081344/tools/bin/../lib/gcc/arm-none-eabi/13.3.1/thumb/v7e-m+fp/hard\libgcc.a(_aeabi_uldivmod.o)
                0x08000290                __aeabi_uldivmod
 .text          0x080002c0      0x2f8 C:/ST/STM32CubeIDE_1.18.0/STM32CubeIDE/plugins/com.st.stm32cube.ide.mcu.externaltools.gnu-tools-for-stm32.13.3.rel1.win32_1.0.0.202411081344/tools/bin/../lib/gcc/arm-none-eabi/13.3.1/thumb/v7e-m+fp/hard\libgcc.a(_udivmoddi4.o)
                0x080002c0                __udivmoddi4
 .text          0x080005b8        0x4 C:/ST/STM32CubeIDE_1.18.0/STM32CubeIDE/plugins/com.st.stm32cube.ide.mcu.externaltools.gnu-tools-for-stm32.13.3.rel1.win32_1.0.0.202411081344/tools/bin/../lib/gcc/arm-none-eabi/13.3.1/thumb/v7e-m+fp/hard\libgcc.a(_dvmd_tls.o)
                0x080005b8                __aeabi_idiv0
                0x080005b8                __aeabi_ldiv0
 *(.text*)
 .text.hid_init
                0x080005bc       0x1c ./Core/Src/hid.o
                0x080005bc                hid_init
 .text.hid_task
                0x080005d8       0x64 ./Core/Src/hid.o
                0x080005d8                hid_task
 .text.hid_press_key
                0x0800063c       0x64 ./Core/Src/hid.o
                0x0800063c                hid_press_key
 .text.hid_release_key
                0x080006a0       0x68 ./Core/Src/hid.o
                0x080006a0                hid_release_key
 .text.tud_hid_set_protocol_cb
                0x08000708        0x2 ./Core/Src/hid.o
                0x08000708                tud_hid_set_protocol_cb
 .text.tud_hid_report_complete_cb
                0x0800070a        0x2 ./Core/Src/hid.o
                0x0800070a                tud_hid_report_complete_cb
 .text.tud_cdc_line_state_cb
                0x0800070c       0x14 ./Core/Src/hid.o
                0x0800070c                tud_cdc_line_state_cb
 .text.tud_cdc_rx_cb
                0x08000720        0x2 ./Core/Src/hid.o
                0x08000720                tud_cdc_rx_cb
 *fill*         0x08000722        0x2 
 .text.get_bitmask_for_modifier
                0x08000724       0x14 ./Core/Src/keyboard.o
                0x08000724                get_bitmask_for_modifier
 .text.init_key
                0x08000738      0x108 ./Core/Src/keyboard.o
                0x08000738                init_key
 .text.update_key_state
                0x08000840      0x184 ./Core/Src/keyboard.o
                0x08000840                update_key_state
 .text.update_key_actuation
                0x080009c4       0xc4 ./Core/Src/keyboard.o
                0x080009c4                update_key_actuation
 .text.update_key
                0x08000a88       0x16 ./Core/Src/keyboard.o
                0x08000a88                update_key
 *fill*         0x08000a9e        0x2 
 .text.keyboard_init_keys
                0x08000aa0       0x38 ./Core/Src/keyboard.o
                0x08000aa0                keyboard_init_keys
 .text.keyboard_task
                0x08000ad8       0xb8 ./Core/Src/keyboard.o
                0x08000ad8                keyboard_task
 .text.SystemClock_Config
                0x08000b90       0xa0 ./Core/Src/main.o
                0x08000b90                SystemClock_Config
 .text.startup.main
                0x08000c30      0x1c4 ./Core/Src/main.o
                0x08000c30                main
 .text.keyboard_select_amux
                0x08000df4       0x30 ./Core/Src/main.o
                0x08000df4                keyboard_select_amux
 .text.keyboard_select_adc
                0x08000e24       0x2c ./Core/Src/main.o
                0x08000e24                keyboard_select_adc
 .text.keyboard_read_adc
                0x08000e50       0x10 ./Core/Src/main.o
                0x08000e50                keyboard_read_adc
 .text.keyboard_close_adc
                0x08000e60        0xc ./Core/Src/main.o
                0x08000e60                keyboard_close_adc
 .text.keyboard_get_time
                0x08000e6c        0x4 ./Core/Src/main.o
                0x08000e6c                keyboard_get_time
 .text.HAL_MspInit
                0x08000e70       0x38 ./Core/Src/stm32f4xx_hal_msp.o
                0x08000e70                HAL_MspInit
 .text.HAL_ADC_MspInit
                0x08000ea8       0x64 ./Core/Src/stm32f4xx_hal_msp.o
                0x08000ea8                HAL_ADC_MspInit
 .text.HAL_I2C_MspInit
                0x08000f0c       0x70 ./Core/Src/stm32f4xx_hal_msp.o
                0x08000f0c                HAL_I2C_MspInit
 .text.HAL_PCD_MspInit
                0x08000f7c       0x84 ./Core/Src/stm32f4xx_hal_msp.o
                0x08000f7c                HAL_PCD_MspInit
 .text.board_millis
                0x08001000        0xc ./Core/Src/stm32f4xx_it.o
                0x08001000                board_millis
 .text.NMI_Handler
                0x0800100c        0x2 ./Core/Src/stm32f4xx_it.o
                0x0800100c                NMI_Handler
 .text.HardFault_Handler
                0x0800100e        0x4 ./Core/Src/stm32f4xx_it.o
                0x0800100e                HardFault_Handler
 .text.MemManage_Handler
                0x08001012        0x2 ./Core/Src/stm32f4xx_it.o
                0x08001012                MemManage_Handler
 .text.BusFault_Handler
                0x08001014        0x2 ./Core/Src/stm32f4xx_it.o
                0x08001014                BusFault_Handler
 .text.UsageFault_Handler
                0x08001016        0x2 ./Core/Src/stm32f4xx_it.o
                0x08001016                UsageFault_Handler
 .text.SVC_Handler
                0x08001018        0x2 ./Core/Src/stm32f4xx_it.o
                0x08001018                SVC_Handler
 .text.DebugMon_Handler
                0x0800101a        0x2 ./Core/Src/stm32f4xx_it.o
                0x0800101a                DebugMon_Handler
 .text.PendSV_Handler
                0x0800101c        0x2 ./Core/Src/stm32f4xx_it.o
                0x0800101c                PendSV_Handler
 *fill*         0x0800101e        0x2 
 .text.SysTick_Handler
                0x08001020       0x14 ./Core/Src/stm32f4xx_it.o
                0x08001020                SysTick_Handler
 .text.OTG_FS_IRQHandler
                0x08001034        0x6 ./Core/Src/stm32f4xx_it.o
                0x08001034                OTG_FS_IRQHandler
 *fill*         0x0800103a        0x2 
 .text._sbrk    0x0800103c       0x40 ./Core/Src/sysmem.o
                0x0800103c                _sbrk
 .text.SystemInit
                0x0800107c       0x14 ./Core/Src/system_stm32f4xx.o
                0x0800107c                SystemInit
 .text.tud_descriptor_device_cb
                0x08001090        0x8 ./Core/Src/usb_descriptors.o
                0x08001090                tud_descriptor_device_cb
 .text.tud_hid_descriptor_report_cb
                0x08001098        0x8 ./Core/Src/usb_descriptors.o
                0x08001098                tud_hid_descriptor_report_cb
 .text.tud_descriptor_configuration_cb
                0x080010a0        0x8 ./Core/Src/usb_descriptors.o
                0x080010a0                tud_descriptor_configuration_cb
 .text.tud_descriptor_string_cb
                0x080010a8       0x58 ./Core/Src/usb_descriptors.o
                0x080010a8                tud_descriptor_string_cb
 .text.tud_cdc_line_coding_cb
                0x08001100        0x2 ./Core/Src/usb_descriptors.o
                0x08001100                tud_cdc_line_coding_cb
 .text.tud_hid_get_report_cb
                0x08001102        0x4 ./Core/Src/usb_descriptors.o
                0x08001102                tud_hid_get_report_cb
 .text.tud_hid_set_report_cb
                0x08001106        0x2 ./Core/Src/usb_descriptors.o
                0x08001106                tud_hid_set_report_cb
 .text.Reset_Handler
                0x08001108       0x50 ./Core/Startup/startup_stm32f411ceux.o
                0x08001108                Reset_Handler
 .text.Default_Handler
                0x08001158        0x2 ./Core/Startup/startup_stm32f411ceux.o
                0x08001158                RTC_Alarm_IRQHandler
                0x08001158                EXTI2_IRQHandler
                0x08001158                SPI4_IRQHandler
                0x08001158                TIM1_CC_IRQHandler
                0x08001158                DMA2_Stream5_IRQHandler
                0x08001158                DMA1_Stream5_IRQHandler
                0x08001158                PVD_IRQHandler
                0x08001158                SDIO_IRQHandler
                0x08001158                TAMP_STAMP_IRQHandler
                0x08001158                EXTI3_IRQHandler
                0x08001158                TIM1_UP_TIM10_IRQHandler
                0x08001158                I2C3_ER_IRQHandler
                0x08001158                EXTI0_IRQHandler
                0x08001158                I2C2_EV_IRQHandler
                0x08001158                DMA1_Stream2_IRQHandler
                0x08001158                FPU_IRQHandler
                0x08001158                DMA2_Stream2_IRQHandler
                0x08001158                SPI1_IRQHandler
                0x08001158                TIM1_BRK_TIM9_IRQHandler
                0x08001158                DMA2_Stream3_IRQHandler
                0x08001158                USART6_IRQHandler
                0x08001158                DMA2_Stream0_IRQHandler
                0x08001158                TIM4_IRQHandler
                0x08001158                I2C1_EV_IRQHandler
                0x08001158                DMA1_Stream6_IRQHandler
                0x08001158                DMA1_Stream1_IRQHandler
                0x08001158                TIM3_IRQHandler
                0x08001158                RCC_IRQHandler
                0x08001158                Default_Handler
                0x08001158                EXTI15_10_IRQHandler
                0x08001158                ADC_IRQHandler
                0x08001158                DMA1_Stream7_IRQHandler
                0x08001158                SPI5_IRQHandler
                0x08001158                TIM5_IRQHandler
                0x08001158                DMA2_Stream7_IRQHandler
                0x08001158                I2C3_EV_IRQHandler
                0x08001158                EXTI9_5_IRQHandler
                0x08001158                RTC_WKUP_IRQHandler
                0x08001158                SPI2_IRQHandler
                0x08001158                DMA1_Stream0_IRQHandler
                0x08001158                EXTI4_IRQHandler
                0x08001158                WWDG_IRQHandler
                0x08001158                TIM2_IRQHandler
                0x08001158                OTG_FS_WKUP_IRQHandler
                0x08001158                TIM1_TRG_COM_TIM11_IRQHandler
                0x08001158                EXTI1_IRQHandler
                0x08001158                USART2_IRQHandler
                0x08001158                I2C2_ER_IRQHandler
                0x08001158                DMA2_Stream1_IRQHandler
                0x08001158                FLASH_IRQHandler
                0x08001158                DMA2_Stream4_IRQHandler
                0x08001158                USART1_IRQHandler
                0x08001158                SPI3_IRQHandler
                0x08001158                DMA1_Stream4_IRQHandler
                0x08001158                I2C1_ER_IRQHandler
                0x08001158                DMA2_Stream6_IRQHandler
                0x08001158                DMA1_Stream3_IRQHandler
 *fill*         0x0800115a        0x2 
 .text.HAL_InitTick
                0x0800115c       0x48 ./Drivers/STM32F4xx_HAL_Driver/Src/stm32f4xx_hal.o
                0x0800115c                HAL_InitTick
 .text.HAL_Init
                0x080011a4       0x34 ./Drivers/STM32F4xx_HAL_Driver/Src/stm32f4xx_hal.o
                0x080011a4                HAL_Init
 .text.HAL_IncTick
                0x080011d8       0x18 ./Drivers/STM32F4xx_HAL_Driver/Src/stm32f4xx_hal.o
                0x080011d8                HAL_IncTick
 .text.HAL_GetTick
                0x080011f0        0xc ./Drivers/STM32F4xx_HAL_Driver/Src/stm32f4xx_hal.o
                0x080011f0                HAL_GetTick
 .text.HAL_Delay
                0x080011fc       0x28 ./Drivers/STM32F4xx_HAL_Driver/Src/stm32f4xx_hal.o
                0x080011fc                HAL_Delay
 .text.HAL_ADC_Init
                0x08001224      0x14c ./Drivers/STM32F4xx_HAL_Driver/Src/stm32f4xx_hal_adc.o
                0x08001224                HAL_ADC_Init
 .text.HAL_ADC_Start
                0x08001370       0xd0 ./Drivers/STM32F4xx_HAL_Driver/Src/stm32f4xx_hal_adc.o
                0x08001370                HAL_ADC_Start
 .text.HAL_ADC_Stop
                0x08001440       0x36 ./Drivers/STM32F4xx_HAL_Driver/Src/stm32f4xx_hal_adc.o
                0x08001440                HAL_ADC_Stop
 .text.HAL_ADC_PollForConversion
                0x08001476       0xa6 ./Drivers/STM32F4xx_HAL_Driver/Src/stm32f4xx_hal_adc.o
                0x08001476                HAL_ADC_PollForConversion
 .text.HAL_ADC_GetValue
                0x0800151c        0x6 ./Drivers/STM32F4xx_HAL_Driver/Src/stm32f4xx_hal_adc.o
                0x0800151c                HAL_ADC_GetValue
 *fill*         0x08001522        0x2 
 .text.HAL_ADC_ConfigChannel
                0x08001524      0x138 ./Drivers/STM32F4xx_HAL_Driver/Src/stm32f4xx_hal_adc.o
                0x08001524                HAL_ADC_ConfigChannel
 .text.HAL_NVIC_SetPriorityGrouping
                0x0800165c       0x24 ./Drivers/STM32F4xx_HAL_Driver/Src/stm32f4xx_hal_cortex.o
                0x0800165c                HAL_NVIC_SetPriorityGrouping
 .text.HAL_NVIC_SetPriority
                0x08001680       0x64 ./Drivers/STM32F4xx_HAL_Driver/Src/stm32f4xx_hal_cortex.o
                0x08001680                HAL_NVIC_SetPriority
 .text.HAL_NVIC_EnableIRQ
                0x080016e4       0x1c ./Drivers/STM32F4xx_HAL_Driver/Src/stm32f4xx_hal_cortex.o
                0x080016e4                HAL_NVIC_EnableIRQ
 .text.HAL_SYSTICK_Config
                0x08001700       0x28 ./Drivers/STM32F4xx_HAL_Driver/Src/stm32f4xx_hal_cortex.o
                0x08001700                HAL_SYSTICK_Config
 .text.HAL_GPIO_Init
                0x08001728      0x18c ./Drivers/STM32F4xx_HAL_Driver/Src/stm32f4xx_hal_gpio.o
                0x08001728                HAL_GPIO_Init
 .text.HAL_GPIO_WritePin
                0x080018b4        0xa ./Drivers/STM32F4xx_HAL_Driver/Src/stm32f4xx_hal_gpio.o
                0x080018b4                HAL_GPIO_WritePin
 *fill*         0x080018be        0x2 
 .text.HAL_I2C_Init
                0x080018c0      0x150 ./Drivers/STM32F4xx_HAL_Driver/Src/stm32f4xx_hal_i2c.o
                0x080018c0                HAL_I2C_Init
 .text.HAL_PCD_Init
                0x08001a10       0xde ./Drivers/STM32F4xx_HAL_Driver/Src/stm32f4xx_hal_pcd.o
                0x08001a10                HAL_PCD_Init
 *fill*         0x08001aee        0x2 
 .text.HAL_RCC_OscConfig
                0x08001af0      0x35c ./Drivers/STM32F4xx_HAL_Driver/Src/stm32f4xx_hal_rcc.o
                0x08001af0                HAL_RCC_OscConfig
 .text.HAL_RCC_GetSysClockFreq
                0x08001e4c       0x5c ./Drivers/STM32F4xx_HAL_Driver/Src/stm32f4xx_hal_rcc.o
                0x08001e4c                HAL_RCC_GetSysClockFreq
 .text.HAL_RCC_ClockConfig
                0x08001ea8      0x134 ./Drivers/STM32F4xx_HAL_Driver/Src/stm32f4xx_hal_rcc.o
                0x08001ea8                HAL_RCC_ClockConfig
 .text.HAL_RCC_GetPCLK1Freq
                0x08001fdc       0x20 ./Drivers/STM32F4xx_HAL_Driver/Src/stm32f4xx_hal_rcc.o
                0x08001fdc                HAL_RCC_GetPCLK1Freq
 .text.USB_CoreReset
                0x08001ffc       0x46 ./Drivers/STM32F4xx_HAL_Driver/Src/stm32f4xx_ll_usb.o
 .text.USB_CoreInit
                0x08002042       0x88 ./Drivers/STM32F4xx_HAL_Driver/Src/stm32f4xx_ll_usb.o
                0x08002042                USB_CoreInit
 .text.USB_DisableGlobalInt
                0x080020ca        0xc ./Drivers/STM32F4xx_HAL_Driver/Src/stm32f4xx_ll_usb.o
                0x080020ca                USB_DisableGlobalInt
 .text.USB_SetCurrentMode
                0x080020d6       0x60 ./Drivers/STM32F4xx_HAL_Driver/Src/stm32f4xx_ll_usb.o
                0x080020d6                USB_SetCurrentMode
 .text.USB_FlushTxFifo
                0x08002136       0x46 ./Drivers/STM32F4xx_HAL_Driver/Src/stm32f4xx_ll_usb.o
                0x08002136                USB_FlushTxFifo
 .text.USB_FlushRxFifo
                0x0800217c       0x42 ./Drivers/STM32F4xx_HAL_Driver/Src/stm32f4xx_ll_usb.o
                0x0800217c                USB_FlushRxFifo
 .text.USB_SetDevSpeed
                0x080021be        0xe ./Drivers/STM32F4xx_HAL_Driver/Src/stm32f4xx_ll_usb.o
                0x080021be                USB_SetDevSpeed
 .text.USB_DevInit
                0x080021cc      0x174 ./Drivers/STM32F4xx_HAL_Driver/Src/stm32f4xx_ll_usb.o
                0x080021cc                USB_DevInit
 .text.USB_DevDisconnect
                0x08002340       0x1c ./Drivers/STM32F4xx_HAL_Driver/Src/stm32f4xx_ll_usb.o
                0x08002340                USB_DevDisconnect
 .text._prep_out_transaction.isra.0
                0x0800235c       0x6c ./tinyusb/src/class/cdc/cdc_device.o
 .text.tud_cdc_n_connected
                0x080023c8       0x2c ./tinyusb/src/class/cdc/cdc_device.o
                0x080023c8                tud_cdc_n_connected
 .text.tud_cdc_n_write_flush
                0x080023f4       0x84 ./tinyusb/src/class/cdc/cdc_device.o
                0x080023f4                tud_cdc_n_write_flush
 .text.tud_cdc_n_write
                0x08002478       0x3c ./tinyusb/src/class/cdc/cdc_device.o
                0x08002478                tud_cdc_n_write
 .text.cdcd_init
                0x080024b4       0x58 ./tinyusb/src/class/cdc/cdc_device.o
                0x080024b4                cdcd_init
 .text.cdcd_deinit
                0x0800250c        0x4 ./tinyusb/src/class/cdc/cdc_device.o
                0x0800250c                cdcd_deinit
 .text.cdcd_reset
                0x08002510       0x40 ./tinyusb/src/class/cdc/cdc_device.o
                0x08002510                cdcd_reset
 .text.cdcd_open
                0x08002550       0xa4 ./tinyusb/src/class/cdc/cdc_device.o
                0x08002550                cdcd_open
 .text.cdcd_control_xfer_cb
                0x080025f4       0xcc ./tinyusb/src/class/cdc/cdc_device.o
                0x080025f4                cdcd_control_xfer_cb
 .text.cdcd_xfer_cb
                0x080026c0       0xf4 ./tinyusb/src/class/cdc/cdc_device.o
                0x080026c0                cdcd_xfer_cb
 .text.tud_hid_set_idle_cb
                0x080027b4        0x4 ./tinyusb/src/class/hid/hid_device.o
                0x080027b4                tud_hid_set_idle_cb
 .text.tud_hid_report_failed_cb
                0x080027b8        0x2 ./tinyusb/src/class/hid/hid_device.o
                0x080027b8                tud_hid_report_failed_cb
 *fill*         0x080027ba        0x2 
 .text.tud_hid_n_ready
                0x080027bc       0x38 ./tinyusb/src/class/hid/hid_device.o
                0x080027bc                tud_hid_n_ready
 .text.tud_hid_n_report
                0x080027f4       0x60 ./tinyusb/src/class/hid/hid_device.o
                0x080027f4                tud_hid_n_report
 .text.tud_hid_n_keyboard_report
                0x08002854       0x32 ./tinyusb/src/class/hid/hid_device.o
                0x08002854                tud_hid_n_keyboard_report
 .text.hidd_deinit
                0x08002886        0x4 ./tinyusb/src/class/hid/hid_device.o
                0x08002886                hidd_deinit
 *fill*         0x0800288a        0x2 
 .text.hidd_reset
                0x0800288c       0x10 ./tinyusb/src/class/hid/hid_device.o
                0x0800288c                hidd_reset
 .text.hidd_init
                0x0800289c        0x6 ./tinyusb/src/class/hid/hid_device.o
                0x0800289c                hidd_init
 *fill*         0x080028a2        0x2 
 .text.hidd_open
                0x080028a4       0xb0 ./tinyusb/src/class/hid/hid_device.o
                0x080028a4                hidd_open
 .text.hidd_control_xfer_cb
                0x08002954      0x16c ./tinyusb/src/class/hid/hid_device.o
                0x08002954                hidd_control_xfer_cb
 .text.hidd_xfer_cb
                0x08002ac0       0x84 ./tinyusb/src/class/hid/hid_device.o
                0x08002ac0                hidd_xfer_cb
 .text.advance_index
                0x08002b44       0x18 ./tinyusb/src/common/tusb_fifo.o
 .text._tu_fifo_peek
                0x08002b5c       0x4a ./tinyusb/src/common/tusb_fifo.o
 .text._ff_pull_const_addr
                0x08002ba6       0x2e ./tinyusb/src/common/tusb_fifo.o
 .text._tu_fifo_peek_n
                0x08002bd4      0x118 ./tinyusb/src/common/tusb_fifo.o
 .text._ff_push_const_addr
                0x08002cec       0x28 ./tinyusb/src/common/tusb_fifo.o
 .text._tu_fifo_write_n.part.0
                0x08002d14      0x17c ./tinyusb/src/common/tusb_fifo.o
 .text.tu_fifo_config
                0x08002e90       0x26 ./tinyusb/src/common/tusb_fifo.o
                0x08002e90                tu_fifo_config
 .text.tu_fifo_count
                0x08002eb6       0x22 ./tinyusb/src/common/tusb_fifo.o
                0x08002eb6                tu_fifo_count
 .text.tu_fifo_empty
                0x08002ed8       0x10 ./tinyusb/src/common/tusb_fifo.o
                0x08002ed8                tu_fifo_empty
 .text.tu_fifo_full
                0x08002ee8       0x22 ./tinyusb/src/common/tusb_fifo.o
                0x08002ee8                tu_fifo_full
 .text.tu_fifo_remaining
                0x08002f0a       0x24 ./tinyusb/src/common/tusb_fifo.o
                0x08002f0a                tu_fifo_remaining
 .text.tu_fifo_read
                0x08002f2e       0x24 ./tinyusb/src/common/tusb_fifo.o
                0x08002f2e                tu_fifo_read
 .text.tu_fifo_read_n
                0x08002f52       0x2c ./tinyusb/src/common/tusb_fifo.o
                0x08002f52                tu_fifo_read_n
 .text.tu_fifo_read_n_const_addr_full_words
                0x08002f7e       0x2c ./tinyusb/src/common/tusb_fifo.o
                0x08002f7e                tu_fifo_read_n_const_addr_full_words
 .text.tu_fifo_write
                0x08002faa       0x46 ./tinyusb/src/common/tusb_fifo.o
                0x08002faa                tu_fifo_write
 .text.tu_fifo_write_n
                0x08002ff0        0xc ./tinyusb/src/common/tusb_fifo.o
                0x08002ff0                tu_fifo_write_n
 .text.tu_fifo_write_n_const_addr_full_words
                0x08002ffc        0xc ./tinyusb/src/common/tusb_fifo.o
                0x08002ffc                tu_fifo_write_n_const_addr_full_words
 .text.tu_fifo_clear
                0x08003008        0xa ./tinyusb/src/common/tusb_fifo.o
                0x08003008                tu_fifo_clear
 .text.tu_fifo_set_overwritable
                0x08003012       0x12 ./tinyusb/src/common/tusb_fifo.o
                0x08003012                tu_fifo_set_overwritable
 .text.tud_vendor_control_xfer_cb
                0x08003024        0x4 ./tinyusb/src/device/usbd.o
                0x08003024                tud_vendor_control_xfer_cb
 .text.configuration_reset
                0x08003028       0x80 ./tinyusb/src/device/usbd.o
 .text.invoke_class_control
                0x080030a8       0x1c ./tinyusb/src/device/usbd.o
 .text.usbd_int_set
                0x080030c4       0x14 ./tinyusb/src/device/usbd.o
                0x080030c4                usbd_int_set
 .text.tud_event_hook_cb
                0x080030d8        0x2 ./tinyusb/src/device/usbd.o
                0x080030d8                tud_event_hook_cb
 .text.tud_sof_cb
                0x080030da        0x2 ./tinyusb/src/device/usbd.o
                0x080030da                tud_sof_cb
 .text.tud_descriptor_bos_cb
                0x080030dc        0x4 ./tinyusb/src/device/usbd.o
                0x080030dc                tud_descriptor_bos_cb
 .text.tud_descriptor_device_qualifier_cb
                0x080030e0        0x4 ./tinyusb/src/device/usbd.o
                0x080030e0                tud_descriptor_device_qualifier_cb
 .text.tud_descriptor_other_speed_configuration_cb
                0x080030e4        0x4 ./tinyusb/src/device/usbd.o
                0x080030e4                tud_descriptor_other_speed_configuration_cb
 .text.tud_mount_cb
                0x080030e8        0x2 ./tinyusb/src/device/usbd.o
                0x080030e8                tud_mount_cb
 .text.tud_umount_cb
                0x080030ea        0x2 ./tinyusb/src/device/usbd.o
                0x080030ea                tud_umount_cb
 .text.tud_suspend_cb
                0x080030ec        0x2 ./tinyusb/src/device/usbd.o
                0x080030ec                tud_suspend_cb
 .text.tud_resume_cb
                0x080030ee        0x2 ./tinyusb/src/device/usbd.o
                0x080030ee                tud_resume_cb
 .text.tud_mounted
                0x080030f0       0x10 ./tinyusb/src/device/usbd.o
                0x080030f0                tud_mounted
 .text.tud_suspended
                0x08003100       0x10 ./tinyusb/src/device/usbd.o
                0x08003100                tud_suspended
 .text.tud_remote_wakeup
                0x08003110       0x30 ./tinyusb/src/device/usbd.o
                0x08003110                tud_remote_wakeup
 .text.tud_rhport_init
                0x08003140       0xd4 ./tinyusb/src/device/usbd.o
                0x08003140                tud_rhport_init
 .text.dcd_event_handler
                0x08003214      0x1d0 ./tinyusb/src/device/usbd.o
                0x08003214                dcd_event_handler
 .text.usbd_spin_lock
                0x080033e4        0x8 ./tinyusb/src/device/usbd.o
                0x080033e4                usbd_spin_lock
 .text.usbd_spin_unlock
                0x080033ec        0xa ./tinyusb/src/device/usbd.o
                0x080033ec                usbd_spin_unlock
 *fill*         0x080033f6        0x2 
 .text.usbd_edpt_open
                0x080033f8       0x48 ./tinyusb/src/device/usbd.o
                0x080033f8                usbd_edpt_open
 .text.usbd_open_edpt_pair
                0x08003440       0x5c ./tinyusb/src/device/usbd.o
                0x08003440                usbd_open_edpt_pair
 .text.usbd_edpt_claim
                0x0800349c       0x1c ./tinyusb/src/device/usbd.o
                0x0800349c                usbd_edpt_claim
 .text.usbd_edpt_release
                0x080034b8       0x1c ./tinyusb/src/device/usbd.o
                0x080034b8                usbd_edpt_release
 .text.usbd_edpt_xfer
                0x080034d4       0x64 ./tinyusb/src/device/usbd.o
                0x080034d4                usbd_edpt_xfer
 .text.usbd_edpt_busy
                0x08003538       0x1c ./tinyusb/src/device/usbd.o
                0x08003538                usbd_edpt_busy
 .text.usbd_edpt_stall
                0x08003554       0x3c ./tinyusb/src/device/usbd.o
                0x08003554                usbd_edpt_stall
 .text.usbd_edpt_clear_stall
                0x08003590       0x3c ./tinyusb/src/device/usbd.o
                0x08003590                usbd_edpt_clear_stall
 .text.usbd_edpt_stalled
                0x080035cc       0x1c ./tinyusb/src/device/usbd.o
                0x080035cc                usbd_edpt_stalled
 .text.tud_task_ext
                0x080035e8      0x658 ./tinyusb/src/device/usbd.o
                0x080035e8                tud_task_ext
 .text.data_stage_xact
                0x08003c40       0x54 ./tinyusb/src/device/usbd_control.o
 .text.status_stage_xact.isra.0
                0x08003c94        0xe ./tinyusb/src/device/usbd_control.o
 .text.dcd_edpt0_status_complete
                0x08003ca2        0x2 ./tinyusb/src/device/usbd_control.o
                0x08003ca2                dcd_edpt0_status_complete
 .text.tud_control_status
                0x08003ca4       0x24 ./tinyusb/src/device/usbd_control.o
                0x08003ca4                tud_control_status
 .text.tud_control_xfer
                0x08003cc8       0x54 ./tinyusb/src/device/usbd_control.o
                0x08003cc8                tud_control_xfer
 .text.usbd_control_reset
                0x08003d1c       0x10 ./tinyusb/src/device/usbd_control.o
                0x08003d1c                usbd_control_reset
 .text.usbd_control_set_complete_callback
                0x08003d2c        0xc ./tinyusb/src/device/usbd_control.o
                0x08003d2c                usbd_control_set_complete_callback
 .text.usbd_control_set_request
                0x08003d38       0x1c ./tinyusb/src/device/usbd_control.o
                0x08003d38                usbd_control_set_request
 .text.usbd_control_xfer_cb
                0x08003d54       0xac ./tinyusb/src/device/usbd_control.o
                0x08003d54                usbd_control_xfer_cb
 .text.dfifo_alloc
                0x08003e00       0xa4 ./tinyusb/src/portable/synopsys/dwc2/dcd_dwc2.o
 .text.dfifo_device_init
                0x08003ea4       0x34 ./tinyusb/src/portable/synopsys/dwc2/dcd_dwc2.o
 .text.edpt_schedule_packets.isra.0
                0x08003ed8       0xc4 ./tinyusb/src/portable/synopsys/dwc2/dcd_dwc2.o
 .text.handle_ep_irq
                0x08003f9c      0x1e0 ./tinyusb/src/portable/synopsys/dwc2/dcd_dwc2.o
 .text.edpt_disable.isra.0
                0x0800417c      0x104 ./tinyusb/src/portable/synopsys/dwc2/dcd_dwc2.o
 .text.edpt_activate.isra.0
                0x08004280       0x68 ./tinyusb/src/portable/synopsys/dwc2/dcd_dwc2.o
 .text.dcd_int_enable
                0x080042e8       0x2c ./tinyusb/src/portable/synopsys/dwc2/dcd_dwc2.o
                0x080042e8                dcd_int_enable
 .text.dcd_int_disable
                0x08004314       0x34 ./tinyusb/src/portable/synopsys/dwc2/dcd_dwc2.o
                0x08004314                dcd_int_disable
 .text.dcd_remote_wakeup
                0x08004348       0x48 ./tinyusb/src/portable/synopsys/dwc2/dcd_dwc2.o
                0x08004348                dcd_remote_wakeup
 .text.dcd_connect
                0x08004390       0x12 ./tinyusb/src/portable/synopsys/dwc2/dcd_dwc2.o
                0x08004390                dcd_connect
 .text.dcd_disconnect
                0x080043a2       0x12 ./tinyusb/src/portable/synopsys/dwc2/dcd_dwc2.o
                0x080043a2                dcd_disconnect
 .text.dcd_init
                0x080043b4       0xa4 ./tinyusb/src/portable/synopsys/dwc2/dcd_dwc2.o
                0x080043b4                dcd_init
 .text.dcd_sof_enable
                0x08004458       0x24 ./tinyusb/src/portable/synopsys/dwc2/dcd_dwc2.o
                0x08004458                dcd_sof_enable
 .text.dcd_edpt_open
                0x0800447c       0x2e ./tinyusb/src/portable/synopsys/dwc2/dcd_dwc2.o
                0x0800447c                dcd_edpt_open
 *fill*         0x080044aa        0x2 
 .text.dcd_edpt_close_all
                0x080044ac       0xa4 ./tinyusb/src/portable/synopsys/dwc2/dcd_dwc2.o
                0x080044ac                dcd_edpt_close_all
 .text.dcd_edpt_xfer
                0x08004550       0x54 ./tinyusb/src/portable/synopsys/dwc2/dcd_dwc2.o
                0x08004550                dcd_edpt_xfer
 .text.dcd_set_address
                0x080045a4       0x1e ./tinyusb/src/portable/synopsys/dwc2/dcd_dwc2.o
                0x080045a4                dcd_set_address
 .text.dcd_edpt_stall
                0x080045c2       0x18 ./tinyusb/src/portable/synopsys/dwc2/dcd_dwc2.o
                0x080045c2                dcd_edpt_stall
 .text.dcd_edpt_clear_stall
                0x080045da       0x2e ./tinyusb/src/portable/synopsys/dwc2/dcd_dwc2.o
                0x080045da                dcd_edpt_clear_stall
 .text.dcd_int_handler
                0x08004608      0x2cc ./tinyusb/src/portable/synopsys/dwc2/dcd_dwc2.o
                0x08004608                dcd_int_handler
 .text.reset_core.constprop.0
                0x080048d4       0x42 ./tinyusb/src/portable/synopsys/dwc2/dwc2_common.o
 *fill*         0x08004916        0x2 
 .text.dwc2_phy_update.part.0.constprop.0
                0x08004918       0x9c ./tinyusb/src/portable/synopsys/dwc2/dwc2_common.o
 .text.dwc2_core_is_highspeed
                0x080049b4       0x16 ./tinyusb/src/portable/synopsys/dwc2/dwc2_common.o
                0x080049b4                dwc2_core_is_highspeed
 *fill*         0x080049ca        0x2 
 .text.dwc2_core_init
                0x080049cc      0x138 ./tinyusb/src/portable/synopsys/dwc2/dwc2_common.o
                0x080049cc                dwc2_core_init
 .text.dfifo_read_packet
                0x08004b04       0x3a ./tinyusb/src/portable/synopsys/dwc2/dwc2_common.o
                0x08004b04                dfifo_read_packet
 .text.dfifo_write_packet
                0x08004b3e       0x3a ./tinyusb/src/portable/synopsys/dwc2/dwc2_common.o
                0x08004b3e                dfifo_write_packet
 .text.tusb_rhport_init
                0x08004b78       0x64 ./tinyusb/src/tusb.o
                0x08004b78                tusb_rhport_init
 .text.tu_edpt_claim
                0x08004bdc       0x36 ./tinyusb/src/tusb.o
                0x08004bdc                tu_edpt_claim
 .text.tu_edpt_release
                0x08004c12       0x22 ./tinyusb/src/tusb.o
                0x08004c12                tu_edpt_release
 .text.tu_edpt_validate
                0x08004c34       0x88 ./tinyusb/src/tusb.o
                0x08004c34                tu_edpt_validate
 .text.tu_edpt_bind_driver
                0x08004cbc       0x24 ./tinyusb/src/tusb.o
                0x08004cbc                tu_edpt_bind_driver
 .text.snprintf
                0x08004ce0       0x6c C:/ST/STM32CubeIDE_1.18.0/STM32CubeIDE/plugins/com.st.stm32cube.ide.mcu.externaltools.gnu-tools-for-stm32.13.3.rel1.win32_1.0.0.202411081344/tools/bin/../lib/gcc/arm-none-eabi/13.3.1/../../../../arm-none-eabi/lib/thumb/v7e-m+fp/hard\libc_nano.a(libc_a-snprintf.o)
                0x08004ce0                sniprintf
                0x08004ce0                snprintf
 .text.memset   0x08004d4c       0x10 C:/ST/STM32CubeIDE_1.18.0/STM32CubeIDE/plugins/com.st.stm32cube.ide.mcu.externaltools.gnu-tools-for-stm32.13.3.rel1.win32_1.0.0.202411081344/tools/bin/../lib/gcc/arm-none-eabi/13.3.1/../../../../arm-none-eabi/lib/thumb/v7e-m+fp/hard\libc_nano.a(libc_a-memset.o)
                0x08004d4c                memset
 .text.__errno  0x08004d5c        0xc C:/ST/STM32CubeIDE_1.18.0/STM32CubeIDE/plugins/com.st.stm32cube.ide.mcu.externaltools.gnu-tools-for-stm32.13.3.rel1.win32_1.0.0.202411081344/tools/bin/../lib/gcc/arm-none-eabi/13.3.1/../../../../arm-none-eabi/lib/thumb/v7e-m+fp/hard\libc_nano.a(libc_a-errno.o)
                0x08004d5c                __errno
 .text.__libc_init_array
                0x08004d68       0x48 C:/ST/STM32CubeIDE_1.18.0/STM32CubeIDE/plugins/com.st.stm32cube.ide.mcu.externaltools.gnu-tools-for-stm32.13.3.rel1.win32_1.0.0.202411081344/tools/bin/../lib/gcc/arm-none-eabi/13.3.1/../../../../arm-none-eabi/lib/thumb/v7e-m+fp/hard\libc_nano.a(libc_a-init.o)
                0x08004d68                __libc_init_array
 .text.__retarget_lock_acquire_recursive
                0x08004db0        0x2 C:/ST/STM32CubeIDE_1.18.0/STM32CubeIDE/plugins/com.st.stm32cube.ide.mcu.externaltools.gnu-tools-for-stm32.13.3.rel1.win32_1.0.0.202411081344/tools/bin/../lib/gcc/arm-none-eabi/13.3.1/../../../../arm-none-eabi/lib/thumb/v7e-m+fp/hard\libc_nano.a(libc_a-lock.o)
                0x08004db0                __retarget_lock_acquire_recursive
 .text.__retarget_lock_release_recursive
                0x08004db2        0x2 C:/ST/STM32CubeIDE_1.18.0/STM32CubeIDE/plugins/com.st.stm32cube.ide.mcu.externaltools.gnu-tools-for-stm32.13.3.rel1.win32_1.0.0.202411081344/tools/bin/../lib/gcc/arm-none-eabi/13.3.1/../../../../arm-none-eabi/lib/thumb/v7e-m+fp/hard\libc_nano.a(libc_a-lock.o)
                0x08004db2                __retarget_lock_release_recursive
 .text.memcpy   0x08004db4       0x1c C:/ST/STM32CubeIDE_1.18.0/STM32CubeIDE/plugins/com.st.stm32cube.ide.mcu.externaltools.gnu-tools-for-stm32.13.3.rel1.win32_1.0.0.202411081344/tools/bin/../lib/gcc/arm-none-eabi/13.3.1/../../../../arm-none-eabi/lib/thumb/v7e-m+fp/hard\libc_nano.a(libc_a-memcpy-stub.o)
                0x08004db4                memcpy
 .text._free_r  0x08004dd0       0x94 C:/ST/STM32CubeIDE_1.18.0/STM32CubeIDE/plugins/com.st.stm32cube.ide.mcu.externaltools.gnu-tools-for-stm32.13.3.rel1.win32_1.0.0.202411081344/tools/bin/../lib/gcc/arm-none-eabi/13.3.1/../../../../arm-none-eabi/lib/thumb/v7e-m+fp/hard\libc_nano.a(libc_a-freer.o)
                0x08004dd0                _free_r
 .text.sbrk_aligned
                0x08004e64       0x44 C:/ST/STM32CubeIDE_1.18.0/STM32CubeIDE/plugins/com.st.stm32cube.ide.mcu.externaltools.gnu-tools-for-stm32.13.3.rel1.win32_1.0.0.202411081344/tools/bin/../lib/gcc/arm-none-eabi/13.3.1/../../../../arm-none-eabi/lib/thumb/v7e-m+fp/hard\libc_nano.a(libc_a-mallocr.o)
 .text._malloc_r
                0x08004ea8      0x100 C:/ST/STM32CubeIDE_1.18.0/STM32CubeIDE/plugins/com.st.stm32cube.ide.mcu.externaltools.gnu-tools-for-stm32.13.3.rel1.win32_1.0.0.202411081344/tools/bin/../lib/gcc/arm-none-eabi/13.3.1/../../../../arm-none-eabi/lib/thumb/v7e-m+fp/hard\libc_nano.a(libc_a-mallocr.o)
                0x08004ea8                _malloc_r
 .text.__malloc_lock
                0x08004fa8        0xc C:/ST/STM32CubeIDE_1.18.0/STM32CubeIDE/plugins/com.st.stm32cube.ide.mcu.externaltools.gnu-tools-for-stm32.13.3.rel1.win32_1.0.0.202411081344/tools/bin/../lib/gcc/arm-none-eabi/13.3.1/../../../../arm-none-eabi/lib/thumb/v7e-m+fp/hard\libc_nano.a(libc_a-mlock.o)
                0x08004fa8                __malloc_lock
 .text.__malloc_unlock
                0x08004fb4        0xc C:/ST/STM32CubeIDE_1.18.0/STM32CubeIDE/plugins/com.st.stm32cube.ide.mcu.externaltools.gnu-tools-for-stm32.13.3.rel1.win32_1.0.0.202411081344/tools/bin/../lib/gcc/arm-none-eabi/13.3.1/../../../../arm-none-eabi/lib/thumb/v7e-m+fp/hard\libc_nano.a(libc_a-mlock.o)
                0x08004fb4                __malloc_unlock
 .text.__ssputs_r
                0x08004fc0       0xb6 C:/ST/STM32CubeIDE_1.18.0/STM32CubeIDE/plugins/com.st.stm32cube.ide.mcu.externaltools.gnu-tools-for-stm32.13.3.rel1.win32_1.0.0.202411081344/tools/bin/../lib/gcc/arm-none-eabi/13.3.1/../../../../arm-none-eabi/lib/thumb/v7e-m+fp/hard\libc_nano.a(libc_a-nano-svfprintf.o)
                0x08004fc0                __ssputs_r
 *fill*         0x08005076        0x2 
 .text._svfprintf_r
                0x08005078      0x1f8 C:/ST/STM32CubeIDE_1.18.0/STM32CubeIDE/plugins/com.st.stm32cube.ide.mcu.externaltools.gnu-tools-for-stm32.13.3.rel1.win32_1.0.0.202411081344/tools/bin/../lib/gcc/arm-none-eabi/13.3.1/../../../../arm-none-eabi/lib/thumb/v7e-m+fp/hard\libc_nano.a(libc_a-nano-svfprintf.o)
                0x08005078                _svfiprintf_r
                0x08005078                _svfprintf_r
 .text._printf_common
                0x08005270       0xda C:/ST/STM32CubeIDE_1.18.0/STM32CubeIDE/plugins/com.st.stm32cube.ide.mcu.externaltools.gnu-tools-for-stm32.13.3.rel1.win32_1.0.0.202411081344/tools/bin/../lib/gcc/arm-none-eabi/13.3.1/../../../../arm-none-eabi/lib/thumb/v7e-m+fp/hard\libc_nano.a(libc_a-nano-vfprintf_i.o)
                0x08005270                _printf_common
 *fill*         0x0800534a        0x2 
 .text._printf_i
                0x0800534c      0x23c C:/ST/STM32CubeIDE_1.18.0/STM32CubeIDE/plugins/com.st.stm32cube.ide.mcu.externaltools.gnu-tools-for-stm32.13.3.rel1.win32_1.0.0.202411081344/tools/bin/../lib/gcc/arm-none-eabi/13.3.1/../../../../arm-none-eabi/lib/thumb/v7e-m+fp/hard\libc_nano.a(libc_a-nano-vfprintf_i.o)
                0x0800534c                _printf_i
 .text.memmove  0x08005588       0x34 C:/ST/STM32CubeIDE_1.18.0/STM32CubeIDE/plugins/com.st.stm32cube.ide.mcu.externaltools.gnu-tools-for-stm32.13.3.rel1.win32_1.0.0.202411081344/tools/bin/../lib/gcc/arm-none-eabi/13.3.1/../../../../arm-none-eabi/lib/thumb/v7e-m+fp/hard\libc_nano.a(libc_a-memmove.o)
                0x08005588                memmove
 .text._sbrk_r  0x080055bc       0x20 C:/ST/STM32CubeIDE_1.18.0/STM32CubeIDE/plugins/com.st.stm32cube.ide.mcu.externaltools.gnu-tools-for-stm32.13.3.rel1.win32_1.0.0.202411081344/tools/bin/../lib/gcc/arm-none-eabi/13.3.1/../../../../arm-none-eabi/lib/thumb/v7e-m+fp/hard\libc_nano.a(libc_a-sbrkr.o)
                0x080055bc                _sbrk_r
 .text._realloc_r
                0x080055dc       0x5c C:/ST/STM32CubeIDE_1.18.0/STM32CubeIDE/plugins/com.st.stm32cube.ide.mcu.externaltools.gnu-tools-for-stm32.13.3.rel1.win32_1.0.0.202411081344/tools/bin/../lib/gcc/arm-none-eabi/13.3.1/../../../../arm-none-eabi/lib/thumb/v7e-m+fp/hard\libc_nano.a(libc_a-reallocr.o)
                0x080055dc                _realloc_r
 .text._malloc_usable_size_r
                0x08005638       0x10 C:/ST/STM32CubeIDE_1.18.0/STM32CubeIDE/plugins/com.st.stm32cube.ide.mcu.externaltools.gnu-tools-for-stm32.13.3.rel1.win32_1.0.0.202411081344/tools/bin/../lib/gcc/arm-none-eabi/13.3.1/../../../../arm-none-eabi/lib/thumb/v7e-m+fp/hard\libc_nano.a(libc_a-msizer.o)
                0x08005638                _malloc_usable_size_r
 *(.glue_7)
 .glue_7        0x08005648        0x0 linker stubs
 *(.glue_7t)
 .glue_7t       0x08005648        0x0 linker stubs
 *(.eh_frame)
 .eh_frame      0x08005648        0x0 C:/ST/STM32CubeIDE_1.18.0/STM32CubeIDE/plugins/com.st.stm32cube.ide.mcu.externaltools.gnu-tools-for-stm32.13.3.rel1.win32_1.0.0.202411081344/tools/bin/../lib/gcc/arm-none-eabi/13.3.1/thumb/v7e-m+fp/hard/crtbegin.o
 *(.init)
 .init          0x08005648        0x4 C:/ST/STM32CubeIDE_1.18.0/STM32CubeIDE/plugins/com.st.stm32cube.ide.mcu.externaltools.gnu-tools-for-stm32.13.3.rel1.win32_1.0.0.202411081344/tools/bin/../lib/gcc/arm-none-eabi/13.3.1/thumb/v7e-m+fp/hard/crti.o
                0x08005648                _init
 .init          0x0800564c        0x8 C:/ST/STM32CubeIDE_1.18.0/STM32CubeIDE/plugins/com.st.stm32cube.ide.mcu.externaltools.gnu-tools-for-stm32.13.3.rel1.win32_1.0.0.202411081344/tools/bin/../lib/gcc/arm-none-eabi/13.3.1/thumb/v7e-m+fp/hard/crtn.o
 *(.fini)
 .fini          0x08005654        0x4 C:/ST/STM32CubeIDE_1.18.0/STM32CubeIDE/plugins/com.st.stm32cube.ide.mcu.externaltools.gnu-tools-for-stm32.13.3.rel1.win32_1.0.0.202411081344/tools/bin/../lib/gcc/arm-none-eabi/13.3.1/thumb/v7e-m+fp/hard/crti.o
                0x08005654                _fini
 .fini          0x08005658        0x8 C:/ST/STM32CubeIDE_1.18.0/STM32CubeIDE/plugins/com.st.stm32cube.ide.mcu.externaltools.gnu-tools-for-stm32.13.3.rel1.win32_1.0.0.202411081344/tools/bin/../lib/gcc/arm-none-eabi/13.3.1/thumb/v7e-m+fp/hard/crtn.o
                0x08005660                        . = ALIGN (0x4)
                0x08005660                        _etext = .

.vfp11_veneer   0x08005660        0x0
 .vfp11_veneer  0x08005660        0x0 linker stubs

.v4_bx          0x08005660        0x0
 .v4_bx         0x08005660        0x0 linker stubs

.iplt           0x08005660        0x0
 .iplt          0x08005660        0x0 C:/ST/STM32CubeIDE_1.18.0/STM32CubeIDE/plugins/com.st.stm32cube.ide.mcu.externaltools.gnu-tools-for-stm32.13.3.rel1.win32_1.0.0.202411081344/tools/bin/../lib/gcc/arm-none-eabi/13.3.1/thumb/v7e-m+fp/hard/crtbegin.o

.rodata         0x08005660      0x204
                0x08005660                        . = ALIGN (0x4)
 *(.rodata)
 .rodata        0x08005660        0x2 ./Core/Src/hid.o
 *(.rodata*)
 .rodata.channels_by_row_col
                0x08005662       0x20 ./Core/Src/config.o
                0x08005662                channels_by_row_col
 .rodata.tud_cdc_line_state_cb.str1.1
                0x08005682       0x8e ./Core/Src/hid.o
                                 0x22 (size before relaxing)
 .rodata.CSWTCH.10
                0x08005710        0x8 ./Core/Src/keyboard.o
 .rodata.main.str1.1
                0x08005718        0xc ./Core/Src/main.o
 .rodata.amux_select_pins
                0x08005718       0x10 ./Core/Src/main.o
                0x08005718                amux_select_pins
 .rodata.APBPrescTable
                0x08005728        0x8 ./Core/Src/system_stm32f4xx.o
                0x08005728                APBPrescTable
 .rodata.AHBPrescTable
                0x08005730       0x10 ./Core/Src/system_stm32f4xx.o
                0x08005730                AHBPrescTable
 .rodata.str1.1
                0x08005740       0x2d ./Core/Src/usb_descriptors.o
 .rodata.__compound_literal.0
                0x08005740        0x2 ./Core/Src/usb_descriptors.o
 .rodata.desc_configuration
                0x08005742       0x64 ./Core/Src/usb_descriptors.o
                0x08005742                desc_configuration
 .rodata.desc_hid_report
                0x080057a6       0x5c ./Core/Src/usb_descriptors.o
                0x080057a6                desc_hid_report
 .rodata.desc_device
                0x08005802       0x12 ./Core/Src/usb_descriptors.o
                0x08005802                desc_device
 .rodata._usbd_driver
                0x08005814       0x40 ./tinyusb/src/device/usbd.o
 .rodata._dwc2_controller
                0x08005854       0x10 ./tinyusb/src/portable/synopsys/dwc2/dcd_dwc2.o
 .rodata._svfprintf_r.str1.1
                0x08005864       0x11 C:/ST/STM32CubeIDE_1.18.0/STM32CubeIDE/plugins/com.st.stm32cube.ide.mcu.externaltools.gnu-tools-for-stm32.13.3.rel1.win32_1.0.0.202411081344/tools/bin/../lib/gcc/arm-none-eabi/13.3.1/../../../../arm-none-eabi/lib/thumb/v7e-m+fp/hard\libc_nano.a(libc_a-nano-svfprintf.o)
 .rodata._printf_i.str1.1
                0x08005864       0x22 C:/ST/STM32CubeIDE_1.18.0/STM32CubeIDE/plugins/com.st.stm32cube.ide.mcu.externaltools.gnu-tools-for-stm32.13.3.rel1.win32_1.0.0.202411081344/tools/bin/../lib/gcc/arm-none-eabi/13.3.1/../../../../arm-none-eabi/lib/thumb/v7e-m+fp/hard\libc_nano.a(libc_a-nano-vfprintf_i.o)
                0x08005888                        . = ALIGN (0x4)

.ARM.extab      0x08005864        0x0
                0x08005864                        . = ALIGN (0x4)
 *(.ARM.extab* .gnu.linkonce.armextab.*)
                0x08005864                        . = ALIGN (0x4)

.ARM            0x08005864        0x8
                0x08005864                        . = ALIGN (0x4)
                0x08005864                        __exidx_start = .
 *(.ARM.exidx*)
 .ARM.exidx     0x08005864        0x8 C:/ST/STM32CubeIDE_1.18.0/STM32CubeIDE/plugins/com.st.stm32cube.ide.mcu.externaltools.gnu-tools-for-stm32.13.3.rel1.win32_1.0.0.202411081344/tools/bin/../lib/gcc/arm-none-eabi/13.3.1/../../../../arm-none-eabi/lib/thumb/v7e-m+fp/hard\libc_nano.a(libc_a-strlen.o)
 .ARM.exidx     0x0800586c        0x0 C:/ST/STM32CubeIDE_1.18.0/STM32CubeIDE/plugins/com.st.stm32cube.ide.mcu.externaltools.gnu-tools-for-stm32.13.3.rel1.win32_1.0.0.202411081344/tools/bin/../lib/gcc/arm-none-eabi/13.3.1/../../../../arm-none-eabi/lib/thumb/v7e-m+fp/hard\libc_nano.a(libc_a-memchr.o)
                                  0x8 (size before relaxing)
 .ARM.exidx     0x0800586c        0x0 C:/ST/STM32CubeIDE_1.18.0/STM32CubeIDE/plugins/com.st.stm32cube.ide.mcu.externaltools.gnu-tools-for-stm32.13.3.rel1.win32_1.0.0.202411081344/tools/bin/../lib/gcc/arm-none-eabi/13.3.1/thumb/v7e-m+fp/hard\libgcc.a(_udivmoddi4.o)
                                  0x8 (size before relaxing)
                0x0800586c                        __exidx_end = .
                0x0800586c                        . = ALIGN (0x4)

.rel.dyn        0x0800586c        0x0
 .rel.iplt      0x0800586c        0x0 C:/ST/STM32CubeIDE_1.18.0/STM32CubeIDE/plugins/com.st.stm32cube.ide.mcu.externaltools.gnu-tools-for-stm32.13.3.rel1.win32_1.0.0.202411081344/tools/bin/../lib/gcc/arm-none-eabi/13.3.1/thumb/v7e-m+fp/hard/crtbegin.o

.preinit_array  0x0800586c        0x0
                0x0800586c                        . = ALIGN (0x4)
                0x0800586c                        PROVIDE (__preinit_array_start = .)
 *(.preinit_array*)
                0x0800586c                        PROVIDE (__preinit_array_end = .)
                0x0800586c                        . = ALIGN (0x4)

.init_array     0x0800586c        0x4
                0x0800586c                        . = ALIGN (0x4)
                0x0800586c                        PROVIDE (__init_array_start = .)
 *(SORT_BY_NAME(.init_array.*))
 *(.init_array*)
 .init_array    0x0800586c        0x4 C:/ST/STM32CubeIDE_1.18.0/STM32CubeIDE/plugins/com.st.stm32cube.ide.mcu.externaltools.gnu-tools-for-stm32.13.3.rel1.win32_1.0.0.202411081344/tools/bin/../lib/gcc/arm-none-eabi/13.3.1/thumb/v7e-m+fp/hard/crtbegin.o
                0x08005870                        PROVIDE (__init_array_end = .)
                0x08005870                        . = ALIGN (0x4)

.fini_array     0x08005870        0x4
                0x08005870                        . = ALIGN (0x4)
                [!provide]                        PROVIDE (__fini_array_start = .)
 *(SORT_BY_NAME(.fini_array.*))
 *(.fini_array*)
 .fini_array    0x08005870        0x4 C:/ST/STM32CubeIDE_1.18.0/STM32CubeIDE/plugins/com.st.stm32cube.ide.mcu.externaltools.gnu-tools-for-stm32.13.3.rel1.win32_1.0.0.202411081344/tools/bin/../lib/gcc/arm-none-eabi/13.3.1/thumb/v7e-m+fp/hard/crtbegin.o
                [!provide]                        PROVIDE (__fini_array_end = .)
                0x08005874                        . = ALIGN (0x4)
                0x08005874                        _sidata = LOADADDR (.data)

.data           0x20000000       0xd4 load address 0x08005874
                0x20000000                        . = ALIGN (0x4)
                0x20000000                        _sdata = .
 *(.data)
 *(.data*)
 .data.keyboard_user_config
                0x20000000       0x48 ./Core/Src/keyboard.o
                0x20000000                keyboard_user_config
 .data.SystemCoreClock
                0x20000048        0x4 ./Core/Src/system_stm32f4xx.o
                0x20000048                SystemCoreClock
 .data.string_desc_arr
                0x2000004c       0x18 ./Core/Src/usb_descriptors.o
                0x2000004c                string_desc_arr
 .data.uwTickFreq
                0x20000064        0x1 ./Drivers/STM32F4xx_HAL_Driver/Src/stm32f4xx_hal.o
                0x20000064                uwTickFreq
 *fill*         0x20000065        0x3 
 .data.uwTickPrio
                0x20000068        0x4 ./Drivers/STM32F4xx_HAL_Driver/Src/stm32f4xx_hal.o
                0x20000068                uwTickPrio
 .data._cdcd_cfg
                0x2000006c        0x1 ./tinyusb/src/class/cdc/cdc_device.o
 *fill*         0x2000006d        0x3 
 .data._usbd_qdef
                0x20000070       0x10 ./tinyusb/src/device/usbd.o
                0x20000070                _usbd_qdef
 .data._usbd_rhport
                0x20000080        0x1 ./tinyusb/src/device/usbd.o
 *fill*         0x20000081        0x3 
 .data._impure_ptr
                0x20000084        0x4 C:/ST/STM32CubeIDE_1.18.0/STM32CubeIDE/plugins/com.st.stm32cube.ide.mcu.externaltools.gnu-tools-for-stm32.13.3.rel1.win32_1.0.0.202411081344/tools/bin/../lib/gcc/arm-none-eabi/13.3.1/../../../../arm-none-eabi/lib/thumb/v7e-m+fp/hard\libc_nano.a(libc_a-impure.o)
                0x20000084                _impure_ptr
 .data._impure_data
                0x20000088       0x4c C:/ST/STM32CubeIDE_1.18.0/STM32CubeIDE/plugins/com.st.stm32cube.ide.mcu.externaltools.gnu-tools-for-stm32.13.3.rel1.win32_1.0.0.202411081344/tools/bin/../lib/gcc/arm-none-eabi/13.3.1/../../../../arm-none-eabi/lib/thumb/v7e-m+fp/hard\libc_nano.a(libc_a-impure.o)
                0x20000088                _impure_data
 *(.RamFunc)
 *(.RamFunc*)
                0x200000d4                        . = ALIGN (0x4)
                0x200000d4                        _edata = .

.igot.plt       0x200000d4        0x0 load address 0x08005948
 .igot.plt      0x200000d4        0x0 C:/ST/STM32CubeIDE_1.18.0/STM32CubeIDE/plugins/com.st.stm32cube.ide.mcu.externaltools.gnu-tools-for-stm32.13.3.rel1.win32_1.0.0.202411081344/tools/bin/../lib/gcc/arm-none-eabi/13.3.1/thumb/v7e-m+fp/hard/crtbegin.o
                0x200000d4                        . = ALIGN (0x4)

.bss            0x200000d4      0xd10 load address 0x08005948
                0x200000d4                        _sbss = .
                0x200000d4                        __bss_start__ = _sbss
 *(.bss)
 .bss           0x200000d4       0x1c C:/ST/STM32CubeIDE_1.18.0/STM32CubeIDE/plugins/com.st.stm32cube.ide.mcu.externaltools.gnu-tools-for-stm32.13.3.rel1.win32_1.0.0.202411081344/tools/bin/../lib/gcc/arm-none-eabi/13.3.1/thumb/v7e-m+fp/hard/crtbegin.o
 *(.bss*)
 .bss.consumer_report
                0x200000f0        0x1 ./Core/Src/hid.o
 .bss.keycodes  0x200000f1        0x6 ./Core/Src/hid.o
 .bss.modifiers
                0x200000f7        0x1 ./Core/Src/hid.o
 .bss.should_send_keyboard_report
                0x200000f8        0x1 ./Core/Src/hid.o
 .bss.should_send_consumer_report
                0x200000f9        0x1 ./Core/Src/hid.o
 .bss.key_triggered
                0x200000fa        0x1 ./Core/Src/keyboard.o
 *fill*         0x200000fb        0x1 
 .bss.keyboard_last_cycle_duration
                0x200000fc        0x4 ./Core/Src/keyboard.o
                0x200000fc                keyboard_last_cycle_duration
 .bss.keyboard_keys
                0x20000100      0x270 ./Core/Src/keyboard.o
                0x20000100                keyboard_keys
 .bss.second_counter
                0x20000370        0x4 ./Core/Src/main.o
 .bss.last_output_time
                0x20000374        0x4 ./Core/Src/main.o
 .bss.ADC_channel_Config
                0x20000378       0x10 ./Core/Src/main.o
                0x20000378                ADC_channel_Config
 .bss.hpcd_USB_OTG_FS
                0x20000388      0x4e4 ./Core/Src/main.o
                0x20000388                hpcd_USB_OTG_FS
 .bss.hi2c1     0x2000086c       0x54 ./Core/Src/main.o
                0x2000086c                hi2c1
 .bss.hadc1     0x200008c0       0x48 ./Core/Src/main.o
                0x200008c0                hadc1
 .bss.system_ticks
                0x20000908        0x4 ./Core/Src/stm32f4xx_it.o
                0x20000908                system_ticks
 .bss.__sbrk_heap_end
                0x2000090c        0x4 ./Core/Src/sysmem.o
 .bss._desc_str
                0x20000910       0x40 ./Core/Src/usb_descriptors.o
 .bss.uwTick    0x20000950        0x4 ./Drivers/STM32F4xx_HAL_Driver/Src/stm32f4xx_hal.o
                0x20000950                uwTick
 .bss._cdcd_epbuf
                0x20000954       0x80 ./tinyusb/src/class/cdc/cdc_device.o
 .bss._cdcd_itf
                0x200009d4       0xa8 ./tinyusb/src/class/cdc/cdc_device.o
 .bss._hidd_epbuf
                0x20000a7c       0x30 ./tinyusb/src/class/hid/hid_device.o
 .bss._hidd_itf
                0x20000aac        0xc ./tinyusb/src/class/hid/hid_device.o
 .bss._usbd_q   0x20000ab8        0x4 ./tinyusb/src/device/usbd.o
 .bss._usbd_qdef_buf
                0x20000abc       0xc0 ./tinyusb/src/device/usbd.o
                0x20000abc                _usbd_qdef_buf
 .bss._app_driver_count
                0x20000b7c        0x1 ./tinyusb/src/device/usbd.o
 *fill*         0x20000b7d        0x3 
 .bss._app_driver
                0x20000b80        0x4 ./tinyusb/src/device/usbd.o
 .bss._usbd_queued_setup
                0x20000b84        0x1 ./tinyusb/src/device/usbd.o
 .bss._usbd_dev
                0x20000b85       0x2c ./tinyusb/src/device/usbd.o
 *fill*         0x20000bb1        0x3 
 .bss._ctrl_epbuf
                0x20000bb4       0x40 ./tinyusb/src/device/usbd_control.o
 .bss._ctrl_xfer
                0x20000bf4       0x14 ./tinyusb/src/device/usbd_control.o
 .bss._dcd_usbbuf
                0x20000c08        0x8 ./tinyusb/src/portable/synopsys/dwc2/dcd_dwc2.o
 .bss._dcd_data
                0x20000c10        0x8 ./tinyusb/src/portable/synopsys/dwc2/dcd_dwc2.o
 .bss.xfer_status
                0x20000c18       0x80 ./tinyusb/src/portable/synopsys/dwc2/dcd_dwc2.o
 .bss._tusb_rhport_role
                0x20000c98        0x2 ./tinyusb/src/tusb.o
                0x20000c98                _tusb_rhport_role
 *fill*         0x20000c9a        0x2 
 .bss.__sf      0x20000c9c      0x138 C:/ST/STM32CubeIDE_1.18.0/STM32CubeIDE/plugins/com.st.stm32cube.ide.mcu.externaltools.gnu-tools-for-stm32.13.3.rel1.win32_1.0.0.202411081344/tools/bin/../lib/gcc/arm-none-eabi/13.3.1/../../../../arm-none-eabi/lib/thumb/v7e-m+fp/hard\libc_nano.a(libc_a-findfp.o)
                0x20000c9c                __sf
 .bss.errno     0x20000dd4        0x4 C:/ST/STM32CubeIDE_1.18.0/STM32CubeIDE/plugins/com.st.stm32cube.ide.mcu.externaltools.gnu-tools-for-stm32.13.3.rel1.win32_1.0.0.202411081344/tools/bin/../lib/gcc/arm-none-eabi/13.3.1/../../../../arm-none-eabi/lib/thumb/v7e-m+fp/hard\libc_nano.a(libc_a-reent.o)
                0x20000dd4                errno
 .bss.__lock___malloc_recursive_mutex
                0x20000dd8        0x1 C:/ST/STM32CubeIDE_1.18.0/STM32CubeIDE/plugins/com.st.stm32cube.ide.mcu.externaltools.gnu-tools-for-stm32.13.3.rel1.win32_1.0.0.202411081344/tools/bin/../lib/gcc/arm-none-eabi/13.3.1/../../../../arm-none-eabi/lib/thumb/v7e-m+fp/hard\libc_nano.a(libc_a-lock.o)
                0x20000dd8                __lock___malloc_recursive_mutex
 *fill*         0x20000dd9        0x3 
 .bss.__malloc_sbrk_start
                0x20000ddc        0x4 C:/ST/STM32CubeIDE_1.18.0/STM32CubeIDE/plugins/com.st.stm32cube.ide.mcu.externaltools.gnu-tools-for-stm32.13.3.rel1.win32_1.0.0.202411081344/tools/bin/../lib/gcc/arm-none-eabi/13.3.1/../../../../arm-none-eabi/lib/thumb/v7e-m+fp/hard\libc_nano.a(libc_a-mallocr.o)
                0x20000ddc                __malloc_sbrk_start
 .bss.__malloc_free_list
                0x20000de0        0x4 C:/ST/STM32CubeIDE_1.18.0/STM32CubeIDE/plugins/com.st.stm32cube.ide.mcu.externaltools.gnu-tools-for-stm32.13.3.rel1.win32_1.0.0.202411081344/tools/bin/../lib/gcc/arm-none-eabi/13.3.1/../../../../arm-none-eabi/lib/thumb/v7e-m+fp/hard\libc_nano.a(libc_a-mallocr.o)
                0x20000de0                __malloc_free_list
 *(COMMON)
                0x20000de4                        . = ALIGN (0x4)
                0x20000de4                        _ebss = .
                0x20000de4                        __bss_end__ = _ebss

._user_heap_stack
                0x20000de4      0x604 load address 0x08005948
                0x20000de8                        . = ALIGN (0x8)
 *fill*         0x20000de4        0x4 
                [!provide]                        PROVIDE (end = .)
                0x20000de8                        PROVIDE (_end = .)
                0x20000fe8                        . = (. + _Min_Heap_Size)
 *fill*         0x20000de8      0x200 
                0x200013e8                        . = (. + _Min_Stack_Size)
 *fill*         0x20000fe8      0x400 
                0x200013e8                        . = ALIGN (0x8)

/DISCARD/
 libc.a(*)
 libm.a(*)
 libgcc.a(*)

.ARM.attributes
                0x00000000       0x30
 *(.ARM.attributes)
 .ARM.attributes
                0x00000000       0x22 C:/ST/STM32CubeIDE_1.18.0/STM32CubeIDE/plugins/com.st.stm32cube.ide.mcu.externaltools.gnu-tools-for-stm32.13.3.rel1.win32_1.0.0.202411081344/tools/bin/../lib/gcc/arm-none-eabi/13.3.1/thumb/v7e-m+fp/hard/crti.o
 .ARM.attributes
                0x00000022       0x34 C:/ST/STM32CubeIDE_1.18.0/STM32CubeIDE/plugins/com.st.stm32cube.ide.mcu.externaltools.gnu-tools-for-stm32.13.3.rel1.win32_1.0.0.202411081344/tools/bin/../lib/gcc/arm-none-eabi/13.3.1/thumb/v7e-m+fp/hard/crtbegin.o
 .ARM.attributes
                0x00000056       0x34 ./Core/Src/config.o
 .ARM.attributes
                0x0000008a       0x34 ./Core/Src/hid.o
 .ARM.attributes
                0x000000be       0x34 ./Core/Src/keyboard.o
 .ARM.attributes
                0x000000f2       0x34 ./Core/Src/main.o
 .ARM.attributes
                0x00000126       0x34 ./Core/Src/stm32f4xx_hal_msp.o
 .ARM.attributes
                0x0000015a       0x34 ./Core/Src/stm32f4xx_it.o
 .ARM.attributes
                0x0000018e       0x34 ./Core/Src/sysmem.o
 .ARM.attributes
                0x000001c2       0x34 ./Core/Src/system_stm32f4xx.o
 .ARM.attributes
                0x000001f6       0x34 ./Core/Src/usb_descriptors.o
 .ARM.attributes
                0x0000022a       0x21 ./Core/Startup/startup_stm32f411ceux.o
 .ARM.attributes
                0x0000024b       0x34 ./Drivers/STM32F4xx_HAL_Driver/Src/stm32f4xx_hal.o
 .ARM.attributes
                0x0000027f       0x34 ./Drivers/STM32F4xx_HAL_Driver/Src/stm32f4xx_hal_adc.o
 .ARM.attributes
                0x000002b3       0x34 ./Drivers/STM32F4xx_HAL_Driver/Src/stm32f4xx_hal_cortex.o
 .ARM.attributes
                0x000002e7       0x34 ./Drivers/STM32F4xx_HAL_Driver/Src/stm32f4xx_hal_gpio.o
 .ARM.attributes
                0x0000031b       0x34 ./Drivers/STM32F4xx_HAL_Driver/Src/stm32f4xx_hal_i2c.o
 .ARM.attributes
                0x0000034f       0x34 ./Drivers/STM32F4xx_HAL_Driver/Src/stm32f4xx_hal_pcd.o
 .ARM.attributes
                0x00000383       0x34 ./Drivers/STM32F4xx_HAL_Driver/Src/stm32f4xx_hal_rcc.o
 .ARM.attributes
                0x000003b7       0x34 ./Drivers/STM32F4xx_HAL_Driver/Src/stm32f4xx_ll_usb.o
 .ARM.attributes
                0x000003eb       0x34 ./tinyusb/src/class/cdc/cdc_device.o
 .ARM.attributes
                0x0000041f       0x34 ./tinyusb/src/class/hid/hid_device.o
 .ARM.attributes
                0x00000453       0x34 ./tinyusb/src/common/tusb_fifo.o
 .ARM.attributes
                0x00000487       0x34 ./tinyusb/src/device/usbd.o
 .ARM.attributes
                0x000004bb       0x34 ./tinyusb/src/device/usbd_control.o
 .ARM.attributes
                0x000004ef       0x34 ./tinyusb/src/portable/synopsys/dwc2/dcd_dwc2.o
 .ARM.attributes
                0x00000523       0x34 ./tinyusb/src/portable/synopsys/dwc2/dwc2_common.o
 .ARM.attributes
                0x00000557       0x34 ./tinyusb/src/tusb.o
 .ARM.attributes
                0x0000058b       0x34 C:/ST/STM32CubeIDE_1.18.0/STM32CubeIDE/plugins/com.st.stm32cube.ide.mcu.externaltools.gnu-tools-for-stm32.13.3.rel1.win32_1.0.0.202411081344/tools/bin/../lib/gcc/arm-none-eabi/13.3.1/../../../../arm-none-eabi/lib/thumb/v7e-m+fp/hard\libc_nano.a(libc_a-findfp.o)
 .ARM.attributes
                0x000005bf       0x34 C:/ST/STM32CubeIDE_1.18.0/STM32CubeIDE/plugins/com.st.stm32cube.ide.mcu.externaltools.gnu-tools-for-stm32.13.3.rel1.win32_1.0.0.202411081344/tools/bin/../lib/gcc/arm-none-eabi/13.3.1/../../../../arm-none-eabi/lib/thumb/v7e-m+fp/hard\libc_nano.a(libc_a-snprintf.o)
 .ARM.attributes
                0x000005f3       0x34 C:/ST/STM32CubeIDE_1.18.0/STM32CubeIDE/plugins/com.st.stm32cube.ide.mcu.externaltools.gnu-tools-for-stm32.13.3.rel1.win32_1.0.0.202411081344/tools/bin/../lib/gcc/arm-none-eabi/13.3.1/../../../../arm-none-eabi/lib/thumb/v7e-m+fp/hard\libc_nano.a(libc_a-memset.o)
 .ARM.attributes
                0x00000627       0x34 C:/ST/STM32CubeIDE_1.18.0/STM32CubeIDE/plugins/com.st.stm32cube.ide.mcu.externaltools.gnu-tools-for-stm32.13.3.rel1.win32_1.0.0.202411081344/tools/bin/../lib/gcc/arm-none-eabi/13.3.1/../../../../arm-none-eabi/lib/thumb/v7e-m+fp/hard\libc_nano.a(libc_a-reent.o)
 .ARM.attributes
                0x0000065b       0x34 C:/ST/STM32CubeIDE_1.18.0/STM32CubeIDE/plugins/com.st.stm32cube.ide.mcu.externaltools.gnu-tools-for-stm32.13.3.rel1.win32_1.0.0.202411081344/tools/bin/../lib/gcc/arm-none-eabi/13.3.1/../../../../arm-none-eabi/lib/thumb/v7e-m+fp/hard\libc_nano.a(libc_a-impure.o)
 .ARM.attributes
                0x0000068f       0x34 C:/ST/STM32CubeIDE_1.18.0/STM32CubeIDE/plugins/com.st.stm32cube.ide.mcu.externaltools.gnu-tools-for-stm32.13.3.rel1.win32_1.0.0.202411081344/tools/bin/../lib/gcc/arm-none-eabi/13.3.1/../../../../arm-none-eabi/lib/thumb/v7e-m+fp/hard\libc_nano.a(libc_a-errno.o)
 .ARM.attributes
                0x000006c3       0x34 C:/ST/STM32CubeIDE_1.18.0/STM32CubeIDE/plugins/com.st.stm32cube.ide.mcu.externaltools.gnu-tools-for-stm32.13.3.rel1.win32_1.0.0.202411081344/tools/bin/../lib/gcc/arm-none-eabi/13.3.1/../../../../arm-none-eabi/lib/thumb/v7e-m+fp/hard\libc_nano.a(libc_a-init.o)
 .ARM.attributes
                0x000006f7       0x34 C:/ST/STM32CubeIDE_1.18.0/STM32CubeIDE/plugins/com.st.stm32cube.ide.mcu.externaltools.gnu-tools-for-stm32.13.3.rel1.win32_1.0.0.202411081344/tools/bin/../lib/gcc/arm-none-eabi/13.3.1/../../../../arm-none-eabi/lib/thumb/v7e-m+fp/hard\libc_nano.a(libc_a-lock.o)
 .ARM.attributes
                0x0000072b       0x34 C:/ST/STM32CubeIDE_1.18.0/STM32CubeIDE/plugins/com.st.stm32cube.ide.mcu.externaltools.gnu-tools-for-stm32.13.3.rel1.win32_1.0.0.202411081344/tools/bin/../lib/gcc/arm-none-eabi/13.3.1/../../../../arm-none-eabi/lib/thumb/v7e-m+fp/hard\libc_nano.a(libc_a-memcpy-stub.o)
 .ARM.attributes
                0x0000075f       0x17 C:/ST/STM32CubeIDE_1.18.0/STM32CubeIDE/plugins/com.st.stm32cube.ide.mcu.externaltools.gnu-tools-for-stm32.13.3.rel1.win32_1.0.0.202411081344/tools/bin/../lib/gcc/arm-none-eabi/13.3.1/../../../../arm-none-eabi/lib/thumb/v7e-m+fp/hard\libc_nano.a(libc_a-strlen.o)
 .ARM.attributes
                0x00000776       0x34 C:/ST/STM32CubeIDE_1.18.0/STM32CubeIDE/plugins/com.st.stm32cube.ide.mcu.externaltools.gnu-tools-for-stm32.13.3.rel1.win32_1.0.0.202411081344/tools/bin/../lib/gcc/arm-none-eabi/13.3.1/../../../../arm-none-eabi/lib/thumb/v7e-m+fp/hard\libc_nano.a(libc_a-freer.o)
 .ARM.attributes
                0x000007aa       0x34 C:/ST/STM32CubeIDE_1.18.0/STM32CubeIDE/plugins/com.st.stm32cube.ide.mcu.externaltools.gnu-tools-for-stm32.13.3.rel1.win32_1.0.0.202411081344/tools/bin/../lib/gcc/arm-none-eabi/13.3.1/../../../../arm-none-eabi/lib/thumb/v7e-m+fp/hard\libc_nano.a(libc_a-mallocr.o)
 .ARM.attributes
                0x000007de       0x34 C:/ST/STM32CubeIDE_1.18.0/STM32CubeIDE/plugins/com.st.stm32cube.ide.mcu.externaltools.gnu-tools-for-stm32.13.3.rel1.win32_1.0.0.202411081344/tools/bin/../lib/gcc/arm-none-eabi/13.3.1/../../../../arm-none-eabi/lib/thumb/v7e-m+fp/hard\libc_nano.a(libc_a-mlock.o)
 .ARM.attributes
                0x00000812       0x34 C:/ST/STM32CubeIDE_1.18.0/STM32CubeIDE/plugins/com.st.stm32cube.ide.mcu.externaltools.gnu-tools-for-stm32.13.3.rel1.win32_1.0.0.202411081344/tools/bin/../lib/gcc/arm-none-eabi/13.3.1/../../../../arm-none-eabi/lib/thumb/v7e-m+fp/hard\libc_nano.a(libc_a-nano-svfprintf.o)
 .ARM.attributes
                0x00000846       0x34 C:/ST/STM32CubeIDE_1.18.0/STM32CubeIDE/plugins/com.st.stm32cube.ide.mcu.externaltools.gnu-tools-for-stm32.13.3.rel1.win32_1.0.0.202411081344/tools/bin/../lib/gcc/arm-none-eabi/13.3.1/../../../../arm-none-eabi/lib/thumb/v7e-m+fp/hard\libc_nano.a(libc_a-nano-vfprintf_i.o)
 .ARM.attributes
                0x0000087a       0x34 C:/ST/STM32CubeIDE_1.18.0/STM32CubeIDE/plugins/com.st.stm32cube.ide.mcu.externaltools.gnu-tools-for-stm32.13.3.rel1.win32_1.0.0.202411081344/tools/bin/../lib/gcc/arm-none-eabi/13.3.1/../../../../arm-none-eabi/lib/thumb/v7e-m+fp/hard\libc_nano.a(libc_a-memmove.o)
 .ARM.attributes
                0x000008ae       0x34 C:/ST/STM32CubeIDE_1.18.0/STM32CubeIDE/plugins/com.st.stm32cube.ide.mcu.externaltools.gnu-tools-for-stm32.13.3.rel1.win32_1.0.0.202411081344/tools/bin/../lib/gcc/arm-none-eabi/13.3.1/../../../../arm-none-eabi/lib/thumb/v7e-m+fp/hard\libc_nano.a(libc_a-sbrkr.o)
 .ARM.attributes
                0x000008e2       0x1c C:/ST/STM32CubeIDE_1.18.0/STM32CubeIDE/plugins/com.st.stm32cube.ide.mcu.externaltools.gnu-tools-for-stm32.13.3.rel1.win32_1.0.0.202411081344/tools/bin/../lib/gcc/arm-none-eabi/13.3.1/../../../../arm-none-eabi/lib/thumb/v7e-m+fp/hard\libc_nano.a(libc_a-memchr.o)
 .ARM.attributes
                0x000008fe       0x34 C:/ST/STM32CubeIDE_1.18.0/STM32CubeIDE/plugins/com.st.stm32cube.ide.mcu.externaltools.gnu-tools-for-stm32.13.3.rel1.win32_1.0.0.202411081344/tools/bin/../lib/gcc/arm-none-eabi/13.3.1/../../../../arm-none-eabi/lib/thumb/v7e-m+fp/hard\libc_nano.a(libc_a-reallocr.o)
 .ARM.attributes
                0x00000932       0x34 C:/ST/STM32CubeIDE_1.18.0/STM32CubeIDE/plugins/com.st.stm32cube.ide.mcu.externaltools.gnu-tools-for-stm32.13.3.rel1.win32_1.0.0.202411081344/tools/bin/../lib/gcc/arm-none-eabi/13.3.1/../../../../arm-none-eabi/lib/thumb/v7e-m+fp/hard\libc_nano.a(libc_a-msizer.o)
 .ARM.attributes
                0x00000966       0x22 C:/ST/STM32CubeIDE_1.18.0/STM32CubeIDE/plugins/com.st.stm32cube.ide.mcu.externaltools.gnu-tools-for-stm32.13.3.rel1.win32_1.0.0.202411081344/tools/bin/../lib/gcc/arm-none-eabi/13.3.1/thumb/v7e-m+fp/hard\libgcc.a(_aeabi_uldivmod.o)
 .ARM.attributes
                0x00000988       0x34 C:/ST/STM32CubeIDE_1.18.0/STM32CubeIDE/plugins/com.st.stm32cube.ide.mcu.externaltools.gnu-tools-for-stm32.13.3.rel1.win32_1.0.0.202411081344/tools/bin/../lib/gcc/arm-none-eabi/13.3.1/thumb/v7e-m+fp/hard\libgcc.a(_udivmoddi4.o)
 .ARM.attributes
                0x000009bc       0x22 C:/ST/STM32CubeIDE_1.18.0/STM32CubeIDE/plugins/com.st.stm32cube.ide.mcu.externaltools.gnu-tools-for-stm32.13.3.rel1.win32_1.0.0.202411081344/tools/bin/../lib/gcc/arm-none-eabi/13.3.1/thumb/v7e-m+fp/hard\libgcc.a(_dvmd_tls.o)
 .ARM.attributes
                0x000009de       0x22 C:/ST/STM32CubeIDE_1.18.0/STM32CubeIDE/plugins/com.st.stm32cube.ide.mcu.externaltools.gnu-tools-for-stm32.13.3.rel1.win32_1.0.0.202411081344/tools/bin/../lib/gcc/arm-none-eabi/13.3.1/thumb/v7e-m+fp/hard/crtn.o
OUTPUT(macrolev.elf elf32-littlearm)
LOAD linker stubs
LOAD C:/ST/STM32CubeIDE_1.18.0/STM32CubeIDE/plugins/com.st.stm32cube.ide.mcu.externaltools.gnu-tools-for-stm32.13.3.rel1.win32_1.0.0.202411081344/tools/bin/../lib/gcc/arm-none-eabi/13.3.1/../../../../arm-none-eabi/lib/thumb/v7e-m+fp/hard\libc.a
LOAD C:/ST/STM32CubeIDE_1.18.0/STM32CubeIDE/plugins/com.st.stm32cube.ide.mcu.externaltools.gnu-tools-for-stm32.13.3.rel1.win32_1.0.0.202411081344/tools/bin/../lib/gcc/arm-none-eabi/13.3.1/../../../../arm-none-eabi/lib/thumb/v7e-m+fp/hard\libm.a
LOAD C:/ST/STM32CubeIDE_1.18.0/STM32CubeIDE/plugins/com.st.stm32cube.ide.mcu.externaltools.gnu-tools-for-stm32.13.3.rel1.win32_1.0.0.202411081344/tools/bin/../lib/gcc/arm-none-eabi/13.3.1/thumb/v7e-m+fp/hard\libgcc.a

.comment        0x00000000       0x43
 .comment       0x00000000       0x43 ./Core/Src/config.o
                                 0x44 (size before relaxing)
 .comment       0x00000043       0x44 ./Core/Src/hid.o
 .comment       0x00000043       0x44 ./Core/Src/keyboard.o
 .comment       0x00000043       0x44 ./Core/Src/main.o
 .comment       0x00000043       0x44 ./Core/Src/stm32f4xx_hal_msp.o
 .comment       0x00000043       0x44 ./Core/Src/stm32f4xx_it.o
 .comment       0x00000043       0x44 ./Core/Src/sysmem.o
 .comment       0x00000043       0x44 ./Core/Src/system_stm32f4xx.o
 .comment       0x00000043       0x44 ./Core/Src/usb_descriptors.o
 .comment       0x00000043       0x44 ./Drivers/STM32F4xx_HAL_Driver/Src/stm32f4xx_hal.o
 .comment       0x00000043       0x44 ./Drivers/STM32F4xx_HAL_Driver/Src/stm32f4xx_hal_adc.o
 .comment       0x00000043       0x44 ./Drivers/STM32F4xx_HAL_Driver/Src/stm32f4xx_hal_cortex.o
 .comment       0x00000043       0x44 ./Drivers/STM32F4xx_HAL_Driver/Src/stm32f4xx_hal_gpio.o
 .comment       0x00000043       0x44 ./Drivers/STM32F4xx_HAL_Driver/Src/stm32f4xx_hal_i2c.o
 .comment       0x00000043       0x44 ./Drivers/STM32F4xx_HAL_Driver/Src/stm32f4xx_hal_pcd.o
 .comment       0x00000043       0x44 ./Drivers/STM32F4xx_HAL_Driver/Src/stm32f4xx_hal_rcc.o
 .comment       0x00000043       0x44 ./Drivers/STM32F4xx_HAL_Driver/Src/stm32f4xx_ll_usb.o
 .comment       0x00000043       0x44 ./tinyusb/src/class/cdc/cdc_device.o
 .comment       0x00000043       0x44 ./tinyusb/src/class/hid/hid_device.o
 .comment       0x00000043       0x44 ./tinyusb/src/common/tusb_fifo.o
 .comment       0x00000043       0x44 ./tinyusb/src/device/usbd.o
 .comment       0x00000043       0x44 ./tinyusb/src/device/usbd_control.o
 .comment       0x00000043       0x44 ./tinyusb/src/portable/synopsys/dwc2/dcd_dwc2.o
 .comment       0x00000043       0x44 ./tinyusb/src/portable/synopsys/dwc2/dwc2_common.o
 .comment       0x00000043       0x44 ./tinyusb/src/tusb.o

.debug_frame    0x00000000      0x5f4
 .debug_frame   0x00000000      0x144 C:/ST/STM32CubeIDE_1.18.0/STM32CubeIDE/plugins/com.st.stm32cube.ide.mcu.externaltools.gnu-tools-for-stm32.13.3.rel1.win32_1.0.0.202411081344/tools/bin/../lib/gcc/arm-none-eabi/13.3.1/../../../../arm-none-eabi/lib/thumb/v7e-m+fp/hard\libc_nano.a(libc_a-findfp.o)
 .debug_frame   0x00000144       0x7c C:/ST/STM32CubeIDE_1.18.0/STM32CubeIDE/plugins/com.st.stm32cube.ide.mcu.externaltools.gnu-tools-for-stm32.13.3.rel1.win32_1.0.0.202411081344/tools/bin/../lib/gcc/arm-none-eabi/13.3.1/../../../../arm-none-eabi/lib/thumb/v7e-m+fp/hard\libc_nano.a(libc_a-snprintf.o)
 .debug_frame   0x000001c0       0x20 C:/ST/STM32CubeIDE_1.18.0/STM32CubeIDE/plugins/com.st.stm32cube.ide.mcu.externaltools.gnu-tools-for-stm32.13.3.rel1.win32_1.0.0.202411081344/tools/bin/../lib/gcc/arm-none-eabi/13.3.1/../../../../arm-none-eabi/lib/thumb/v7e-m+fp/hard\libc_nano.a(libc_a-memset.o)
 .debug_frame   0x000001e0       0x38 C:/ST/STM32CubeIDE_1.18.0/STM32CubeIDE/plugins/com.st.stm32cube.ide.mcu.externaltools.gnu-tools-for-stm32.13.3.rel1.win32_1.0.0.202411081344/tools/bin/../lib/gcc/arm-none-eabi/13.3.1/../../../../arm-none-eabi/lib/thumb/v7e-m+fp/hard\libc_nano.a(libc_a-reent.o)
 .debug_frame   0x00000218       0x20 C:/ST/STM32CubeIDE_1.18.0/STM32CubeIDE/plugins/com.st.stm32cube.ide.mcu.externaltools.gnu-tools-for-stm32.13.3.rel1.win32_1.0.0.202411081344/tools/bin/../lib/gcc/arm-none-eabi/13.3.1/../../../../arm-none-eabi/lib/thumb/v7e-m+fp/hard\libc_nano.a(libc_a-errno.o)
 .debug_frame   0x00000238       0x2c C:/ST/STM32CubeIDE_1.18.0/STM32CubeIDE/plugins/com.st.stm32cube.ide.mcu.externaltools.gnu-tools-for-stm32.13.3.rel1.win32_1.0.0.202411081344/tools/bin/../lib/gcc/arm-none-eabi/13.3.1/../../../../arm-none-eabi/lib/thumb/v7e-m+fp/hard\libc_nano.a(libc_a-init.o)
 .debug_frame   0x00000264       0xb0 C:/ST/STM32CubeIDE_1.18.0/STM32CubeIDE/plugins/com.st.stm32cube.ide.mcu.externaltools.gnu-tools-for-stm32.13.3.rel1.win32_1.0.0.202411081344/tools/bin/../lib/gcc/arm-none-eabi/13.3.1/../../../../arm-none-eabi/lib/thumb/v7e-m+fp/hard\libc_nano.a(libc_a-lock.o)
 .debug_frame   0x00000314       0x28 C:/ST/STM32CubeIDE_1.18.0/STM32CubeIDE/plugins/com.st.stm32cube.ide.mcu.externaltools.gnu-tools-for-stm32.13.3.rel1.win32_1.0.0.202411081344/tools/bin/../lib/gcc/arm-none-eabi/13.3.1/../../../../arm-none-eabi/lib/thumb/v7e-m+fp/hard\libc_nano.a(libc_a-memcpy-stub.o)
 .debug_frame   0x0000033c       0x38 C:/ST/STM32CubeIDE_1.18.0/STM32CubeIDE/plugins/com.st.stm32cube.ide.mcu.externaltools.gnu-tools-for-stm32.13.3.rel1.win32_1.0.0.202411081344/tools/bin/../lib/gcc/arm-none-eabi/13.3.1/../../../../arm-none-eabi/lib/thumb/v7e-m+fp/hard\libc_nano.a(libc_a-freer.o)
 .debug_frame   0x00000374       0x50 C:/ST/STM32CubeIDE_1.18.0/STM32CubeIDE/plugins/com.st.stm32cube.ide.mcu.externaltools.gnu-tools-for-stm32.13.3.rel1.win32_1.0.0.202411081344/tools/bin/../lib/gcc/arm-none-eabi/13.3.1/../../../../arm-none-eabi/lib/thumb/v7e-m+fp/hard\libc_nano.a(libc_a-mallocr.o)
 .debug_frame   0x000003c4       0x30 C:/ST/STM32CubeIDE_1.18.0/STM32CubeIDE/plugins/com.st.stm32cube.ide.mcu.externaltools.gnu-tools-for-stm32.13.3.rel1.win32_1.0.0.202411081344/tools/bin/../lib/gcc/arm-none-eabi/13.3.1/../../../../arm-none-eabi/lib/thumb/v7e-m+fp/hard\libc_nano.a(libc_a-mlock.o)
 .debug_frame   0x000003f4       0x90 C:/ST/STM32CubeIDE_1.18.0/STM32CubeIDE/plugins/com.st.stm32cube.ide.mcu.externaltools.gnu-tools-for-stm32.13.3.rel1.win32_1.0.0.202411081344/tools/bin/../lib/gcc/arm-none-eabi/13.3.1/../../../../arm-none-eabi/lib/thumb/v7e-m+fp/hard\libc_nano.a(libc_a-nano-svfprintf.o)
 .debug_frame   0x00000484       0x60 C:/ST/STM32CubeIDE_1.18.0/STM32CubeIDE/plugins/com.st.stm32cube.ide.mcu.externaltools.gnu-tools-for-stm32.13.3.rel1.win32_1.0.0.202411081344/tools/bin/../lib/gcc/arm-none-eabi/13.3.1/../../../../arm-none-eabi/lib/thumb/v7e-m+fp/hard\libc_nano.a(libc_a-nano-vfprintf_i.o)
 .debug_frame   0x000004e4       0x28 C:/ST/STM32CubeIDE_1.18.0/STM32CubeIDE/plugins/com.st.stm32cube.ide.mcu.externaltools.gnu-tools-for-stm32.13.3.rel1.win32_1.0.0.202411081344/tools/bin/../lib/gcc/arm-none-eabi/13.3.1/../../../../arm-none-eabi/lib/thumb/v7e-m+fp/hard\libc_nano.a(libc_a-memmove.o)
 .debug_frame   0x0000050c       0x2c C:/ST/STM32CubeIDE_1.18.0/STM32CubeIDE/plugins/com.st.stm32cube.ide.mcu.externaltools.gnu-tools-for-stm32.13.3.rel1.win32_1.0.0.202411081344/tools/bin/../lib/gcc/arm-none-eabi/13.3.1/../../../../arm-none-eabi/lib/thumb/v7e-m+fp/hard\libc_nano.a(libc_a-sbrkr.o)
 .debug_frame   0x00000538       0x3c C:/ST/STM32CubeIDE_1.18.0/STM32CubeIDE/plugins/com.st.stm32cube.ide.mcu.externaltools.gnu-tools-for-stm32.13.3.rel1.win32_1.0.0.202411081344/tools/bin/../lib/gcc/arm-none-eabi/13.3.1/../../../../arm-none-eabi/lib/thumb/v7e-m+fp/hard\libc_nano.a(libc_a-reallocr.o)
 .debug_frame   0x00000574       0x20 C:/ST/STM32CubeIDE_1.18.0/STM32CubeIDE/plugins/com.st.stm32cube.ide.mcu.externaltools.gnu-tools-for-stm32.13.3.rel1.win32_1.0.0.202411081344/tools/bin/../lib/gcc/arm-none-eabi/13.3.1/../../../../arm-none-eabi/lib/thumb/v7e-m+fp/hard\libc_nano.a(libc_a-msizer.o)
 .debug_frame   0x00000594       0x2c C:/ST/STM32CubeIDE_1.18.0/STM32CubeIDE/plugins/com.st.stm32cube.ide.mcu.externaltools.gnu-tools-for-stm32.13.3.rel1.win32_1.0.0.202411081344/tools/bin/../lib/gcc/arm-none-eabi/13.3.1/thumb/v7e-m+fp/hard\libgcc.a(_aeabi_uldivmod.o)
 .debug_frame   0x000005c0       0x34 C:/ST/STM32CubeIDE_1.18.0/STM32CubeIDE/plugins/com.st.stm32cube.ide.mcu.externaltools.gnu-tools-for-stm32.13.3.rel1.win32_1.0.0.202411081344/tools/bin/../lib/gcc/arm-none-eabi/13.3.1/thumb/v7e-m+fp/hard\libgcc.a(_udivmoddi4.o)
