../tinyusb/src/class/cdc/cdc_device.c:87:13:_prep_out_transaction.isra	24	static
../tinyusb/src/class/cdc/cdc_device.c:122:6:tud_cdc_configure	0	static
../tinyusb/src/class/cdc/cdc_device.c:128:6:tud_cdc_n_ready	8	static
../tinyusb/src/class/cdc/cdc_device.c:132:6:tud_cdc_n_connected	8	static
../tinyusb/src/class/cdc/cdc_device.c:137:9:tud_cdc_n_get_line_state	0	static
../tinyusb/src/class/cdc/cdc_device.c:141:6:tud_cdc_n_get_line_coding	0	static
../tinyusb/src/class/cdc/cdc_device.c:145:6:tud_cdc_n_set_wanted_char	0	static
../tinyusb/src/class/cdc/cdc_device.c:152:10:tud_cdc_n_available	8	static
../tinyusb/src/class/cdc/cdc_device.c:156:10:tud_cdc_n_read	16	static
../tinyusb/src/class/cdc/cdc_device.c:163:6:tud_cdc_n_peek	0	static
../tinyusb/src/class/cdc/cdc_device.c:167:6:tud_cdc_n_read_flush	8	static
../tinyusb/src/class/cdc/cdc_device.c:192:10:tud_cdc_n_write_flush	24	static,ignoring_inline_asm
../tinyusb/src/class/cdc/cdc_device.c:176:10:tud_cdc_n_write	16	static
../tinyusb/src/class/cdc/cdc_device.c:223:10:tud_cdc_n_write_available	8	static
../tinyusb/src/class/cdc/cdc_device.c:227:6:tud_cdc_n_write_clear	0	static
../tinyusb/src/class/cdc/cdc_device.c:234:6:cdcd_init	16	static
../tinyusb/src/class/cdc/cdc_device.c:266:6:cdcd_deinit	0	static
../tinyusb/src/class/cdc/cdc_device.c:288:6:cdcd_reset	8	static
../tinyusb/src/class/cdc/cdc_device.c:305:10:cdcd_open	32	static,ignoring_inline_asm
../tinyusb/src/class/cdc/cdc_device.c:366:6:cdcd_control_xfer_cb	16	static
../tinyusb/src/class/cdc/cdc_device.c:449:6:cdcd_xfer_cb	32	static,ignoring_inline_asm
